type octile
height 49
width 49
map
TTTTTTTTTTTTTTTTTTTTTTTTT@@@@@@@@@@@@@@@@@@@@@@@@
TTTTTTTTTTTTTTTTTTTTTTTTT@@@@@@@@@@@@@@@@@@@@@@@@
TTTTTT.TT....TTTTTTTTTTTT@@@@@@@@@@@@@@@@@@@@@@@@
TTTTT..............TTTTTT@@@@@@@@@@@@@@@@@@@@@@@@
TTTTT................TTTT@@@@@@@@@@@@@@@@@@@@@@@@
TTTTT..................TT@@@@@@@@@@@@@@@@@@@@@@@@
TTTTT.................TTT@@@@@@@@@@@@@@@@@@@@@@@@
TTTT...................TT@@@@@@@@@@@@@@@@@@@@@@@@
T.............TT.......TT@@@@@@@@@@@@@@@@@@@@@@@@
T........TTT..TT.......TT@@@@@@@@@@@@@@@@@@@@@@@@
T........TTTTTTT.......TT@@@@@@@@@@@@@@@@@@@@@@@@
TTTTTTTTTTTTTTTTTTT..TTTT@@@@@@@@@@@@@@@@@@@@@@@@
TTTTTTTTTTTTTTTTTTT..TTTT@@@@@@@@@@@@@@@@@@@@@@@@
TTTTTTTTTTTTTTTTTTT...TTT@@@@@@@@@@@@@@@@@@@@@@@@
TTTTTTTTTT.............TT@@@@@@@@@@@@@@@@@@@@@@@@
TTTTTTTTTT.............TT@@@@@@@@@@@@@@@@@@@@@@@@
TTTTTTTTTT.............TT@@@@@@@@@@@@@@@@@@@@@@@@
TTTTTTTTTT.............TT@@@@@@@@@@@@@@@@@@@@@@@@
TTTTTTTTT..............TT@@@@@@@@@@@@@@@@@@@@@@@@
TTTTTTTTT..............TT@@@@@@@@@@@@@@@@@@@@@@@@
TTTTTTTTT.......TTT....TT@@@@@@@@@@@@@@@@@@@@@@@@
TTT...TT........TTT....TT@@@@@@@@@@@@@@@@@@@@@@@@
TTT.............TTT....TT@@@@@@@@@@@@@@@@@@@@@@@@
TTT.............TTTTTTTTT@@@@@@@@@@@@@@@@@@@@@@@@
TTTTT...........TTTTTTTTTTTTTTTTTT@@@@@@@@@@@@@@@
TTTTTT..........TTTTTTTTTTTTTTTTTTT@@@@@@@@@@@@@@
TTTTTT..........TTTTTTTTTTTTT...TTTT@@@@@@@@@@@@@
TTTTTTTTT................TTTT....TTTT@@@@@@@@@@@@
TTTTTTTTTT.......................TTTTTTTT@@@@@@@@
TTTTTTTTTT.......................TTTTTTTT@@@@@@@@
TTTTTT.TTT.........................TTTTTT@@@@@@@@
T......TTT.........TTT.TT..........TTTTTT@@@@@@@@
...................TTTTTTT.........TTTTTTT.......
...................TTTTTT..........TTTTTTT.......
T......TT..........................TTTTTTT.......
T..TTTTTT..........................TTTTTTT.......
TTTTTTTTT..........................TTTTTTTTTT....
TTTTTTTTT..........................TTTTTTTTTT....
@@@@@@@@T.......TT..TT..TTTTTT....TTTTTTTTTT.....
@@@@@@@@T..TTTTTTTTTTTTTTTTTTTTTT..........T.....
@@@@@@@@T..TTTTTTTTTTTTTTTTTTTTTT................
@@@@@@@@T..TTTTTTTTTTTTTTTTTTTTTT................
@@@@@@@@T..TTTTTTTTTTTTTTTTTTTTTT.TTTTTTTTTT.....
@@@@@@@@T..TTTTTTTTTTTTTTTTTTTTTT.TTTTTTTTTT.....
@@@@@@@@TTTTTTTTTTTTTTTTTTTTTTTTTTTTTTTTTTTTT....
@@@@@@@@TTTTTTTTTTTTTTTTTTTTTTTTTTTTTTTTTTTTT....
@@@@@@@@.........................................
@@@@@@@@.........................................
@@@@@@@@.........................................
