type octile
height 84
width 84
map
@@@@@@@@@@@@@@@@@@@@@@@@@@@@@@@@@@@@@@@@TTTT@@@@@@@@@@@@@@@@@@@@@@@@@@@@@@@@@@@@@@@@
@@@@@@@@@@@@@@@@@@@@@@@@@@@@@@@@@@@@TTTTT.TTTTTT@@@@@@@@@@@@@@@@@@@@@@@@@@@@@@@@@@@@
@@@@@@@@@@@@@@@@@@@@@@@@@@@@@@@@TTTTT..........TTTTT@@@@@@@@@@@@@@@@@@@@@@@@@@@@@@@@
@@@@@@@@@@@@@@@@@@@@@@@@@@@@TTTTTT................TTTTT@@@@@@@@@@@@@@@@@@@@@@@@@@@@@
@@@@@@@@@@@@@@@@@@@@@@@@TTTTTTTTT.................TTTTTTTTT@@@@@@@@@@@@@@@@@@@@@@@@@
@@@@@@@@@@@@@@@@@@@@@TTTTT...............................TTTTT@@@@@@@@@@@@@@@@@@@@@@
@@@@@@@@@@@@@@@@@@@@TTT.....................................TTTT@@@@@@@@@@@@@@@@@@@@
@@@@@@@@@@@@@@@@@@@TT..........................................TT@@@@@@@@@@@@@@@@@@@
@@@@@@@@@@@@@@@@@@TT..........................TT................TT@@@@@@@@@@@@@@@@@@
@@@@@@@@@@@@@@@@@TT..........................TTT.................TT@@@@@@@@@@@@@@@@@
@@@@@@@@@@@@@@@@TT...........................TTT..................TT@@@@@@@@@@@@@@@@
@@@@@@@@@@@@@@@TT..................................................TT@@@@@@@@@@@@@@@
@@@@@@@@@@@@@@TT....................................................TT@@@@@@@@@@@@@@
@@@@@@@@@@@@@TTTT..............TTT..................................TTT@@@@@@@@@@@@@
@@@@@@@@@@@@TTTT...............TTT..................................TTTT@@@@@@@@@@@@
@@@@@@@@@@@TTTT................TTT...................................TTTT@@@@@@@@@@@
@@@@@@@@@@TT............................................................TT@@@@@@@@@@
@@@@@@@@@TTT.............................................................TT@@@@@@@@@
@@@@@@@@TTT..............................................................TTT@@@@@@@@
@@@@@@@TTT................................................................TTT@@@@@@@
@@@@@@TTT..................................................................TTT@@@@@@
@@@@@TTT....................................................................TT@@@@@@
@@@@@TT......................................................................TT@@@@@
@@@@@TT...................................................................TTTTT@@@@@
@@@@@TT...................................................................TTT.T@@@@@
@@@@TT....................................................................TTT.T@@@@@
@@@@TT........................................................................TT@@@@
@@@@TT........................................................................TT@@@@
@@@@T..........................................................................T@@@@
@@@TT................................................................TT........TT@@@
@@@TTT...............................................................TTTTT.....TT@@@
@@@TTT.................................................................TTTTT...TT@@@
@@TTT.....................................................................TTT..TT@@@
@@TTT.......................................................................TTTTTT@@
@@TT.........................................................................TTTTT@@
@@T...........................................................................TTTT@@
@TT............................................................................TTT@@
@TT.................................................................T..........TTTT@
@TT................................................................TTTT.........TTT@
TT...................................................................TTTT.......TTT@
TT.......................................TTT...........................TT........TTT
TT.......................................TTT............................TT.......TTT
TT.......................................TTT.............................T........TT
TT.......................................................................T........T@
@T.......................................................................T........T@
@TT......................................................................TTT.....TT@
@TT......................................................................TTTTTTT.TT@
@TT..........................................................................TTTTT@@
@@T.............................................................................TT@@
@@TT............................................................................TT@@
@@TTT.........................................................................TTTT@@
@@@TT.........................................................................TTT@@@
@@@TTT........................................................................TTT@@@
@@@TTT........................................................................TTT@@@
@@@TT..........................................................................T@@@@
@@@@T.........................................................................TT@@@@
@@@@TT........................................................................TT@@@@
@@@@TT........................................................................TT@@@@
@@@@TT.......................................................................TT@@@@@
@@@@@TT......................................................................TT@@@@@
@@@@@TT......TT..............................................................TT@@@@@
@@@@@TT......TTT............................................................TTT@@@@@
@@@@@TTT.....TTT............................................................TT@@@@@@
@@@@@@TTT....TT............................................................TT@@@@@@@
@@@@@@@TTT................................................................TT@@@@@@@@
@@@@@@@@TTT..............................................................TT@@@@@@@@@
@@@@@@@@@TTT............................................................TT@@@@@@@@@@
@@@@@@@@@@TTT..........................................................TT@@@@@@@@@@@
@@@@@@@@@@@TTTT......................................................TTT@@@@@@@@@@@@
@@@@@@@@@@@@TTTT....................................................TTT@@@@@@@@@@@@@
@@@@@@@@@@@@@TTT...........................................TT......TTT@@@@@@@@@@@@@@
@@@@@@@@@@@@@@TT...........................................TTT.....TT@@@@@@@@@@@@@@@
@@@@@@@@@@@@@@@TT..........................................TTT....TT@@@@@@@@@@@@@@@@
@@@@@@@@@@@@@@@@TTT..............................................TT@@@@@@@@@@@@@@@@@
@@@@@@@@@@@@@@@@@TTT............................................TT@@@@@@@@@@@@@@@@@@
@@@@@@@@@@@@@@@@@@TTT..........................................TT@@@@@@@@@@@@@@@@@@@
@@@@@@@@@@@@@@@@@@@TTT........................................TT@@@@@@@@@@@@@@@@@@@@
@@@@@@@@@@@@@@@@@@@@TTTT...................................TTTT@@@@@@@@@@@@@@@@@@@@@
@@@@@@@@@@@@@@@@@@@@@@@TTTTT..T......................T..TTTTTT@@@@@@@@@@@@@@@@@@@@@@
@@@@@@@@@@@@@@@@@@@@@@@@@@TTTTTTTT................TTTTTTTT@@@@@@@@@@@@@@@@@@@@@@@@@@
@@@@@@@@@@@@@@@@@@@@@@@@@@@@@@TTTT...............TTTTT@@@@@@@@@@@@@@@@@@@@@@@@@@@@@@
@@@@@@@@@@@@@@@@@@@@@@@@@@@@@@@@@@TTTTT......TTTTT@@@@@@@@@@@@@@@@@@@@@@@@@@@@@@@@@@
@@@@@@@@@@@@@@@@@@@@@@@@@@@@@@@@@@@@@TTTTTTTTT@@@@@@@@@@@@@@@@@@@@@@@@@@@@@@@@@@@@@@
@@@@@@@@@@@@@@@@@@@@@@@@@@@@@@@@@@@@@@@@@T@@@@@@@@@@@@@@@@@@@@@@@@@@@@@@@@@@@@@@@@@@
