type octile
height 194
width 194
map
@@@@@@@@@@@@@@@@@@@@@@@@@@@@@@@@@@@@@@@@@@@@@@@@@@@@@@@@@@@@@@@@@@@@@@@TTTTTTTTTTTTTTTTTTTTTTTTTTTTTTTTTTTTTTTTTTTTTTTTTTTT@@@@@@@@@@@@@@@@@@@@@@@@@@@@@@@@@@@@@@@@@@@@@@@@@@@@@@@@@@@@@@@@@@@@@@@
@@@@@@@@@@@@@@@@@@@@@@@@@@@@@@@@@@@@@@@@@@@@@@@@@@@@@@@@@@@@@@@@@@@@@TTTTTTTT@@@@@@@@@@@@@@@@TTTTTTTT@@@@@@@@@@@@@@@@TTTTTTTT@@@@@@@@@@@@@@@@@@@@@@@@@@@@@@@@@@@@@@@@@@@@@@@@@@@@@@@@@@@@@@@@@@@@@
@@@@@@@@@@@@@@@@@@@@@@@@@@@@@@@@@@@@@@@@@@@@@@@@@@@@@@@@@@@@@@@@@@@TTTT@@TT@@@@@@@@@@@@@@@@@@TTTTTTTT@@@@@@@@@@@@@@@@@@TT@@@TTT@@@@@@@@@@@@@@@@@@@@@@@@@@@@@@@@@@@@@@@@@@@@@@@@@@@@@@@@@@@@@@@@@@@
@@@@@@@@@@@@@@@@@@@@@@@@@@@@@@@@@@@@@@@@@@@@@@@@@@@@@@@@@@@@@@@@@@TTTTT@@@@@@@@@@@@@@@@@@@@@@TTTTTTTT@@@@@@@@@@@@@@@@@@@@@@TTTTT@@@@@@@@@@@@@@@@@@@@@@@@@@@@@@@@@@@@@@@@@@@@@@@@@@@@@@@@@@@@@@@@@@
@@@@@@@@@@@@@@@@@@@@@@@@@@@@@@@@@@@@@@@@@@@@@@@@@@@@@@@@@@@@@@@@TT@@@TT@@@@@@@@@@@@@@@@@@@@@@@@@@@@@@@@@@@@@@@@@@@@@@@@@@@@@TT@@@T@@@@@@@@@@@@@@@@@@@@@@@@@@@@@@@@@@@@@@@@@@@@@@@@@@@@@@@@@@@@@@@@
@@@@@@@@@@@@@@@@@@@@@@@@@@@@@@@@@@@@@@@@@@@@@@@@@@@@@@@@@@@@@@TT@@@@@@@@@@@@@@@@@@@@@@@@@@@@@@@@@@@@@@@@@@@@@@@@@@@@@@@@@@@@@@@@@@@T@@@@@@@@@@@@@@@@@@@@@@@@@@@@@@@@@@@@@@@@@@@@@@@@@@@@@@@@@@@@@@
@@@@@@@@@@@@@@@@@@@@@@@@@@@@@@@@@@@@@@@@@@@@@@@@@@@@@@@@@@@@TT@@@@@@@@@@@@@@@@@@@@@@@@@@@@@@@@@@@@@@@@@@@@@@@@@@@@@@@@@@@@@@@@@@@@@@TT@@@@@@@@@@@@@@@@@@@@@@@@@@@@@@@@@@@@@@@@@@@@@@@@@@@@@@@@@@@@
@@@@@@@@@@@@@@@@@@@@@@@@@@@@@@@@@@@@@@@@@@@@@@@@@@@@@@@@@@@T@@@@@@@@@@@@@@@@@@@@@@@@@@@@@@@@@@@@@@@@@@@@@@@@@@@@@@@@@@@@@@@@@@@@@@@@@@T@@@@@@@@@@@@@@@@@@@@@@@@@@@@@@@@@@@@@@@@@@@@@@@@@@@@@@@@@@@
@@@@@@@@@@@@@@@@@@@@@@@@@@@@@@@@@@@@@@@@@@@@@@@@@@@@@@@@@TT@@@@@@@@@@@@@@@@@@@@@@@@@@@@@@@@@@@@@@@@@@@@@@@@@@@@@@@@@@@@@@@@@@@@@@@@@@@@@T@@@@@@@@@@@@@@@@@@@@@@@@@@@@@@@@@@@@@@@@@@@@@@@@@@@@@@@@@
@@@@@@@@@@@@@@@@@@@@@@@@@@@@@@@@@@@@@@@@@@@@@@@@@@@@@@@TT@@@@@@@@@@@@@@@@@@@@@@@@@@@@@@@@@@@@@@@@@@@@@@@@@@@@@@@@@@@@@@@@@@@@@@@@@@@@@@@@TT@@@@@@@@@@@@@@@@@@@@@@@@@@@@@@@@@@@@@@@@@@@@@@@@@@@@@@@
@@@@@@@@@@@@@@@@@@@@@@@@@@@@@@@@@@@@@@@@@@@@@@@@@@@@@@T@@@@@@@@@@@@@@@@@@@@@@@@@@@@@@@@@@@@@@@@@@@@@@@@@@@@@@@@@@@@@@@@@@@@@@@@@@@@@@@@@@@@T@@@@@@@@@@@@@@@@@@@@@@@@@@@@@@@@@@@@@@@@@@@@@@@@@@@@@@
@@@@@@@@@@@@@@@@@@@@@@@@@@@@@@@@@@@@@@@@@@@@@@@@@@@@T@@@@@@@@@@@@@@@@@@@@@@@@@@@@@@@@@@@@@@@@@@@@@@@@@@@@@@@@@@@@@@@@@@@@@@@@@@@@@@@@@@@@@@@@T@@@@@@@@@@@@@@@@@@@@@@@@@@@@@@@@@@@@@@@@@@@@@@@@@@@@
@@@@@@@@@@@@@@@@@@@@@@@@@@@@@@@@@@@@@@@@@@@@@@@@@@TTT@@@@@@@@@@@@@@@@@@@@@@@@@@@@@@@@@@@@@@@@@@@@@@@@@@@@@@@@@@@@@@@@@@@@@@@@@@@@@@@@@@@@@@@@@TT@@@@@@@@@@@@@@@@@@@@@@@@@@@@@@@@@@@@@@@@@@@@@@@@@@
@@@@@@@@@@@@@@@@@@@@@@@@@@@@@@@@@@@@@@@@@@@@@@@@TTTTT@@@@@@@@@@@@@@@@@@@@@@@@@@@@@@@@@@@@@@@@@@@@@@@@@@@@@@@@@@@@@@@@@@@@@@@@@@@@@@@@@@@@@@@@TTTTT@@@@@@@@@@@@@@@@@@@@@@@@@@@@@@@@@@@@@@@@@@@@@@@@
@@@@@@@@@@@@@@@@@@@@@@@@@@@@@@@@@@@@@@@@@@@@@@@TTTTTTT@@@@@@@@@@@@@@@@@@@@@@@@@@@@@@@@@@@@@@@@@@@@@@@@@@@@@@@@@@@@@@@@@@@@@@@@@@@@@@@@@@@@@@@TTTTTT@@@@@@@@@@@@@@@@@@@@@@@@@@@@@@@@@@@@@@@@@@@@@@@
@@@@@@@@@@@@@@@@@@@@@@@@@@@@@@@@@@@@@@@@@@@@@TTTTTTTT@@@@@@@@@@@@@@@@@@@@@@@@@@@@@@@@@@@@@@@@@@@@@@@@@@@@@@@@@@@@@@@@@@@@@@@@@@@@@@@@@@@@@@@@TTTTTTTT@@@@@@@@@@@@@@@@@@@@@@@@@@@@@@@@@@@@@@@@@@@@@
@@@@@@@@@@@@@@@@@@@@@@@@@@@@@@@@@@@@@@@@@@@TT@TTTTT@@@@@@@@@@@@@@@@@@@@@@@@@@@@@@@@@@@@@@@@@@@@@@@@@@@@@@@@@@@@@@@@@@@@@@@@@@@@@@@@@@@@@@@@@@TTTTTTT@@T@@@@@@@@@@@@@@@@@@@@@@@@@@@@@@@@@@@@@@@@@@@
@@@@@@@@@@@@@@@@@@@@@@@@@@@@@@@@@@@@@@@@@TT@@@@TTT@@@@@@@@@@@@@@@@@@@@@@@@@@@@@@@@@@@@@@@@@@@@@@@@@@@@@@@@@@@@@@@@@@@@@@@@@@@@@@@@@@@@@@@@@@TTTTTTTTTT@TT@@@@@@@@@@@@@@@@@@@@@@@@@@@@@@@@@@@@@@@@@
@@@@@@@@@@@@@@@@@@@@@@@@@@@@@@@@@@@@@@@@T@@@@@@@@@@@@@@@@@@@@@@@@@@@@@@@@@@@@@@@@@@@@@@@@@@@@@@@@@@@@@@@@@@@@@@@@@@@@@@@@@@@@@@@@@@@@@@@@@@TTTTTTTTTTTTT@T@@@@@@@@@@@@@@@@@@@@@@@@@@@@@@@@@@@@@@@@
@@@@@@@@@@@@@@@@@@@@@@@@@@@@@@@@@@@@@@TT@@@@@@@@@@@@@@@@@@@@@@@@@@@@@@@@@@@@@@@@@@@@@@@@@@@@@@@@@@@@@@@@@@@@@@@@@@@@@@@@@@@@@@@@@@@@@@@@@@@TT@TTTTTTTTTTTTTT@@@@@@@@@@@@@@@@@@@@@@@@@@@@@@@@@@@@@@
@@@@@@@@@@@@@@@@@@@@@@@@@@@@@@@@@@@@TT@@@@@@@@@@@@@@@@@@@@@@@@@@@@@@@@@@@@@@@@@@@@@@@@@@@@@@@@@@@@@@@@@@@@@@@@@@@@@@@@@@@@@@@@@@@@@@@@@@@@TTT@TT..TTTTTTTTT@@T@@@@@@@@@@@@@@@@@@@@@@@@@@@@@@@@@@@@
@@@@@@@@@@@@@@@@@@@@@@@@@@@@@@@@@@TT@@@@@@@@@@@@@@@@@@@@@@@@@@@@@@@@@@@@@@@@@@@@@@@@@@@@@@@@@@@@@@@@@@@@@@@@@@@@@@@@@@@@@@@@@@@@@@@@@@@@@@TT@TTT....TTTTTTTTTTT@@@@@@@@@@@@@@@@@@@@@@@@@@@@@@@@@@@
@@@@@@@@@@@@@@@@@@@@@@@@@@@@@@@@@T@@@@@@@@@@@@@@@@@@@@@@@@@@@@@@@@@@@@@@@@@@@@@@@@@@@@@@@@@@@@@@@@@@@@@@@@@@@@@@@@@@@@@@@@@@@@@@@@@@@@@@@TTTTTTT......TTTTTTTTTTT@@@@@@@@@@@@@@@@@@@@@@@@@@@@@@@@@
@@@@@@@@@@@@@@@@@@@@@@@@@@@@@@@TT@@@@@@@@@@@@@@@@@@@@@@@@@@@@@@@@@@@@@@@@@@@@@@@@@@@@@@@@@@@@@@@@@@@@@@@@@@@@@@@@@@@@@@@@@@@@@@@@@@@@@@@TTT@TTT.........TTTTTTTTTTT@@@@@@@@@@@@@@@@@@@@@@@@@@@@@@@
@@@@@@@@@@@@@@@@@@@@@@@@@@@@@TTT@@@@@@@@@@@@@@@@@@@@@@@@@@@@@@@@@@@@@@@@@@@@@@@@@@@@@@@@@@@@@@@@@@@@@@@@@@@@@@@@@@@@@@@@@@@@@@@@@@@@@@@@TT@TTTTT..........TTTTTTTTTTT@@@@@@@@@@@@@@@@@@@@@@@@@@@@@
@@@@@@@@@@@@@@@@@@@@@@@@@@@TTTT@@@@@@@@@@@@@@@@@@@@@@@@@@@@@@@@@@@@@@@@@@@@@@@@@@@@@@@@@@@@@@@@@@@@@@@@@@@@@@@@@@@@@@@@@@@@@@@@@@@@@@@@TTT@TTTTTT...........TTTTTT.TTT@@@@@@@@@@@@@@@@@@@@@@@@@@@@
@@@@@@@@@@@@@@@@@@@@@@@@@@TTTTT@@@@@@@@@@@@@@@@@@@@@@@@@@@@@@@@@@@@@@@@@@@@@@@@@@@@@@@@@@@@@@@@@@@@@@@@@@@@@@@@@@@@@@@@@@@@@@@@@@@@@@@@TT@TTTTTTT.............TTTT.TTTTT@@@@@@@@@@@@@@@@@@@@@@@@@@
@@@@@@@@@@@@@@@@@@@@@@@@@TTT@TT@@@@@@@@@@@@@@@@@@@@@@@@@@@@@@@@@@@@@@@@@@@@@@@@@@@@@@@@@@@@@@@@@@@@@@@@@@@@@@@@@@@@@@@@@@@@@@@@@@@@@@@TTT@TTTTTT................T...T.TTT@@@@@@@@@@@@@@@@@@@@@@@@@
@@@@@@@@@@@@@@@@@@@@@@@@@TT@@@@@@@@@@@@@@@@@@@@@@@@@@@@@@@@@@@@@@@@@@@@@@@@@@@@@@@@@@@@@@@@@@@@@@@@@@@@@@@@@@@@@@@@@@@@@@@@@@@@@@@@@@@TT@TTTTTTT.......................TT@@@@@@@@@@@@@@@@@@@@@@@@@
@@@@@@@@@@@@@@@@@@@@@@@@TTTT@@@@@@@@@@@@@@@@@@@@@@@@@@@@@@@@@@@@@@@@@@@@@@@@@@@@@@@@@@@@@@@@@@@@@@@@@@@@@@@@@@@@@@@@@@@@@@@@@@@@@@@@@TT@TTTTTTT.......................TTTT@@@@@@@@@@@@@@@@@@@@@@@@
@@@@@@@@@@@@@@@@@@@@@@@@TTTT@@@@@@@@@@@@@@@@@@@@@@@@@@@@@@@@@@@@@@@@@@@@@@@@@@@@@@@@@@@@@@@@@@@@@@@@@@@@@@@@@@@@@@@@@@@@@@@@@@@@@@@@TTT@TTTTTT........................TTTT@@@@@@@@@@@@@@@@@@@@@@@@
@@@@@@@@@@@@@@@@@@@@@@@TT@@@@@@@@@@@@@@@@@@@@@@@@@@@@@@@@@@@@@@@@@@@@@@@@@@@@@@@@@@@@@@@@@@@@@@TTTT@@@@@@@@@@@@@@@@@@@@@@@@@@@@@@@@@TT@TTTTTTT.........................TTTT@@@@@@@@@@@@@@@@@@@@@@@
@@@@@@@@@@@@@@@@@@@@@@@T@@@@@@@@@@@@@@@@@@@@@@@@@@@@@@@@@@@@@@@@@@@@@@@@@@@@@@@@@@@@@@@@@@@@@@TTTTTT@@@@@@@@@@@@@@@@@@@@@@@@@@@@@@@TTT@TTTTTT..........................TTTT@@@@@@@@@@@@@@@@@@@@@@@
@@@@@@@@@@@@@@@@@@@@@@T@@@@@@@@@@@@@@@@@@@@@@@@@@@@@@@@@@@@@@@@@@@@@@@@@@@@@@@@@@@@@@@@@@@@@@TTTTTTT@@@@@@@@@@@@@@@@@@@@@@@@@@@@@@@TT@TTTTTTT.............TTTTTT......TTTT@TT@@@@@@@@@@@@@@@@@@@@@
@@@@@@@@@@@@@@@@@@@@@T@@@@@@@@@@@@@@@@@@@@@@@@@@@@@@@@@@@@@@@@@@@@@@@@@@@@@@@@@@@@@@@@@@@@@@@TTTTTTT@@@@@@@@@@@@@@@@@@@@@@@@@@@@@@TTT@TTTTTT.............TTTTTTTT...T.TTTT@TT@@@@@@T@@@@@@@@@@@@@@
@@@@@@@@@@@@@@@@@@@@@T@@@@@@@@@@@@@@@@@@@@@@@@@@@@@@@@@@@@@@@@@@@@@@@@@@@@@@@@@@@@@@@@@@@@@@@TTTTTTT@@@@@@@@@@@@@@@@@@@@@@@@@@@@@@TT@TTTTTTT............TTTTTTTTTTTTTTTTTT@@TTTTTTTTT@@@@@@@@@@@@@
@@@@@@@@@@@@@@@@@@@@T@@@@@@@@@@@@@@@@@@@@@@@@@@@@@@@@@@@@@@@@@@@@@@@@@@@@@@@@@@@@@@@@@@@@@@@@TTTTTTT@@@@@@@@@@@@@@@@@@@@@@@@@@@@@TT@TTTTTTT............TTTTTTTTTTTTTTTTTTTT@TTTTTTTTT@@@@@@@@@@@@@
@@@@@@@@@@@@@@@@@@@@T@@@@@@@@@@@@@@@@@@@@@@@@@@@@@@@@@@@@@@@@@@@@@@@@@@@@@@@@@@@@@@@@@@@@@@@@@TTTTT@@@@@@@@@@@@@@@@@@@@@@@@@@@@@TTT@TTTTTT.............TTTTTTTTTTTTTTTTTTTTTTTTTTTTTT@@@@@@@@@@@@@
@@@@@@@@@@@@@@@@@@@T@@@@@@@@@@@@@@@@@@@@@@@@@@@@@@@@@@@@@@@@@@@@@@@@@@@@@@@@@@@@@@@@@@@@@@@@@@@@@@@@@@@@@@@@@@@@@@@@@@@@@@@@@@@@TT@TTTTTTT.............TTTTTTTTTTTTTTTTTTTTTTTTTTTT@@@@@@@@@@@@@@@
@@@@@@@@@@@@@@@@@@@T@@@@@@@@@@@@@@@@@@@@@@@@@@@@@@@@@@@@@@@@@@@@@@@@@@@@@@@@@@@@@@@@@@@@@@@@@@@@@@@@@@@@@@@@@@@@@@@@@@@@@@@@@@@TTT@TTTTTT..............TTTTTTTTTTTTTTTTTTTTTTTTTTT@@@@@@@@@@@@@@@@
@@@@@@@@@@@@@@@@@@T@@@@@@@@@@@@@@@@@@@@@@@@@@@@@@@@@@@@@@@@@@@@TTTTT@@@@@@@@@@@@@@@@@@@@@@@@@@@@@@@@@@@@@@@@@@@@@@@@@@@@@@@@@TTTTTTTTTTTT..............TT..TTTTTTTTTTTTTTTTTTTTTT@@@@@TT@@@@@@@@@@
@@@@@@@@@@@@@@@@@T@@@@@@@@@@@@@@@@@@@@@@@@@@@@@@@@@@@@@@@@@@@@TTTTTTT@@@@@@@@@@@@@@@@@@@@@@@@@@@@@@@@@@@@@@@@@@@@@@@@@@@@@@@@TTTTTTTTTTT....................TTTTTTTTTTTTTTT.TT.TTT@@TTTT@@@@@@@@@@
@@@@@@@@@@@@@@@@@T@@@@@@@@@@@@@@@@@@@@@@@@@@@@@@@@@@@@@@@@@@@@TTTTTTT@@@@@@@@@@@@@@@@@@@@@@@@@@@@@@@@@@@@@@@@@@@@@@@@@@@@@@@TTTTTTTTTTTT..................TTTTTTTTTTTTTTTT......TTTTTTTTT@@@@@@@@@
@@@@@@@@@@@@@@@@T@@@@@@@@@@@@@@@@@@@@@@@@@@@@@@@@@@@@@@@@@@@@@TTTTTTT@@@@@@@@@@@@@@@@@@@@@@@@@@@@@@@@@@@@@@@@@@@@@@@@@@@@@@@TTTTTTTTTTT....................TTTTTTTTTTTTT.........TTTTTTT@@@@@@@@@@
@@@@@@@@@@@@@@@@T@@@@@@@@@@@@@@@@@@@@@@@@@@@@@@@@@@@@@@@@@@@@@TTTTTTT@@@@@@@@@@@@@@@@@@@@@@@@@@@@@@@@@@@@@@@@@@@@@@@@@@@@@@@TTTTTTT..T...........TTTT....TTTTTTTTTTTTT.........TTTTTTT@@@@@@@@@@@@
@@@@@@@@@@@@@@@T@@@@@@@@@@@@@@@@@@@@@@@@@@@@@@@@@@@@@@@@@@@@@@@TTTTTT@@@@@@@@@@@@@@@@@@@@@@@@@@@@@@@@@@@@@@@@@@@@@@@@@@@@@@@TTTTTTT..............TTTTTT..TTTTTTTTTTT...........TTTTTTT@@@@@@@@@@@@
@@@@@@@@@@@@@@@TT@@@@@@@@@@@@@@@@@@@@@@@@@@@@@@@@@@@@@@@@@@@@@@@TTTT@@@@@@@@@@@@@@@@@@@@@@@@@@@@@@@@@@@@@@@@@@@@@@@@@@@@@@@TT@TTT...............TTTTTTT..TTTTTTTTTT...........TTTTTTTT@@@@@@@@@@@@
@@@@@@@@@@@@@@TTTT@@@@@@@@@@@@@@@@@@@@@@@@@@@@@@@@@@@@@@@@@@@@@@@@@@@@@@@@@@@@@@@@@@@@@@@@@@@@@@@@@@@@@@@@@@@@@@@@@@@@@@@@@TT@TT................TTTTTT....TTTTTTT............TTTTTTTT@@@@@@@@@@@@@
@@@@@@@@@@@@@TTTTT@@@@@@@@@@@@@@@@@@@@@@@@@@@@@@@@@@@@@@@@@@@@@@@@@@@@@@@@@@@@@@@@@@@@@@@@@@@@@@@@@@@@@@@@@@@@@@@@@@@@@@@@TT@TT..................TTTTT....TTTTT............TTTTTTTTTTT@@@@@@@@@@@@
@@@@@@@@@@@@@TTTTT@@@@@@@@@@@@@@@@@@@@@@@@@@@@@@@@@@@@@@@@@@@@@@@@@@@@@@@@@@@@@@@@@@@@@@@@@@@@@@@@@@@@@@@@@@@@@@@@@@@@@@@@TT@TT..................TTT......TTT............TTTTTTTTTTTTT@@@@@@@@@@@@
@@@@@@@@@@@@TTTTT@@@@@@@@@@@@@@@@@@@@@@@@@@@@@@@@@@@@@@@@@@@@@@@@@@@@@@@@@@@@@@@@@@@@@@@@@@@@@@@@@@@@@@@@@@@@@@@@@@@@@@@@TT@TT....................TT....................TTTTTTTTTTTTTT@@@@@@@@@@@@
@@@@@@@@@@@@TTTT@@@@@@@@@@@@@@@@@@@@@@@@@@@@@@@@@@@@@@@@@@@@@@@@@@@@@@@@@@@@@@@@@@@@@@@@@@@@@@@TTTT@@@@@@@@@@@@@@@@@@@@@TTTTTT........................................TTTTTTTTT@@TTTTT@@@@@@@@@@@@
@@@@@@@@@@@TTTTT@@@@@@@@@@@@@@@@@@@@@@@@@@@@@@@@@@@@@@@@@@@@@@@@@@@@@@@@@@@@@@@@@@@@@@@@@@@@@@TTTTTT@@@@@@@@@@@@@@@@@@@@TT@TT.......................................TTTTTTTTT@@TTTTTTTT@@@@@@@@@@@
@@@@@@@@@@@@@@T@@@@@@@@@@@@@@@@@@@@@@@@@@@@@@@@@@@@@@@@@@@@@@@@@@@@@@@@@@@@@@@@@@@@@@@@@@@@@TTTTTTTTTT@@@@@@@@@@@@@@@@@TT@TT......................................TTTTTTTTTT@TTTTTTTTTT@@@@@@@@@@@
@@@@@@@@@@T@@@@@@@@@@@@@@@@@@@@@@@@@@@@@@@@@@@@@@@@@@@@@@@@@@@@@@@@@@@@@@@@@@@@@@@@@@@@@TTTTTTTTTTTTTTTTTT@@@@@@@@@@@@@TT@TT.....................................TTTTTTTTT@TTTTTTTTTTT.T@@@@@@@@@@
@@@@@@@@@T@@@@@@@@@@@@@@@@@@@@@@@@@@@@@@@@@@@@@@@@@@@@@@@@@@@@@@@@@@@@@@@@@@@@@@@@@@@TTTTTTTTTTTTTTTTTTTTTTTT@@@@@@@@@TT@TT....................................TTTTTTTTT@@TTTTTTTTTTTT..T@@@@@@@@@
@@@@@@@@@T@@@@@@@@@@@@@@@@@@@@@@@@@@@@@@@@@@@@@@@@@@@@@@@@@@@@@@@@@@@@@@@@@@@@@@@TTTTTTTTTTTTTTTTTTTTTTTTTTTTTTTT@@@@TTTTTT........................T..........TTTTTTTT@@TTTTTTTTTTTTTT..T@@@@@@@@@
@@@@@@@@T@@@@@@@@@@@@@@@@@@@@@@@@@@@@@@@@@@@@@@@@@@@@@@@@@@@@@@@@@@@@@@@@TTTTTTTTTTTTTTTTTT...TTTTTTT.TTTTTTTTTTTTTTTTTTTT........................TTTT.........TTTTTT@TTTTT.TTTTTTTT.....T@@@@@@@@
@@@@@@@@T@@@@@@@@@@@@@@@@@@@@@@@@@@@@@@@@@@@@@@@@@@@@@@@@@@@@@@@@@@@@@@@TTTTTTTTTTTTTTTT..........TTT.....TTTTTTTTTTTTTTT....TTTT................TTTTT.........TTTT@@TTTT....TTTTT.......T@@@@@@@@
@@@@@@@T@@@@@@@@@@@@@@@@@@@@@@@@@@@@@@@@@@@@@@@@@@@@@@@@@@@@@@@@@@@@@@@@TTTTTTTTTTTT.............TTTT.........TTTTTTTTTTTT.TTTTTTT..............TTTTTTT.TT...TTTT@@TTTT......T............T@@@@@@@
@@@@@@T@@@@@@@@@@@@@@@@@@@@@@@@@@@@@@@@@@@@@@@@@@@@@@@@@@@@@@@@@@@@@@@@@TTTTTTTT.................TTTTTT...........TTTTTTTT.TTTTTTTT............TTTTTTTT.TT..TTTT@TTTTTT...................T@@@@@@@
@@@@@@T@@@@@@@@@@@@@@@@@@@@@@@@@@@@@@@@@@@@@@@@@@@@@@@@@@@@@@@@@@@@@@@@@TTTTTTT....................TTTT...........TTTTTTTTTTTTTTTTT............TTTTTTTT...TTTT@TTTTTTTTT...................T@@@@@@
@@@@@T@@@@@@@@@@@@@@@@@@@@@@@@@@@@@@@@@@@@TT@@@@@@@@@@@@@@@@@@@@@@@@@@@TTTTTTTT......................TT............TTTTTTTTTTTTTTTT............TTTTTTTTTTTTT@@TTTTTTTTTT....................T@@@@@
@@@@@T@@@@@@@@@@@@@@@@@@@@@@@@@@@@@@@@@@TTTTTT@@@@@@@@@@@@@@@@@@@@@@@@TTTTTTTT......................................TTTTTTTTTTTTTTT............TTTTTTTTTTT@@TTTTTTTTTTTTT...............TTT.T@@@@@
@@@@T@@@@@@@@@@@@@@@@@@@@@@@@@@@@@@@@@@@TTTTTT@@@@@@@@@@@@@@@@@@@@@@@TTTTT..........................................TTTTTTTTTTTTTTTTT...........TTTTTTTTTTTTTT..TTTTTTT.............TTTTTTTT.T@@@@
@@@@T@@@@@@@@@@@@@@@@@@@@@@@@@@@@@@@@@@TTTTTTTT@@@@@@@@@@@@@@@@@@@@@TTTTT..........................................TTTTTTTTTTTTTTTTTTT..........TTTTTTTTTTTTT....TTTTT..............TTTTTTTT.T@@@@
@@@T@@@@@@@@@@@@@@@@@@@@@@@@@@@@@@@@@@@TTTTTTTT@@@@@@@@@@@@@@@@@@@@TTTTT..........................................TTTTTTT@.TTTTTTTTTTT...........TTTTTTTTTT......TTT................TTTTTTTT..T@@@
@@TT@@@@@@@@@@@@@@@@@@@@@@@@@@@@@@@@@@@@TTTTTT@@@@@@@@@@@@@@@@@@@@TTTTT..........................................TTTTTTT@T..TTTTTTTTTT..........TTTTTTTTTT..........................TTTTTTTT..TT@@
@@TT@@@@@@@@@@@@@@@@@@@@@@@@@@@@@@@@@@@@TTTTTT@@@@@@@@@@@@@@@@@@@TTTTT..........................................TTTTTTT@TT...TTTTTTTTTTT.......TTTTTTTTTTT..........................TTTTTT....TT@@
@TTTT@@@@@@@@@@@@@@@@@@@@@@@@@@@@@@@@@@@@@TT@@@@@@@@@@@@@@@@@@@@TTTTTTTT.......................................TTTTTTT@TT.....TTTTTTTTTTT......TTTTTTTTTTT...................................TTTT@
@TTTT@@@@@@@@@@@@@@@@@@@@@@@@@@@@@@@@@@@@@@@@@@@@@@@@@@@@@@@@@@TTTTTTTTTT......................................TTTTTTTTT.......TTTTTTTTTTT......TTTTTTTTTT...................................TTTT@
TT@@@@@@@@@@@@@@@@@@@@@@@@@@@@@@@@@@@@@@@@@@@@@@@@@@@@@@@@@@@@TTTTT.TTTTT.......................................TTTTTTT.........TTTTTTTTTTTT.....T.TTTTTTTT.....................................TT
TT@@@@@@@@@@@@@@@@@@@@@@@@@@@@@@@@@@@@@@@@@@@@@@@@@@@@@@@@@TTTTTTT..TTTT.........................................TTTTT.......TT@TTTTTTTTTTTTT......TTTTTTTT.....................................TT
TTT@@@@@@@@@@@@@@@@@@@@@@@@@@@@@@@@@@@@@@@@@@@@@@@@@@@@@@TTTTTTTT....TTT.........................................TTTT.......TT@TTTTTTTTTTTTTT.......TTTTTTT....................................TTT
TTT@@@@@@@@@@@@@@@@@@@@@@@@@@@@@@@@@@@@@@@@@@@@@@@@@@@@@@TTTTTTT................................................TTTT.......TT@TTTTTTTTTTTTTT........TTTTTTTT.................................T.TTT
TT@@@@@@@@@@@@@@@@@@@@@@@@@@@@@@@@@@@@@@@@@@@@@@@@@@@@@@@TTTTTTTTT.............................................TTTT.......TT@TTTTTTTTTTTTTT..........TTTTTTT................TTT..........TTTTTT.TT
TT@@@@@@@@@@@@@@@@@@@@@@@@@@@@@@@@@@@@@@@@@@@@@@@@@@@@@@@TTTTTTTTT.............................................TTT.......TTTTTTTTTTTTTTTTTT............TTTTT..............TTTTT........TTTTTTTT.TT
T@@@@@@@@@@@@@@@@@@@@@@@@@@@@@@@@@@@@@@@@@@@@@@@@@@@@@@@@TTTTTTTTT......................................................TTTTTTTTT.TTTTTTTTTT...........TTTTT..............TTTTT........TTTTTTTT..T
T@@@@@@@@@@@@@@@@@@@@@@@@@@@@@@@@@@@@@@@@@@@@@@@@@@@@@@@@TTTTTTTTT............................T........................TTTTTTTTT...TTTTTTTTT............TTTT..............TTTT.........TTTTTTTT..T
T@@@@@@@@@@@@@@@@@@@@@@@@@@@@@@@@@@@@@@@@@@@@@@@@@@@@@@@@TTTTTTTTT...........................TTTTTT...................TTTTTTTTT......TTTTTTTT...........TTT.............................TTTTTT...T
T@@@@@@@@@@@@@@@@@@@@@@@@@@@@@@@@@@@@@@@@@@@@@@@@@@@@@@@TTTTTTTTTT...........................TTTTTT..................TTTTTTTTT.......TTTTTTTTT..........................................TT.......T
T@@@@@@@@@@@@@@@@@@@@@@@@@@@@@@@@@@@@@@@@@@@@@@@@@@@@@@@TTTTTTTTTTT.........................TTTTTTT..................TTT..TTT.........TTTTTTTT...................................................T
T@@@@@@@@@@@@@@@@@@@@@@@@@@@@@@@@@@@@@@@@@@@@@@@@@@@@@@@TTTTTTTTTTTTTT.................T..TTTTTTTT...................TT....T..........TTTTTTT....................................................T
T@@@@@@@@@@@@@@@@@@@@@@@@@@@@@@@@@@@@@@@@@@@@@@@@@@@@@@@TTTTTTTTTTTTTT................TTTTTTTTTT......................................TTTTTT...............TTT...................................T
T@@@@@@@@@@@@@@@@@@@@@@@@@@@@@@@@@@@@@@@@@@@@@@@@@@@@@@TTTTTTTTTTTTTTT................TTTTTTTTTT.......................................TTTTT..............TTTT...................................T
T@@@@@@@@@@@@@@@@@@@@@@@@@@@@@@@@@@@@@@@@@@@@@@@@@@@@@@TTTTTTTTTTTTTT..............TTTTTT.TTTTTT.......................................TTTTT..............TTTT...................................T
T@@@@@@@@@@@@@@@@@@@@@@@@@@@@@@@@@@@@@@@@@@@@@@@@@@@@@@TTTTTTTTTTTTTT..............TTTTTT.TTTTT........................................TTTT...............TTTTT..................................T
T@@@@@@@@@@@@@@@@@@@@@@@@@@@@@@@@@@@@@@@@@@@@@@@@@@@@@@TTTTTTTTTTTTT...............TTTT....TTT.........................................TTTT..............TTTTTT..................................T
T@@@@@@@@@@@@@@@@@@@@@@@@@@@@@@@@@@@@@@@@@@@@@@@@@@@@@TTTT@TTTTTTTTTT............TTTT......T............................................TTT.............TTTTTTT..................................T
T@@@@@@@@@@@@@@@@@@@@@@@@@@@@@@@@@@@@@@@@@@@@@@@@@@@@@TTTTTTTTTTTTTTTTTT.........TTTT............................TT.....................TTTT............TTTTTTTT.................................T
T@@@@@@@@@@@@@@@@@@@@@@@@@@@@@@@@@@@@@@@@@@@@@@@@@@@@@TTTTTTTTTTTTTTTTTTT.........TTT............................TT.....................TTTT............TTTTTTTT...TTTTTTTT......TTTTTTTT........T
T@@@@@@@@@@@@@@@@@@@@@@@@@@@@@@@@@@@@@@@@@@@@@@@@@@@@@TTT@TTTTTTTTTTTTTTT.........TTTTT.................................................TTTT............TTTTTTTT...TTTTTTTTTTT...TTTTTTTT........T
T@@@@@@@@@@@@@@@@@@@@@@@@@@@@@@@@@@@@@@@@@@@@@@@@@@@@TTTTTTTTTTTTTTTTTTT.........TTTTTT..................................................TTTT...........TTTTTTTT.TTTTTTTTTTTTTT..TTTTTTTTTTT.....T
TTTT@@@@@@@@@@@@@@@@@@@@@@@@@@@@@@TT@@@@@@@@@@@@@@@@@TTTTTTTTTTTTTTTTTTT.........TTTTTT..................................................TTTT...........TTTTTTTTTTTTTTTTTTTTTT...TTTTTTTTTTT..TTTT
TTTT@@@@@@@@@@@@@@@@@@@@@@@@@@@@TTTTTT@@@@@@@@@@@@@@TTTTTTTTTTTTTTTTTTT..........TTTTTT.........................TTTT....................TTTTTT...........TTTTTTTTTTTTTTTTTTTT....TTTTTTTTTTT..TTTT
TTTT@@@@@@@@@@@@@@@@@@@@@@@@@@@TTTTTTT@@@@@@@@@@@@@TTTTTTTTTTTTTTTTTTTT..........TTTTTT.........................TTTT....................TTTTTTT...........TTTTTTTTTTTTTTTTTTTTTTTTTTTTTTTTTTTTTTTT
TTTT@@@@@@@@@@@@@@@@@@@@@@@@@@@TTTTTTT@@@@@@@@@@@@@TTTTTTTTTTTTTTTTTTTT........TTTTTTT..........TT..............TTTT....................TTTTTTT.............TTTTTTT@@@@@@@@@@@@@@@@@@@@@@@@@@@TTTT
TTTT@@@@@@@@@@@@@@@@@@@@@@@@@@@TTTTTTT@@@@@@@@@@@@@TTTTTTTTTTTTTTTTTTT.........TTTT.............TT...........TTTTTT.....................TTTTTTT.............TTTTTTTTTTTTTTTTTTTTTTTTTTTTTTTTTTTTTT
TTTT@@@@@@@@@@@@@@@@@@@@@@@@@@@TTTTTTT@@@@@@@@@@@@@TTTTTTT.TTTTT..TTTT........TTTTTT........................TTTTTTT.....................TTTTTTT.............TTTTTTTTTTTTTTTTTTTTTTTTTTTTTTTTTTTTTT
TTTT@@@@@@@@@@@@@@@@@@@@@@@@@@@@TTTTTT@@@@@@@@@@@@@@TTTTTT....TT....T.........TTTTTTT.T....................TTTT@TTT......................TTTTT..............TTTTTT.TTT@@TTTTTTTTTTTTT.TTTT....TTTT
TTTT@@@@@@@@@@@@@@@@@@@@@@@@@@@@@TTT@@@@@@@@@@@@@@@@@TTTT.....................TTTTTTTT..................TTTTTT@TT........................TTTTT..............TTTTT..TTTTTTTTTTTTTTTTTT.TTTT..TTTTTT
T@@@@@@@@@@@@@@@@@@@@@@@@@@@@@@@@@@@@@@@@@@@@@@@@@@@@TTTT.....................TTTTTTTT..................TT.TT.TT.........................TTTTT..............TTTT....TTTTTTT....TTTTTT.......TTTT@T
T@@@@@@@@@@@@@@@@@@@@@@@@@@@@@@@@@@@@@@@@@@@@@@@@@@@@@TTT.....................TTTTTTTT........................TT........................TTTTTT.............TTTTT......TTTTT.....TTTTT.......TTTT@T
T@@@@@@@@@@@@@@@@@@@@@@@@@@@@@@@@@@@@@@@@@@@@@@@@@@@@@TTTT.....................TTTTT........................TTT.........................TTTT.............TTTTTTT......TTTTT.....TTTTT.......TTTT@T
T@@@@@@@@@@@@@@@@@@@@@@@@@@@@@@@@@@@@@@@@@@@@@@@@@@@@@TTTT.....................TTTTT.........T.............TTTT.........................TTTT.............TTTTTTT......TTTTT.....TTTTT.......TTTT@T
T@@@@@@@@@@@@@@@@@@@@@@@@@@@@@@@@@@@@@@@@@@@@@@@@@@@@@TTTT...TTT.............................TT.....TTT....TTTT.........................TTT.............TTTTTTT.......TTTTTT....TTTTT.......TTTT@T
T@@@@@@@@@@@@@@@@@@@@@@@@@@@@@@@@@@@@@@@@@@@@@@@@@@@@@@TTT.TTTTTTT...........................TT...TTTTTT...TTTT........................TTTT..............TTTTTT........TTTTT....TTTTT.......TTTT@T
T@@@@@@@@@@@@@@@@@@@@@@@@@@@@@@@@@@@@@@@@@@@@@@@@@@@@@@TTTTTTTTTTTT............................T...TTTTT.TTTTT.........................TTTT...............TTTTTTTT.....TT......................TTT
T@@@@@@@@@@@@@@@@@@@@@@@@@@@@@@@@@@@@@@@@@@@@@@@@@@@@@@TTTTTTTTTTTT........................TTTTTT..T....TTTTTT.........................TTTT...............TTTTTTTT.............................TTT
T@@@@@@@@@@@@@@@@@@@@@@@@@@@@@@@@@@@@@@@@@@@@@@@@@@@@@@TTTTTTTTTTTT........................TTTTTTT......TTTTTT.........................TTT................TTTT.TTT...............................T
T@@@@@@@@@@@@@@@@@@@@@@@@@@@@@@@@@@@@@@@@@@@@@@@@@@@@@@@TTTTTTTTTTT.......................TTTTTTTTT.TTTTTTT...........................TTTT................TTTT...................................T
T@@@@@@@@@@@@@@@@@@@@@@@@@@@@@@@@@@@@@@@@@@@@@@@@@@@@@@@TTTTTTTTTTT.......................TTTTTTTTTTTTT..T............................TTTT.......................................................T
T@@@@@@@@@@@@@@@@@@@@@@@@@@@@@@@@@@@@@@@@@@@@@@@@@@@@@@@TTTTTTTTTT........................TTTTTTTTT...................................TTTT.....................................................TTT
T@@@@@@@@@@@@@@@@@@@@@@@@@@@@@@@@@@@@@@@@@@@@@@@@@@@@@@@@TTTTTTTTT........................TTTTTTTTT..................................TTTT...............................................TTTT...TTT
T@@@@@@@@@@@@@@@@@@@@@@@@@@@@@@@@@@@@@@@@@@@@@@@@@@@@@@@@TTTTTTTTTT........................TTTTTTT..................................TTTTT...............................................TTTTTTTTTT
T@@@@@@@@@@@@@@@@@@@@@@@@@@@@@@@@@@@@@@@@@@@@@@@@@@@@@@@@TTTTTTTTTT.........................TTTTT..................................TTTTTT...............TTTT............................TTTTTTTT@T
T@@@@@@@@@@@@@@@@@@@@@@@@@@@@@@@@@@@@@@@@@@@@@@@@@@@@@@@@TTTTTTTTTTT..............................................................TTTTTTT.............TTTTTT..............TTTTT.........TTTTTTTT@T
TT@@@@@@@@@@@@@@@@@@@@@@@@@@@@@@@@@@@@@@@@@@@@@@@@@@@@@@@TTTTTTTTTTT..............................................................TTTTTTT............TTTTTTT..............TTTTTT........TTTTTTTTTT
TT@@@@@@@@@@@@@@@@@@@@@@@@@@@@@@@@@@@@@@@@@@@@@@@@@@@@@@TTTTTTTTTTTT..............................................................TTTTTTT............TTTTTTTTTT............TTTT............TTTT@TT
TTT@@@@@@@@@@@@@@@@@@@@@@@@@@@@@@@@@@@@@@@@@@@@@@@@@@@TTTTTTTTTTTT................................................................TTTTTTT............TTTTTTTTTT..............T.................TTT
TTT@@@@@@@@@@@@@@@@@@@@@@@@@@@@@@@@@@@@@@@@@@@@@@@@@TTTT@TTTTTTT..................................................................TTTTTTT.............TTTTTTTTT................................TTT
TT@@@@@@@@@@@@@@@@@@@@@@@@@@@@@@@@@@@@@@@@@@@@@@@@TTTT@@TTTTTTTTT................................................................TTTTTT...............TTTTT.....................................TT
TT@@@@@@@@@@@@@@@@@@@@@@@@@@@@@@@@@@@@@@@@@@@@@@@TTT@@TTTT.TTTTTTT..............................................................TTTTT.................TTTTTTT...................................TT
@TTTT@@@@@@@@@@@@@@@@@@@@@@@@@@@@@@@@@@@@@@@@@@TTTT@TTTT....TTTTTT.............................................................TTTTT..................TTTTTTT.................................TTT@
@TTTT@@@@@@@@@@@@@@@@@@@@@@@@@@@@@@@@@@@@@@@@TTTT@TTTT.......TTTT.............................................................TTTTT..................TTTTTTT.............................TTT.TTTT@
@@TT@@@@@@@@@@@@@@@@@@@@@@@@@@@@@@@@@@@@TTTTTTT@@TTT..........TT.............................................................TTTTT..................TTTTTTTT.............................TTTTTTT@@
@@TT@@@@@@@@@@@@@@@@@@@@@@@@@@@@@@@@@@@@TTTTTTTTTTT.........................TT..............................................TTTTT..................TTTTTTTTT.....TTT....................TTTTTTTT@@
@@@T@@@@@@@@@@@@@@@@@@@@@@@@@@@@@@@@@@@TTTTTTTTTT..........................TTTTT...........................................TTTTT...................TTTTTTTTT.....TTTT...................TTTTTTT@@@
@@@@T@@@@@@@@@@@@@@@@@@@@@@@@@@@@@@@@TTTTTTTTTT......................TTT...TTTTTTTTTTTTT..................................TTTTT....................TTTTTTTTTTT..TTTTTTT................TTTTTT@@@@@
@@@@T@@@@@@@@@@@@@@@@@@@@@@@@@@@@@@TTTTTTTTTTTT.....................TTTTT.TTTTTTTTTTTTTTT................................TTTTT....................TTTTTTTT@TTTT.TTTTTTTT...............TTTTTTT@@@@
@@@@@T@@@@@@@@@@@@@@@@@@@@@@@@@@@@TTTT@TTTTTTT......................TTTTTTTTTTTTTTTTTTTTT.....................TTT...TTTTTTTTT....................TTTTTTTTTTT@TTTTTTTTTTT...............TTTTTT@@@@@
@@@@@T@@@@@@@@@@@@@@@@@@@@@@@@@@TTTT@@TTTTTTT.......................TTTTTTTTTTTTTTTTTTTTT.................TTTTTTTTTTTTTTTTTT.................TTTTTTTTTTT@TTTT@@TTTTTTTTT................TTTTT@@@@@
@@@@@@T@@@@@@@@@@@@@@@@@@@@@@@TTTT@@TTTTTTT..........................TTTTTTTTTTTTTTTTTTTT.................TTTTTTTTTTTTTTTTT.................TTTTTTTTTTTTTTTTTTT@@TTTTTTTT.................TT@@@@@@
@@@@@@@T@@@@@@@@@@@@@@@@@@@@TTTTT@TTTTTTTTTT...........TT.............TTTTTTTTTTTTTTTTTTT.................TTTTTTTTTTTTTTTT..................TTTTTTTTT.TTTTTTTTTTT@TTTTTTTT.................@@@@@@@
@@@@@@@T@@@@@@@@@@@@@@@@@@@TTTT@@TTTTTTTTTTT.......TTTTTT..............TTTTTTTTTTTTTTTTT............TTTTT.TTTTTTTTTTTTTTTT...................TTTTTTT......TTTTTTTTT@TTTTTT................T@@@@@@@
@@@@@@@@T@@@@@@@@@@@@@@@@TTTT@@TTTTTTTTTTTT........TTTTTT...............TTTTTTTTTTTTTTTT..........TTTTTTT.TTTTTTTTTTTTTTTT..................TTTTTTT........TTTTTTTTT@@TTTT..........TTT...@@@@@@@@
@@@@@@@@T@@@@@@@@@@@@@@TTTT@@TTTTTTTTTTTT..........TTTTTTTT.............TTTTTTTTTTTTTTTTTTTT..TTTTTTTTTTTTTTTTTTTTTTTTTTTT..................TTTTTT.........TTTTTTTTTTT@@TTTT..T....TTTTT.T@@@@@@@@
@@@@@@@@@T@@@@@@@@@@@TTTTT@TTTTTTTTTTTTT...........TTTTTTTTT...........TT@TT.....TTTTTTTTTTTTTTTTTTTTTTTTTTTTTTTT......TTT..................TTTTT.........TTTTTTTTTTTTTT@TTTTTTTTTTTTTTTT@@@@@@@@@
@@@@@@@@@T@@@@@@@@@@TTTT@@TTTTTTTTTTTT.............TTTTTTTTT...........TT@TT.....TTTTTTTTTTTTTTTTTTTTTTTTTTTTTT..............................TTT...........TTTTTTTTTTTTTT@@TTTTTTTTTTTTTT@@@@@@@@@
@@@@@@@@@@T@@@@@@@TTTT@@TTTTTTTTTTTT..................TTTTTT..........TT@TT.........TTTT.TTTTTTTTTTTTTTTT...TTT..............................................TTTTT.TT..TTTT@@TTTT@TTTTTT@@@@@@@@@@
@@@@@@@@@@@T@@T@TTTTT@TTTTTTTTTTTTT...................TTTTTT.........TTT@TT...........TT.TTTTTTTTTTTT........TT........................TTT.....................TTT.TT....TTTT@@TTTTTTTT@@@@@@@@@@@
@@@@@@@@@@@TTTTTTTT@TTTTTTTTTTTTT......................TTTT..........TT@TT..................TTTTTTTT...............................TTTTTTTT...............................TTTTT@TTTTTTT@@@@@@@@@@@
@@@@@@@@@@@@TTTTT@@TTTTTTTTTTTT.....................................TT@TTT.....................TTTT................................TTTTTTTT...............................TTTTTT@@TTTT@@@@@@@@@@@@
@@@@@@@@@@@@TTTTTTTTTTTTTTTTT.......................................TT@TT.......................TTT................................TTTTTTTT...............................TTTTTTTTTTTT@@@@@@@@@@@@
@@@@@@@@@@@@@TTTTTTTTTTTTTT........................................TT@TT........................TTT..........................TTTT..TTTTTTT...............................TTTTTTTTTTTT@@@@@@@@@@@@@
@@@@@@@@@@@@@@TTTTTTTTTTTTT........................................TT@TT....................................................TTTTTTTTTTTTT................................TTTTTTTTTTT@@@@@@@@@@@@@@
@@@@@@@@@@@@@@TTTTTTTTTTTTT.......................................TT@TT....................................................TTTTTTTTTTTTT.................................TTTTTTTTTTT@@@@@@@@@@@@@@
@@@@@@@@@@@@@@@TTTTTTTTTTT......................................TTTTTTT....................................................TTTTTTTTTTTT....................................TTTTTTTT@@@@@@@@@@@@@@@
@@@@@@@@@@@@@@@TTTTTTTTTTT.....................................TTTTTTT....................................................TTTTTTTTTTTT......................................TTTT@@T@@@@@@@@@@@@@@@
@@@@@@@@@@@@@@@@TTTTTTTTTTT..........................TTTT.....TTTTTTT.....................................................TTTTTTTTTTT.......................................TTTT@T@@@@@@@@@@@@@@@@
@@@@@@@@@@@@@@@@TTTTTTTTTTT.........................TTTTTT....TTTTTTTT....................................................TTTTTTTTTT..................TTT..................TTTTT@T@@@@@@@@@@@@@@@@
@@@@@@@@@@@@@@@@@TTTTTTTTTTT.......................TTTTTTTT...TTTTTTTT....................................................TTTTTTTTTT..................TTTT................TTTTTTT@@@@@@@@@@@@@@@@@
@@@@@@@@@@@@@@@@@TTTTTTTTTTTT......................TTTTTTTT...TTTTTTT.....................................................TTTTTTTTTT..................TTTTT..............TTTTT@@@@@@@@@@@@@@@@@@@@
@@@@@@@@@@@@@@@@@@TTTTTTTTTTTT.....................TTTTTTTTTTTTTTTTTT.............................TT.......................TTTTTTTTT...................TTTT.............TTTTTTTT@@@@@@@@@@@@@@@@@@
@@@@@@@@@@@@@@@@@@@TTTTTTTTTTT.....................TTTTTTTTTTTTTTT...........................TTTTTTTT.......................TT.TTT@TT.T................TTTT............TTTTTTT@@@@@@@@@@@@@@@@@@@@
@@@@@@@@@@@@@@@@@@@TTTTTTTTTTT.....................TTTTTTTTTTTTTTT.........................TTTTTTTTTTT..........................TT@TTTTTT.............................TTTTTTT@T@@@@@@@@@@@@@@@@@@@
@@@@@@@@@@@@@@@@@@@@TTTTTTTTTTTTT...................TTTTTTTTTTTTT..........................TTTTTTTTTTTT.........................TTT@TTTTTT.............................TTTTTTT@@@@@@@@@@@@@@@@@@@@
@@@@@@@@@@@@@@@@@@@@TTTTTTTTTTTTT.....................TT...TTTTTT..........................TTTTTTTTTTTT..........................TT@TTTTTT.............................TTTT@@T@@@@@@@@@@@@@@@@@@@@
@@@@@@@@@@@@@@@@@@@@@TTTTTTTTTTTTT........................TTTTTT..........................TTTTTTTTTTTTT...........................TT@TTTTTT...........................TTTT@@T@@@@@@@@@@@@@@@@@@@@@
@@@@@@@@@@@@@@@@@@@@@TTTTTTTTTTTTTTT......................TTTTTT..........................TTTTTTTTTTTTT...........................TT@TTTTTT......................TT..TTTTT@@@@@@@@@@@@@@@@@@@@@@@@
@@@@@@@@@@@@@@@@@@@@@@TTTTTTTTTTTTTT.....................TTTTTT...........................TTTTTTTTTTTTT............................TT@TTTTT.....................TTTTTTTTTT@T@@@@@@@@@@@@@@@@@@@@@@
@@@@@@@@@@@@@@@@@@@@@@@TTTTTTTTTTTTT.....................TTTTTTTT.........................TTTTTTTTTTTTT............................TTT@TTTT....................TTTTTTTTTT@@@@@@@@@@@@@@@@@@@@@@@@@
@@@@@@@@@@@@@@@@@@@@@@@TTTTTTTTTTTT.....................TTTTTTTTT..........................TTTTTTTTTTTT.............................TT@TTTT....................TTTTTTTTT@@T@@@@@@@@@@@@@@@@@@@@@@@
@@@@@@@@@@@@@@@@@@@@@@@@TTTTTTTTTT......................TTTTT.TT...........................TTTTTTTTTTTTT............................TTT@TTT.....................TTTTTTTTTT@@@@@@@@@@@@@@@@@@@@@@@@
@@@@@@@@@@@@@@@@@@@@@@@@TTTTTTTTT.........................TT..............................TTTT..TTTTTTTT.............................TT@TTT......................TTTTTTTTT@@@@@@@@@@@@@@@@@@@@@@@@
@@@@@@@@@@@@@@@@@@@@@@@@@TTTTTTTT.........................................................TTT....TTTTTT...............................TT@TT.......................TTTTTTT@@@@@@@@@@@@@@@@@@@@@@@@@
@@@@@@@@@@@@@@@@@@@@@@@@@TTTTTTTTT.........................................................T........TTT...............................TTTTTT.......................TTT@T@@@@@@@@@@@@@@@@@@@@@@@@@@
@@@@@@@@@@@@@@@@@@@@@@@@@@TTTTTTTTTT..................T................................................................................TT@TT.......................TTTTT@@@@@@@@@@@@@@@@@@@@@@@@@@
@@@@@@@@@@@@@@@@@@@@@@@@@@@@TTTTTTTTTT........T...TT.TTTT.............................................T................................TTT@TT............TTT.....TTTTT@@@@@@@@@@@@@@@@@@@@@@@@@@@@
@@@@@@@@@@@@@@@@@@@@@@@@@@@@@TTTTTTTTTTTTTT..TTTTTTTTTTTT...............................................................................TT@TTT....T.....TTTT...TTTTTT@@@@@@@@@@@@@@@@@@@@@@@@@@@@@
@@@@@@@@@@@@@@@@@@@@@@@@@@@@@@@TTTTTTTTTTTTTTTTTTTTTTTTTT................................................................................TT@TT..TTTT...TTTTTT..TTTT@@@@@@@@@@@@@@@@@@@@@@@@@@@@@@@
@@@@@@@@@@@@@@@@@@@@@@@@@@@@@@@@@TTTTTTTTTTTTTTTTTTTTTTTTTT..............................................................................TT@TTTTTTTTT.TTTTTTTT..T@@@@@@@@@@@@@@@@@@@@@@@@@@@@@@@@@
@@@@@@@@@@@@@@@@@@@@@@@@@@@@@@@@@@@TTTTTTTTTTTTTTTTTTTTTTTTT..............................................................................TT@TTTTTTTTTTTTTTTT@T@@@@@@@@@@@@@@@@@@@@@@@@@@@@@@@@@@@
@@@@@@@@@@@@@@@@@@@@@@@@@@@@@@@@@@@@TTTTTTTTTTTTTTTTTTT..TTTTT............................................................................TTTTTTTTTTTTTTTTTTTT@@@@@@@@@@@@@@@@@@@@@@@@@@@@@@@@@@@@
@@@@@@@@@@@@@@@@@@@@@@@@@@@@@@@@@@@@@@TTTTTTTTTTTTTTTTT...TTTTT............................................................................TT@TTTTTTTTTTTT@T@@@@@@@@@@@@@@@@@@@@@@@@@@@@@@@@@@@@@@
@@@@@@@@@@@@@@@@@@@@@@@@@@@@@@@@@@@@@@@@TTTTTTTTTTTTTT......TTT............................................................................TTT@TTTTTTTTTTT@@@@@@@@@@@@@@@@@@@@@@@@@@@@@@@@@@@@@@@@
@@@@@@@@@@@@@@@@@@@@@@@@@@@@@@@@@@@@@@@@@@TTTTTTTTTTTT......................................................................................TT@TTTTTTT@T@@@@@@@@@@@@@@@@@@@@@@@@@@@@@@@@@@@@@@@@@@
@@@@@@@@@@@@@@@@@@@@@@@@@@@@@@@@@@@@@@@@@@@TTTTTTTTTT........................................................................................TTTTTTT@TT@@@@@@@@@@@@@@@@@@@@@@@@@@@@@@@@@@@@@@@@@@@
@@@@@@@@@@@@@@@@@@@@@@@@@@@@@@@@@@@@@@@@@@@@@TTTTTTTTT.....................................................TTT...............................TTTTTTTT@@@@@@@@@@@@@@@@@@@@@@@@@@@@@@@@@@@@@@@@@@@@@
@@@@@@@@@@@@@@@@@@@@@@@@@@@@@@@@@@@@@@@@@@@@@@@TTTTTTT.....................................................TTT...............................TTTTTT@@@@@@@@@@@@@@@@@@@@@@@@@@@@@@@@@@@@@@@@@@@@@@@
@@@@@@@@@@@@@@@@@@@@@@@@@@@@@@@@@@@@@@@@@@@@@@@@@TTTT................................TT..................TTTTTTTT............................TTTT@@@@@@@@@@@@@@@@@@@@@@@@@@@@@@@@@@@@@@@@@@@@@@@@@
@@@@@@@@@@@@@@@@@@@@@@@@@@@@@@@@@@@@@@@@@@@@@@@@@@TTT................................TT..................TTTTTTTT.............................TT@@@@@@@@@@@@@@@@@@@@@@@@@@@@@@@@@@@@@@@@@@@@@@@@@@
@@@@@@@@@@@@@@@@@@@@@@@@@@@@@@@@@@@@@@@@@@@@@@@@@@@@TTT.............................TTT...................TTTTTT.............................T@@@@@@@@@@@@@@@@@@@@@@@@@@@@@@@@@@@@@@@@@@@@@@@@@@@@
@@@@@@@@@@@@@@@@@@@@@@@@@@@@@@@@@@@@@@@@@@@@@@@@@@@@@@TT............................TTT....................................................T@@@@@@@@@@@@@@@@@@@@@@@@@@@@@@@@@@@@@@@@@@@@@@@@@@@@@@
@@@@@@@@@@@@@@@@@@@@@@@@@@@@@@@@@@@@@@@@@@@@@@@@@@@@@@@TTT..........................TT...................................................TT@@@@@@@@@@@@@@@@@@@@@@@@@@@@@@@@@@@@@@@@@@@@@@@@@@@@@@@
@@@@@@@@@@@@@@@@@@@@@@@@@@@@@@@@@@@@@@@@@@@@@@@@@@@@@@@@@TTT........................TTT.................................................T@@@@@@@@@@@@@@@@@@@@@@@@@@@@@@@@@@@@@@@@@@@@@@@@@@@@@@@@@
@@@@@@@@@@@@@@@@@@@@@@@@@@@@@@@@@@@@@@@@@@@@@@@@@@@@@@@@@@@TT.......................TTT...............................................T@@@@@@@@@@@@@@@@@@@@@@@@@@@@@@@@@@@@@@@@@@@@@@@@@@@@@@@@@@@
@@@@@@@@@@@@@@@@@@@@@@@@@@@@@@@@@@@@@@@@@@@@@@@@@@@@@@@@@@@@@TT.....................TTT.............................................T@@@@@@@@@@@@@@@@@@@@@@@@@@@@@@@@@@@@@@@@@@@@@@@@@@@@@@@@@@@@@
@@@@@@@@@@@@@@@@@@@@@@@@@@@@@@@@@@@@@@@@@@@@@@@@@@@@@@@@@@@@@@TTT....T..............TTT...........................................TT@@@@@@@@@@@@@@@@@@@@@@@@@@@@@@@@@@@@@@@@@@@@@@@@@@@@@@@@@@@@@@
@@@@@@@@@@@@@@@@@@@@@@@@@@@@@@@@@@@@@@@@@@@@@@@@@@@@@@@@@@@@@@@@TTTTTTT.............TTT......TTTTTTTT.......................TT...T@@@@@@@@@@@@@@@@@@@@@@@@@@@@@@@@@@@@@@@@@@@@@@@@@@@@@@@@@@@@@@@@
@@@@@@@@@@@@@@@@@@@@@@@@@@@@@@@@@@@@@@@@@@@@@@@@@@@@@@@@@@@@@@@@@@TTTTT..TT.........TTT......TTTTTTTT..................TT..TTTTT@@@@@@@@@@@@@@@@@@@@@@@@@@@@@@@@@@@@@@@@@@@@@@@@@@@@@@@@@@@@@@@@@@
@@@@@@@@@@@@@@@@@@@@@@@@@@@@@@@@@@@@@@@@@@@@@@@@@@@@@@@@@@@@@@@@@@@TTTTT.TT.........TT.......TTTTTTTT..................TT..TTT@@@@@@@@@@@@@@@@@@@@@@@@@@@@@@@@@@@@@@@@@@@@@@@@@@@@@@@@@@@@@@@@@@@@
@@@@@@@@@@@@@@@@@@@@@@@@@@@@@@@@@@@@@@@@@@@@@@@@@@@@@@@@@@@@@@@@@@@@@TTTTTTTT................TTTTTTTT................TTTTTTTT@@@@@@@@@@@@@@@@@@@@@@@@@@@@@@@@@@@@@@@@@@@@@@@@@@@@@@@@@@@@@@@@@@@@@
@@@@@@@@@@@@@@@@@@@@@@@@@@@@@@@@@@@@@@@@@@@@@@@@@@@@@@@@@@@@@@@@@@@@@@@TTTTTTTTTTTTTTTTTTTTTTTTTTTTTTTTTTTTTTTTTTTTTTTTTTTT@@@@@@@@@@@@@@@@@@@@@@@@@@@@@@@@@@@@@@@@@@@@@@@@@@@@@@@@@@@@@@@@@@@@@@@
