type octile
height 64
width 64
map
......@..@...@@@.@..@....@..@....@...............@..........@@..
..@.....@@..@.................@.........@...@...@.@.@.@.........
...@.@........@..........@@..@.....@@......@...@...@............
...............@@....@.@...@............@...@.....@.....@@@....@
..@....@..@................@.......@@@......@........@.......@@@
.....@@..@.@....@.............@.@...@......@.....@@.@...........
..@......@....@..@.@.@...@@...@....@...........@@@..@..@..@....@
...@@@.@.....@.@....@...@@...@...............@.@....@....@.....@
@@.@...@.....@.....@.....@.............@@@..@...@......@........
..........@...@@........@...@...@....@.........@.........@......
....@.......@..@..............@.........................@...@@..
........@.@@..@............@@.@@@...@....@..@..@.@@.@..@@.@..@.@
.@..@@@...........@..............@...@..........@@@@......@..@..
.@....@...@.....@@.....@....@...@....@.........@..@@@.....@@...@
.......@...........@...@...........@@...........................
.......@@....@....@..@..@..@@.....@.@.......@......@..@@@@....@.
.......@.........@.@..@.@........@............@........@...@....
...@.............@.............@....@.@......@...@.............@
..............@@..@@......@..@..................@....@..@....@..
@.@....@..@..@.@..@.@@.....................@@...............@@..
.@.......@..........@.@@........@..@@.....@T@......@.....@......
...@..@...@..@...@..@.....@..............@.@.@....@..@....@.....
........@@............@.....@........@@.........................
..@....@..............@...................@.....@.....@@........
....@.@.......@..@.@...........@.......................@.....@@.
.@.....@@...........@@.@.@.@.@.@@...@..@.@.......@@.........@...
...@...@.@@....@.........@@...@.....@...................@..@@...
@.@@.@....@.......@.............@..@....@...............@.......
.....@................@@....@.@.......@@........@..@....@.....@.
..@@......@.@.@.....@...@@..@.@.....@......................@...@
@@....@...@................@.............@.......@...@...@..@..@
...................@.@.........@@.....@.....@.....@....@.....@..
@.@@....@.@..@.@..@..@..........@......@.@..@..@...@..@.........
@.....@................@.@.@.....@@.@...@..@.....@..@...........
.............@..@@...@..@...@@@@.....@..@.......@...@....@@....@
@.@.......@...@..@...........@..@.........@....@..@..@.@........
T@@@..@..@...............@......@..........@...@...@.@..@..@@..@
T@....@...............@.....@..@..@@......@@...............@@...
@......@.@@.@..@@.@@@...@.......@......@.........@....@....@....
.........@@@........@@...........@.....@....@.@.@....@.@...@....
................@.@..@@.....@...@.@.@..@........@...@..........@
...@..@..@.........@@.....@....@.........@..@...@@@...........@T
..@.....@...@............@..@......@....@......@.....@@@....@.@T
........@.....@@....@.....@.@.....@.....@.@..@..............@..@
...@.........@....@................@.@@...........@.....@...@...
..@@@......@@..........@@.................@..@...@@..@.......@..
@..@........@..@.@...@....@.......@......@...@...........@......
.....@.@.......@.@@......@.....@..@...@......@@@.....@.......@@.
..@....@...@@....@.@.@@@........@...@.@.......@.....@.....@.....
.............@@.....@@...@.......@@.@....@.@.....@@.@@.......@..
..@.......@......@......@...........@@.@..........@.@@..@..@....
.....@....@@..@...@...@.......@......@....@..@@....@...@.@......
..@.......@..@.............@.@@......@@.@...@.........@........@
@@...@....@.@..@.@..@..@..@.@.@...@@@...@.@......@..@....@....@.
.....@.......@.......@..@..........@T@............@.....@.@.@...
...@....@......@.@...@..@..@.....@@@T@...@.....@..@.@..@...@....
.....@.....@...@...@@...@...@@..@...@..............@...@...@.@@.
.......@....@.@@...@@.@@........@....@.@.@@@..@....@....@@..@...
......@....@@....@@.@.@....@.@.@..@.@......@...@.....@@.........
.......@@..@...........@....@....@......@..@..@...@.@.@@@......@
.@.........@....@..@.....@.........@@..@.....@.....@...@..@.....
@.@...@...@...@...@@@@@.@..@@....................@.@@...@....@..
@..........@@.....@..@...@........@@.@.@....@..@@...............
@.@....@...............@........@..@.@@@.............@@.@.......
