type octile
height 257
width 256
map
@@@@@@@@@@@@@@@@@@@@@@@@@@@@@@@@@@@@@@@@@@@@@@@@@@@@@@@@@@@@@@@@@@@@@@@@@@@@@@@@@@@@@@@@@@@@@@@@@@@@@@@@@@@@@@@@@@@@@@@@@@@@@@@@@@@@@@@@@@@@@@@@TTTTTTTTTTTTTTTTTTTTTTTTTTTTTTTTTTTTTTTTTTTTTT@@@@@@@@@@@@@@@@@@@@@@@@@@@@@@@@@@@@@@@@@@@@@@@@@@@@@@@@@@@@@@@@@@
@@@@@@@@@@@@@@@@@@@@@@@@@@@@@@@@@@@@@@@@@@@@@@@@@@@@@@@@@TTTTTTTTTT@@@@@@@@@@@@@@@@@@@@@@@@@@@@@@@@@@@@@@@@@@@@@@@@@@@@@@@@TTTTTTTTTTTTT...TTTTTTTTTTTTTTTTTTTTTTTTTTTTTTTTTTTTTTTTTTTTTTTTTTTTTTTTTTTTTTTTTTTTTTTTTTTTTTTTTTTTTTTT@@@TTTTTTTT........TTTTTTT@@@
@@@@@@@@@@@@@@@@@@@@@@@@@@@@@@@@@@@@@@@@@@@@TTTTTTTTTTTTTTTTTTTTTTTTTTTTTTTT@@@@@@@@@@@@@@@@@@@@@@@@@@@@@@@@@@@@@@@@@@@@@@@TTTTTTTTTTTTT...TTTTTTTTTTTTTTTTTTTTTTTTTTTTTTTTTTTTTTTTTTTTTTTTTTTTTTTTTTTTTTTTTTTTTTTTTTTTTTTTTTTTTTTT@@@TTTTTTTT........TTTTTTT@@@
@@@@@@@@@@@@@@@@@@@@@@@@@@@@@@@@@@@@@@@@@@@@TTTTTTTTTTTTTTTTTTTTTTTTTTTTTTTT@@@@@@@@@@@@@@@@@@@@@@@@@@@@@@@@@@@@@@@@@@@@@@@TTTTTTTTTTTTT...TTTTTTTTTTTTTTTTTTTTTTTTTTTTTTTTTTTTTTTTTTTTTTTTTTTTTTTTTTTTTTTTTTTTTTTTTTTTTTTTTTTTTTTT@@@TTTTTTTT........TTTTTTTT@@
@@@@@@@@@@@@@@@@@@@@@@@@@@@@@@@@@@@@@@@@@@@TTTTTTTTTTTTTTTTTTTTTTTTTTTTTTTTT@@@@@@@@@@@@@@@@@@@@@@@@@@@@@@@@@@@@@@@@@@@@@@@TTTTTTTTTTTTT...TTTTTTTTTTTTTTTTTTTTTTTTTTTTTTTTTTTTTTTTTTTTTTTTTTTTTTTTTTTTTTTTTTTTTTTTTTTTTTTTTTTTTTTT@@@TTTTTTTT........TTTTTTTT@@
@@@@@@@@@@@@@@@@@@@@@@@@TTTTTTTT@@@@@@@@@@@@TTTTTTTTTTTTTTTTTTTTTTTTTTTTTTTT@@@@@@@@@@@@@@@@@@@@@@@@@@@@@@@@@@@@@@@@@@@@@@@TTTTTTTTTTTTT...TTTTTTTTTTTTTTTTTTTTTTTTTTTTTTTTTTTTTTTTTTTTTTTTTTTTTTTTTTTTTTTTTTTTTTTTTTTTTTTTTTTTTTTT@@TTTTTTTTT........TTTTTTTT@@
@@@@@@@@@@@@@@@@@@@@@@@@TTTTTTTTT@@@@@@@@@@@TTTTTTTTTTTTTTTTTTTTTTTTTTTTTTTT@@@@@@@@@@@@@@@@@@@@@@@@@@@@@@@@@@@@@@@@@@@@@@@TTTTTTTTTTTTT...TTTTTTTTTTTTTTTTTTTTTTTTTTTTTTTTTTTTTTTTTTTTTTTTTTTTTTTTTTTTTTTTTTTTTTTTTTTTTTTTTTTTTTTT@@TTTTTTTT.........TTTTTTTTT@
@@@@@@@@@@@@@@@@@@@@@@@@TTTTTTTTTT@@@@@@T@@@TTTTTTTTTTTTTTTTTTTTTTTTTTTTTTTT@@@@@@@@@@@@@@@@@@@@@@@@@@@@@@@@@@@@@@@@@@@@@@@TTTTTTTTTTTTT...TTTTTTTTTTTTTTTTTTTTTTTTTTTTTTTTTTTTTTTTTTTTTTTTTTTTTTTTTTTTTTTTTTTTTTTTTTTTTTTTTTTTTTTT@@TTTTT............TTTTTTTTT@
@@@@@@@@@@@@@@@@@@@@@@@@TTTTTTTTTTT@@@@@T@@@TTTTTTTTTTTTTTTTTTTTTTTTTTTTTTTT@@@TTTTTTTTTTTTTTTTTTTTTTTTTTTTTTTTTTTTTTTTTTTTTTTTTTTTTTTTT...TTTTTTTTTTTTTTTTTTTTTTTTTTTTTTTTTTTTTTTTTTTTTTTTTTTTTTTTTTTTTTTTTTTTTTTTTTTTTTTTTTTTTTTT@TTTTTT................TTTTT@
@@@@@@@@@@@@@@@@@@@@@@@@TTTTTTTTTTTT@@@@T@@@TTTTTTTTTTTTTTTTTTTTTTTTTTTTTTTTTTTTTTTTTTTTTTTTTTTTTTTTTTTTTTTTTTTTTTTTTTTTTTTT........TTTT...TTTTTTTTTTTTTTTTTTTTTTTTTTTTTTTTTTTTTTTTTTTTTTTTTTTTTTTTTTTTTTTTTTTTTTTTTTTTTTTTTTTTTTTT@TTTTTT................TTTTT@
@@@@@@@@@@@@@@@@@@@@@@@@TTTTTTTTTTTTT@@@T@@@TTTTTTTTTTTTTTTTTTTTTTTTTTTTTTTTTTTTTTTTTTTTTTTTTTTTTTTTTTTTTTTTTTTTTTTTTTTTTTTT........TTTT...TTTTTTTTTTTTTTTTTTTTTTTTTTTTTTTTTTTTTTTTTTTTTTTTTTTTTTTTTTTTTTTTTTTTTTTTTTTTTTTTTTTTTTTT@TTTTT.................TTTTTT
@@@@@@@@@@@@@@@@@@@@@@@@TTTTTTTTTTTTT@@@T@@@TTTTTTTTTTTTTTTTTTTTTTTTTTTTTTTTTTTTTTTTTTTTTTTTTTTTTTTTTTTTTTTTTTTTTTTTTTTTTTTT........TTTT...TTTTTTTTTTTTTTTTTTTTTTTTTTTTTTTTTTTTTTTTTTTTTTTTTTTTTTTTTTTTTTTTTTTTTTTTTTTTTTTTTTTTTTTT@TTTTT..................TTTTT
@@@@@@@@@@@@@@@@@@@@@@@@TTTTTTTTTTTTT@@@T@@@TTTTTTTTTTTTTTTTTTTTTTTTTTTTTTTTTTTTTTTTTTTTTTTTTTTTTTTTTTTTTTTTTTTTTTTTTTTTTTTT........TTTT...TTTTTTTTTTTTTTTTTTTTTTTTTTTTTTTTTTTTTTTTTTTTTTTTTTTTTTTTTTTTTTTTTTTTTTTTTTTTTTTTTTTTTTTTTTTTTT..................TTTTT
@@@@@@@@@@@@@@@@@@@@@@@@TTTTTTTTTTTTT@@@T@@@TTTTTTTTTTTTTTTTTTTTTTTTTTTTTTTTTTTTTTTTTTTTTTTTTTTTTTTTTTTTTTTTTTTTTTTTTTTTTTTT........TTTT...TTTTTTTTTTTTTTTTTTTTTTTTTTTTTTTTTTTTTTTTTTTTTTTTTTTTTTTTTTTTTTTTTTTTTTTTTTTTTTTTTTTTTTTTTTTTTTT.................TTTTT
@@@@@@@@@@@@@@@@@@@@@@@@TTTTTTTTTTTTT@@@T@@@TTTTTTTTTTTTTTTTTTTTTTTTTTTTTTTTTTTTTTTTTTTTTTTTTTTTTTTTTTTTTTTTTTTTTTTTTTTTTTTT........TTTT...TTTTTTTTTTTTTTTTTTTTTTTTTTTTTTTTTTTTTTTTTTTTTTTTTTTTTTTTTTTTTTTTTTTTTTTTTTTTTTTTTTTTTTTTTTTTTTT.................TTTTT
@@@@@@@@@@@@@@@@@@@@@@@@TTTTTTTTTTTTT@@@T@@@TTTTTTTTTTTTTTTTTTTTTTTTTTTTTTTTTTTTTTTTTTTTTTTTTTTTTTTTTTTTTTTTTTTTTTTTTTTTTTTT........TTTT....TTTTT@@@@@@@@@@@@@@@@@TT......T@@@@@@@@@@@@@@@TTTTTTTTTTTTTTTTTTTTTTTTTTTTTTTTTTTTTTTTTTTTTTTT.................TTTTT
@@@@@@@@@@@@@@@@@@@@@@@@TTTTTTTTTTTTT@@@T@@@TTTTTTTTTTTTTTTTTTTTTTTTTTTTTTTTTTTTTTTTTTTTTTTTTTTTTTTTTTTTTTTTTTTTTTTTTTTTTTTT........TTTTT.......TTTTTTTTTTTTTTTTTTT.......TTTTTTTTTTTTTTTTTTTTTTTTTTTTTTTTTTTTTTTTTTTTTTTTTTTTTTTTTTTTTTTT.................TTTTT
@@@@@@@@@@@@@@@@@@@@@@@@TTTTTTTTTTTTT@@@T@@@TTTTTTTTTTTTTTTTTTTTTTTTTTTTTTTTTTTTTTTTTTTTTTTTTTTTTTTTTTTTTTTTTTTTTTTTTTTTTTTT....TT..TTTTT.................................................TTTTTTTTTTTTTTTTTTTTTTTTTTTTTTTTTTTTTTTTTTTTTTTT.................TTTTT
@@@@@@@@@@@@@@@@@@@@@@@@TTTTTTTTTTTTT@@@T@@@TTTTTTTTTTTTTTTTTTTTTTTTTTTTTTTTTTTTTTTTTTTTTTTTTTTTTTTTTTTTTTTTTTTTTTTTTTTTTTTT.....T..TTTTT.................................................TTTTTTTTTTTTTTTTTTTTTTTTTTTTTTTTTTTTTTTTTTTTTTTT.................TTTTT
@@@@@@@@@@@@@@@@@@@@@@@@TTTTTTTTTTTTT@@@@@@@TTTTTTTTTTTTTTTTTTTTTTTTTTTTTTTT@@@TTTTTTTTTTTTTTTTTTTTTTTTTTTTTTTTTTTTTTTTTTTTT........TTTTT.................................................TTTTTTTTTTTTTTTTTTTTTTTTTTTTTTTTTTTTTTTTTTTTTTTT...................TTT
@@@@@@@@@@@@@@@@@@@@@@@@TTTTTTTTTTTTT@@@@@@@TTTTTTTTTTTTTTTTTTTTTTTTTTTTTTTTTTTTTTTTTTTTTTTTTTTTTTTTTTTTTTTTTTTTTTTTTTTTTTTT........TTTT..................................................TTTTTTTTTTTTTTTTTTTTTTTTTTTTTTTTTTTTTTTTTTTTTT.....................TTT
@@@@@@@@@@@@@@@@@@@@@@@@TTTTTTTTTTTTT@@@@@@@TTTTTTTTTTTTTTTTTTTTTTTTTTTTTTTTTTTTTTTTTTTTTTTTTTTTTTTTTTTTTTTTTTTTTTTTTTTTTTTT........TTTT..................................................TTTTTTTTTTTTTTTTTTTTTTTTTTTTTTTTTTTTTTTTTTTTTT.....................TTT
@@@@@@@@@@@@@@@@@@@@@@@@TTTTTTTTTTTTT@@@@@@@TTTTTTTTTTTTTTTTTTTTTTTTTTTTTTTTTT@TTTTTTTTTTTTTTTTTTTTTTTTTTTTTTTTTTTTTTTTTTTTT........TTTT..................................................TTTTTTTTTTTTTTTTTTTTTTTTTTTTTTTTTTTTTTTTTTTTTT.....................TTT
@@@@@@@@@@@@@@@@@@@@@@@@TTTTTTTTTTTTT@@@@@@@TTTTTTTTTTTTTTTTTTTTTTTTTTTTTTTTT@@TTTTTTTTTTTTTTTTTTTTTTTTTTTTTTTTTTTTTTTTTTTTT........TTTTT..TTTTT..........................................TTTTTTTTTTTTTTTTTTTTTTTTTTTTTTTTTTTTTTTTTTTTTT.....................TTT
@@@@@@@@@@@@@@@@@@@@@@@@TTTTTTTTTTTTT@@@@@@TTTTTTTTTTTTTTTTTTTTTTTTTTTTT@@@@@TTTTTTTTTTTTTTTTTTTTTTTTTTTTTTTTTTTTTTTTTTTTTTT........TTTTTT.TTTTT.............TTT...........................TTTTTTTTTTTTTTTTTTTTTTTTTTTTTTTTTTTTTTTTTTTTT.....................TTT
@@@@@@@@@@@@@@@@@@@@@@@@TTTTTTTTTTTTT@@@@@@TTTTTTTTTTTTTTTTTTTTTTTT.TTTT@@@@@@@TTTTTTTTTTTTTTTTTTTTTTTTTTTTTTTTTTTTTTTTTTTTT........TTTTTT.TTTTT.............TTT.TT........TT.TTT..........TTTTTTTTTTTTTTTTTTTTTTTTTTTTTTTTTTTTTTTTTTTTT.....................TTT
@@@@@@@@@@@@@@@@@@@@@@@@TTTTTTTTTTTTT@@@@T@TTTTTTTTTTTTTTTTTTTTTTTT..TTTTT@@@@@TTTTTTTTTTTTTTTTTTTTTTTTTTTTTTTTTTTTTTTTTTTTT........TTTTTT..TTTT.............TTT..............TTT..........TTTTTTTTTTTTTTTTTTTTTTTTTTTTTTTTTTTTTTTTTTTTT.....................TTT
@@@@@@@@@@@@@@@@@@@@@@@@TTTTTTTTTTTTT@@@@@T@TTTTTTTTTTTTTTTTTTTTTTT..TTTTTTT@@@TTTTTTTTTTTTTTTTTTTTTTTTTTTTTTTTTTTTTTTTTTTTT........TTTT....TTTT.............TTT..............TTT..........TTTTTTTTTTTTTTTTTTTTTTTTTTTTTTTTTTTTTTTTTTTTT.....................TTT
@@@@@@@@@@@@@@@@@@@@@@@@TTTTTTTTTTTTT@@@@@TTTTTTTTTTTTTTTTTTTTTTTTTT..TTT@@@@@@TTTTTTTTTTTTTTTTTTTTTTTTTTTTTTTTTTTTTTTTTTTTT........TTTT....T.................................TTT..........T@@@@@@@@@@@@@@@@TTTT@@@@@@@@@@@@@@TTTTTTTTTT...................TTTTT
@@@@@@@@@@@@@@@@@@@@@@@@TTTTTTTTTTTTT@@@@@@@TTTTTTTTTTTTTTTTTTTTTTTT..TT@@@@@@@TTTTTTTTTTTTTTTTTTTTTTTTTTTTTTTTTTTTTTTTTTTTT........TTTT...................................................T@@@@@@@@@@@@@@@@T..TT@@@@@@@@@@@TTTTTTTTTTTTTT.................TTTTT
@@@@@@@@@@@@@@@@@@@@@@@@TTTTTTTTTTTTT@@@@@@@@TTTTTTTTTTTTTTTTTTTTTTTT..TTTTTTTTTTTTTTTTTTTTTTTTTTTTTTTTTTTTTTTTTTTTTTTTTTTTT.....T..TTTT...........TT......................................T@@@@@@@@@@@@@@@@T...T@@@@TTTTTTTTTTTTTTTTTTTTT.................TTTTT
@@@@@@@@@@@@@@@@@@@@@@@@TTTTTTTTTTTTT@@@@@@@@TTTTTTTTTTTTTTTTTTTTTTTT...T......TTTTTTTTTTTTTTTTTTTTTTTTTTTTTTTTTTTTTTTTTTTTT....TT..TTTTTTTTTTTTTTTTTTT.TT.................................TTTTTTTTTTTTTTTTTT...TTTTTT......TTTTTTTTTTTTTT.................TTTTT
@@@@@@@@@@@@@@@@@@@@@@@@TTTTTTTTTTTTT@@@T@@@@@TTTTTTTTTTTTTTTTTTTTTTT..........TTTTTTTTTTTTTTTTTTTTTTTTTTTTTTTTTTTTTTTTTTTTT.......TTTTTTTTTTTTTTTTTTTTTTTT.................................................................TTTTTTTTTTTTTT.................TTTTT
@@@@@@@@@@@@@@@@@@@@@@@@TTTTTTTTTTTTT@@@T@@@@@TTTTTTTTTTTTTTTTTTTTTT................................................................TTTTTTTTTTTTTTTTTTTTTTTT................................................................TTTTTTTTTTTTTT.................TTTTT
@@@@@@@@@@@@@@@@@@@@@@@@TTTTTTTTTTTTT@@@T@@@@@@TTTTTTTTTTTTTTTTTT....................................................................TTTTTTTTTTTTTTTTTTTTTTT................................................................TTTTTTTTTTTTTT.................TTTTT
@@@@@@@@@@@@@@@@@@@@@@@@TTTTTTTTTTTTT@@@T@@@@@@TTTTTTTTTTTTTT.......................................................................................TTTTTTTTTT..............................................................TTTTTTTTTTTTTT...................TTT
@@@@@@@@@@@@@@@@@@@@@@@@TTTTTTTTTTTTT@@@T@@@@@@@TTTTTTTTTTT.........................TT............T.............TT............T.......................TTTTTTTTTT....................................TTT..............TTT......TTTTTTTTT......................TTT
@@@@@@@@@@@@@@@@@@@@@@@@TTTTTTTTTTTTT@@@T@@@@@@@TTTTTTTTT...........................T.............T.............T.............T.........................TTTTTTTTTT..................................TTT..............TTT......TTTTTTTTT......................TTT
@@@@@@@@@@@@@@@@@@@@@@@@TTTTTTTTTTTTT@@@T@@@@@@@TTTTTTT..................................................................................................TTTTTTTTTT..................................TT..............TTT......TTTTTTTTT......................TTT
@@@@@@@@@@@@@@@@@@@@@@@@TTTTTTTTTTTTT@@@@@@@@@@@@TTTTT...................................................................................................TTTTTTTTTTT......................................TT....TT............TTTTTTTTT......................TTT
@@@@@@@@@@@@@@@@@@@@@@@@TTTTTTTTTTTTT@@@@@@@@@@@@TTT......................................................................................................T...TTTTTTT.........................................................TTTTTTTTT......................TTT
@@@@@@@@@@@@@@@@@@@@TTTTTTTTTTTTTTTTTTTTTTTTTTT@TTT.............................................................................................................TTTTTTT.......................................................TTTTTTTTT......................TTT
@@@@@@@@@@@@@@@@@@@@TTTTTTTTTTTTTTTTTTTTTTTTT@TTT................................................................................................................TTTTTTT......................................................TTTTTTTTT......................TTT
@@@@@@@@@@@@@@@@@@@@TTTTTTTTTTTTTTTTTTTTTTTTTTTTT.................................................................................................................TTTTTTT.....................................................TTTTTTTTT......................TTT
@@@@@@@@@@@@@@@@@@@@TTTTTTTTTTTTTTTTTTTTTTTTTTTTT..................................................................................................................TTTTTTTTTT........................TTTTTTT..................TTTTTTTTT......................TTT
@@@@@@@@@@@@@@@@@@@@TTTTTTTTTTTTTTTTTTTTTTTTTTTTT...................................................................................................................TTTTTTTTTTTTTT..........TTTTTTTTTTTTT@@TT.................TTTTTTTTT......................TTT
@@@@@@@@@@@@@@@@@@@@TTTTTTTTTTTTTTTTTTTTTTTTTTTTT....................................................................................................................TTTTTTTTTT@@TT........TTTTTTTTTTTTTTTTTTTTTTTTTTTTTTTTTTTTTTTTTTTTTT..................TTTTT
@@@@@@@@@@@@@@@@@@@@TTTTTTTTTTTTTTTTTTTTTTTTTTTTT....TT................................................................................................................TTTTTTTTTTTTT......TT@TTTTTTTTTTTTTTTTTTTTTTTTTTTTTTTTTTTTTTTTTTTT..................TTTTT
@@@@@@@@@@@@@@@@@@@@TTTTTTTTTTTTTTTTTTTTTTTTTTTTT..........................................................................T..............TTTTT........................TTTTTTTTTTT@T.......TTTTTTTTTTTTTTTTTTTTTTTTTTTTTTTTTTTTTTTTTTTTTT..................TTTTT
@@@@@@@@@@@@@@@@@@@@TTTTTTTTTTTTTTTTTTTTTTTTTTTTT.....TT..................................................................T..T..T.........TTTTTTT....T..................TTTTTTTTTTTT........TTTTTTTTTTTTTTTTTTTTTTTTTTTTTTTTTTTTTTTTTTTTT..................TTTTT
@@@@@@@@@@@@@@@@@@@@TTTTTTTTTTTTTTTTTTTTTTTTTTTTT.....TTTT................................................................T...TT.T........TTTTTTTT...T...................TTTTTTTTTT..........T@TTTTTTTTTTTTTTTTTTTTTTTTTTTTTTTTTTTTTTTTTT..................TTTTT
@@@@@@@@@@@@@@@@@@@@TTTTTTTTTTTTTTTTTTTTTTTTTTTTT....TTTTTT................................................................T.....TT.............TTTTTTTTTTT...............TTTTTTTT...........TT@@@TTT@@@@@TTT................TTTTTTTTTTTT..................TTTTT
@@@@@@@@@@@@@@@@@@@@TTTTTTTTTTTTTTTTTTTTTTTTT...T....TTTTT........................................................................TT............TTTTT@@@@@T................TTTTTT.............TTTTTTTTTTTTTT.................TTTTTTTTTTTT....................TTT
@@@@@@@@@@@@@@@@@@@@TTTTTTTTTTTTTTTTTTTTTTTTT........TTTTT................................................................TTT......TTTTTTTTTTTTTTTTTTTTTTTTTT..............TTT.................................................TTTTTTT.......................TTT
@@@@@@@@@@@@@@@@@@@@@@@@@@@@@@@@TTTTTTTTTTTTT........TTTTT....................................TTTTTTT.....TTTTTTTTTTTTTTTTT..T.....TTTTTTTTTTTTTTTTTTTTTTTTTTT.............TTT.................................................TTTTTTT.....................TTTTT
@@@@@@@@@@@@@@@@@T@@@@@@@@@@@@@@TTTTTTTTTTTTT...........T.....................................TTTTTTT.....TTTTTTTTTTTTTT.....T......TTTTTTTTTTTTTTTTTTTTTTTTTT.............TTT.............................................................................TTTTT
@@@@@@@@@@@@@TTTTT@@@@@@@@@@@@@@TTTTTTTTTTTTT.............................................................TTTTTTTTTTTTT.......T....TTTTTTTTTTTTTTTTTTTTTTTTTTT...........................................................................................TTTTTTT
@@@@@@@@@TTTTTTTTT@@@@@@@@@@@@@@TTTTTTTTTTTTT....................................................TTTTTTTTTTTTTTTTTTTTTT.......T....TTTTTTTTTTTTTTTTTTTTTTTTTTT...........................................................................................TT@@TTT
@@@@@@@@@TTTTTTTT@@@@@@@@@@@@@@@TTTTTTTTTTTTT....................................................TTTTTTTTTTTTTTTTTTTTTT........T...TTTTTTTTTTTTTTTTTTTTTTTTTT...........................................................................................TTTTTTTT
@@@@@@@@@TTTT@@@@@@@@@@@@@@@@@@@TTTTTTTTTTTTTT...................................................TTTTTTTTTTTTTTTTTTTTTT..........T..TTTTTTTTTTTTTTTTTTTTTTTTT.......T...................................................................................TTTTTTTT
@@@@@@@@@@@@@@@@@@@@@@@@@@@@@@@@TTTTTTTTTTTT.....................................................TTTTTTTTTTTTTTTTTTTTTT.............TTTTTTTTTTTTTTTTTTTTTTTTTTTTTTTTT...................................................................................TTTTTTTT
@@@@@@@@T@TT@@@@@@TTTTTTTTTTTTTTTTTTTTTTTTT.................................T.........TTTTT......TTTTTTTTTTTTTTTTTTTTTT.............TTTTTTTTTTTTTTTTTTTTTTTTT@@@@@@TT...................................................................................TTTTTTTT
@@TTTT@@@@TT@@@@@@@@@@@TTTTTTTTTTTTTTTTTTT.................................TTTTT......TTTTTTTTTTTTTTTTTTTTTTTTTTTTTTTTTTTTTTTTT.....TTTTTTTTTTTTTTTTTTTTTTTTT@@@@@@TT...............................................................................TTTTTTTTTTTT
@@TTTT@@TTTTTTTTTTTTTTTTTTTTTTTTTTTTTTTTT..................................TTTTTTTTTTTTTTTTTTTTTTTTTTTTTTTTTTTTTTTTTTTTTTTTTTTT.....TTTTTTTTTTTTTTTTTTTTTTTTT@@@@@@TT...............................................................................TTTTTTTTTTTT
@@TTTT@@TTTTTTTTTTTTTTTTTTTTTTTTTTTTTTTT..................................TTTTTTTTTTTTTTTTTTTTTTTTTTTTTTTTTTTTTTTTTTTTTTTTTTTTT.....TTTTTTTTTTTTTTTTTTTTTTTTT@@@@@@TT...............................................................................TTTTTTTTTTTT
@@TTTT@@TTTTTTTTTTTTTTTTTTTTTTTTTTTTTTTT..................................TTTTTTTTTTTTTTTTTTTTTTTTTTTTTTTTTTTTTTTTTTTTTTTTTTTTT.....TTTTTTTTTTTTTTTTTTTTTTTTT@@@@@@TT...............................................................................TTTTTTTTTTTT
@@TTTT@@TTTTTTTTTTTTTTTTTTTTTTTTT.........................................TTTTTTTTTTTTTTTTTTTTTTTTTTTTTTTTTTTTTTTTTTTTTTTTTTTTT.....TTTTTTTTTTTTTTTTTTTTTTTTT@@@@T@TT...............................................................................TTTTTTTTTTTT
@@TTTT@@TTTTTTTTTTTTTTTTTTTTTTTTT........................................TTTTTTTTTTTTTTTTTTTTTTTTTTTTTTTTTTTTTTTTTTTTTTTTTTTTTT.....TTTTTTTTTTTTTTTTTTTTTTTTTTTT@@@@T...............................................................................TTTTTTTTTTTT
@@TTTT@@TTTTTTTTTTTTTTTTTTTTTTTTT........................................TTTTTTTTTTTTTTTTTTTTTTTTTTTTTTTTTTTTTTTTTTTTTTTTTTTTTT.....TTTTTTTTTTTTTTTTTTTTTTTTTTTT@@TTT...............................................................................TTTTTTTTTTTT
@@TTTT@@TTTTTTTTTTTTTTTTTTTTTTTTT.......................................TTTTTTTTTTTTTTTTTTTTTTTTTTTTTTTTTTTTTTTTTTTTTTTTTTTTTTT.....TTTTTTTTTTTTTTTTTTTTTTTTTTTTTTT.................................................................................TTTTTTTTTTTT
TTTTTTTTTTTTTTTTTTTTTTTTTTTTTTTTT.......................................TTTTTTTTT@TTTTTTTTTTTTTTTTTTTTTTTTTTTTTTTTTTTTTTTTTTTTT.....TTTTTTTTTTTTTTTTTTTTTTTTTTTTT...................................................................................TTTTTTTTTTTT
TTTTTTT@TTTTTTTTTTTTTTTTTTTTTTTTT.......................................TTTTTTTTT@TTTTTTTTTTTTTTTTTTTTTTTTTTTTTTTTTTTTTTTTTTTTT.....TTTTTTTTTTTTTTTTTTTTTTTTTTTTT...................................................................................TTTTTTTTTTTT
TTTTTTTTT...............................................................TTTTTTTTTTTTTTTTTTTTTTTTTTTTTTTTTTTTTTTTTTTTTTTTTTTTTTT..TT.TTTTTTTTTTTTTTTTTTTTTTTTTTTTT.TTT...............................................................................TTTTTTTTTTTT
TTTTTTTTT..T...............................................................TTTTT..TTTTTTTTTTTTTTTTTTTTTTTTTTTTTTTTTTTTTTTTTTTTT..TT.TTTTTTTTTTTTTTTTTTTTTTTTTTTTT.TTT...............................................................................TTTTTTTTTTTT
TTTTTTTTT..TT................................................................TTT..TTTTTTTTTTTTTTTTTTTTTTTTTTTTTTTTTTTTTTTTTTTTT..TTTTTTTTTTTTTTTTTTTTTTTTTTTTTTTT.TTT..T............................................................................TTTTTTTTTTTT
TTTTTTTTTTTT......................................................................TTTTTTTTTTTTTTT@TTTTTTTTTTTTTTTTTTTTTTTTTTTTTT..TTTTTTTTTTTTTTTTTTTTTTTTTTTTTTT.TTT..T................................................................................TTTTTTTT
@@TTTT@@TTTTTTT..................TTT....................................................TTTTTTTTTTTTTTTTTTTTTTTTTTTTTTTTTTTTTTTTTT@@TTTTTTTTTTTTTTTTTTTTTTTTTTTTT.TTT..T................................................................................TTTTTTTT
@@TTTT@@TTTTTTTTTTTTTTT....TT.TTTTTTT...................................................TTTTTTTTTTTTTTTTTTTTTTTTTTTTTTTTTTTTTTTTTTT@TTTTTTTTTTTTTTTTTTTTTTTTTTTTT.TTT..............................................................................TTTTTTTTTTTTT
@@TTTT@@TTTTTTTTTTTTTTT....TTTTTTTTTT......................................................TTTTTTTTTTTTTTTTTTTTTTTTTTTTTTTTTTTTTTTT@TTTTTTTTTTTTTTTTTTTTTTTTTTTTT.TTT..............................................................................TTTTTTTTTTTTT
@@TTTT@TTTTTTTTTTTTTTTTTTTTTTTTTTTTTT.................................................TTTTTTT.TTT...............TTTT...TTTTTTTTTTT@@TTTTTTTTTTTTTTTTTTTTTTTTTTTTT..................................................................................TTTTTTTTTTTTT
@@TTTT@TTTTTTTTTTTTT@@@TTTTTTTTTTTTTTTTT.................................................TTT...........................TTT.TTTTTTT@@TTTTTTTTTTTTTTTTTTTTTTTTTTTTT..................................................................................TTTTTTTTTTTTT
@@TTTT@TTTTTTTTTTTTT@@@TTTTTTTTTTTTTTTTT...T.............................................TT............................TTT..TTTTTT@@TTTTTTTTTTTTTTTTTTTTTTTTTTTTT..................................................................................TTTTTTTTTTTTT
@@TTTTTTTTTTTTTTTTTT@@@TTTTTTTTTTTTTTTTTT.....................................................TTTTTTT........................TTTTT@@TTTTTTTTTTTTTTTTTTTTTTTTT...................................................................................TTTTTTTTTTTTTTTT
@@TTTTTTTTTTTTTTTTTT@@@@TTTTTTTTTTTTTTTTT...T.................................................TTTTTTT..........................TTTTTTTTTTTTTTTTTTTTTTTTTTTTTT........................................................................................TTTTTTTTTTT
@@TTTTTTTTTTTTTTTTTT@@@@TTTTTTTTTTTTTTTTT.........................................................TT............................TT..TTTTTTTTTTTTTTTTTTTTTTTTT........................................................................................TTTTTTTTTTT
@@TTTTTTTTTTTTTTTTTT@@@@TTTTTTTTTTTTTTTTT...........................................................................................TTTTTTTTTTTTTTTTTTTTTTTTT........................................................................................TTTTTTTTTTT
@@TTTTTTTTTTTTTTTTTT@@@@@TTTTTTTTTTTTTTTTT..............................................TT................TTT.........TTT...........TTTTTTTTTTTTTTTTTTTTTTTTT........................................................................................TTTTTTTTTTT
@@TTTTTTTTTTTTTTTTTT@@@@@TTTTTTTTTTTTTTTTTT.............................................TTTT...........TTTTTTT........TTT...........TTTTTTTTTTTTTTTTTTTTTTTTT...................................TTTTTTTTT............................................TTTTTTTTTTT
TTTTTTTTTTTTTTTTTTTT@@@@@TTTTTTTTTTTTTTTTTTTTT...........................................TTT............T.TTT.........TTT...........TTTTTTTTTTTTTTTTTTTTTTTTT...................................TTTTTTTTT............................................TTTTTTTTTTT
TTTTTTTTTTTTTTTTTTTT@@@@@TTTTTTTTTTTTTTTTTTTTTTTT.........................................T...........................TTT...........TTTTTTTTTTTTTTTTTTTTTTTTT...................................TTTTTTTTT............................................TTTTTTTTTTT
TTTTTTTTTTTTTTTTTTTT@@@@@@TTTTTTTTTTTTTTTTTTTTTTTTTT......................................T...................................................TTTTT..TT.........................................TTTTTTTTT............................................TTTTTTTTTTT
TTTTTTTTTTTTTTTTTTTT@@@@@@TTTTTTTTTTTTTTTTTTTTTTTTTTTTTT......................................................................................TTTTT..TT.........................................TTTTTTTTT............................................TTTTTTTTTTT
TTTTTTT@@@TTTTTTTTTT@@@@@@TTTTTTTTTTTTTTTTTTTTTTTTTTTTTT......................................................................................TTT...........................................TTTTTTTTTTTTTTTTTTTTTTTTT................................TTTTTTTTTTT
TTTTTTT@@@@@@TTTTTTT@@@@@@@TTTTTTTTTTTTTTTTTTTTTTTTTTTTTT...................................................................................................................................TTTTTTTTTTTTTTTTTTTTTTTTT................................TTTTTTTTTTT
TTTTTTT@@@@@@@@TTTTT@@@@@@@TTTTTTTTTTTTTTTTTTTTTTTTTTTTTT...................................................................................................................................TTTTTTTTTTTTTTTTTTTTTTTTT................................TTTTTTTTTTT
@@TTTT@@@@@@@@@@@@TT@@@@@@@TTTTTTTTTTTTTTTTTTTTTT@TTTTTTTT................................................................................................................................TTTTTTTTTTTTTTTTTTTTTTTTTTT........................TTT.....TTTTTTTTTTT
TTTTTTTTTTTTTTTTT@@@@@@@@@@@TTTTTTTTTTTTTTTTTTTTTTTTTTTTTTT...............................................................................................................................TTTTTTTTTTTTTTTTTTTTTTTTTTT..........TT.............TT.....TTTTTTTTTTT
TTTTTTTTTTTTTTTTT@@@@@@@@@@@TTTTTTTTTTTTTTTTT@@TTTTTTTTTTTT.............TT................................................................................................................TTTTTTTTTTTTTTTTTTTTTTTTTTT..........TT.............TT.....TTTTTTTTTTT
TTTTTTTTTTTTTTTTT@@@@@@@@@@@TTTTTTTTTTTTTTTTTT@TTTTTTTTTTTTT...........TTTT...............................................................................................................TTTTTTTTTTTTTTTTTTTTTTTTTTT................................TTTTTTTTTTT
TTTTTTTTTTTTTTTTT@@@@@@@@@@@TTTTTTTTTTTTTTTTTT@TTTT@TTTTTTTTTTTTTTTTTTTTTTT...............................................................................................................TTTTTTTTTTTTTTTTTTTTTTTTTTT................................TTTTTTTTTTT
@@TTTT@@@@@@@@@@@@@@@@@@@@@@@TTTTTTTTTTTTTTTTTT@TTT@TTTTTTTTT@@@@@@@@TTTTTTT..............................................................................................................TTTTTTTTTTTTTTTTTTTTTTTTTTT................................TTTTTTTTTTT
@@TTTT@@@@@@@@@@@@@@@@@@@@@@@TTTTTTTTTTTTTTTTTT@TTT@@TTTTTTTTT@@@@@@TTTTTTTT..............................................................................................................TTTTTTTTTTTTTTTTTTTTTTTTTTT................................TTTTTTTTTTT
@@TTTT@@@@@@@@@@@@@@@@@@@@@@@TTTTTTTTTTTTTTTTTTTTTTT@TTTTTTTTTTTTTTTTTTTTTTT................................................................................................................TTTTTTTTTTTTTTTTTTTTTTTTT................................TTTTTTTTTTT
@@TTTT@@@@@@@@@TTTT@@@@@@@@@@@T@@TTTTTTTTTTTTTT@TTTT@@TTTTTTTTTTTTTTTTTTTTTTT..........................................................................................................T....TTTTTTTTTTTTTTTTTTTTTTTTT................................TTTTTTTTTTT
@@TTTT@@@@@@@@@TTTT@@@@@@@@@@@@@@@TTTTTTTTTTT@@@TTTT@@TTTTTTTTTTTTTTTTTTTTTTTTT.......................................................................................................TTTTTTTTTTTTTTTTTTTTTTTTTTTTTTT................................TTTTTTTTTTT
@@TTTT@@@@@@@@@TTTT@@@@@@@@@@@@@@@TTTTTTTTT@@@@@@TTT@@@TTTTTTTTTTTTTTTTTTTTTTTTT.....................................................................................................TTTTTTTTTTTTTTTTTT@TTTTTTTTTTTTTTTT.............................TTTTTTTTTTT
@@@@@@@@@@@@@@@TTTT@@@@@@@@@@@@@@@@TTTTTT@@@@@@@@TTTT@@TTTTTTTTTTTTTTTTTTT@TTTTTTT..................................................................................................TTTTTTTTTTTTTTTTTTT@TTTTTTTTTTTTT................................TTTTTTTTTTT
@@@@@@@@@@@@@@@TTTT@@@@@@@@@@@@@@@@TTTT@@@@@@@@@@TTTT@@@TTTTTTTTTTTTTTTTT@@@@TTT@TT.................................................................................................TTTTTTTTTTTTTTTTTTT@TTTTTTTTTTTTTTTTT............................TTTTTTTTTTT
@@@@@@@@@@@@@@@TTTT@@@@@@@@@@@@@@@@@T@@@@@@@@@@@@TT@@@@@TTTTTTTTTTTTTTTT@@@@@@TTTTTTT................................................................................................TTTTTTTTTTTTTTTTTT@TTTTTTTTTTTTTTTTT............................TTTTTTTTTTT
@@@@@@@@@@@@@@@TTTT@@@@@@@@@@@@@@@@@@@@@@@@@@@@@@@@@@@@@@TTTTTTTTTTTTTTTT@@@@@TTTTTTTTTT.................................................TT............................................TT@TTTTTTTTTTTTT@TTTTTTTTTTTTTTTTT............................TTTTTTTTTTT
@@@@@@@@@@@@@@@TTTT@@@@@@@@@@@@@@@@@@@@@@@@@@@@@@@@@@@@@@TTTTTTTTTTTTTTTTTT@@@@TTTTTTTTTTTTTT..........................................TTTT.............................................TTTTTTTTTTTTTTT@TTTTTTTTTTTTTTTTT............................TTTTTTTTTTT
@@@@@@@@@@@@@@@TTTT@@@@@@@@@@@@@@@@@@@@@@@@@@@@@@@@@@@@@@@TTTTTTTTTTTTTTTTTTTTTTTTTTTTTTTTTTTT.......................................TTTTTTT............................................TTTTTTTTTTTTTTT@TTTTTTTTTTTTTTTTT............................TTTTTTTTTTT
@@@@@@@@@@@@@@@TTTT@@@@@@@@@@@@@@@@@@@@@@@@@@@@@@@@@@@@@@TTTTTTTTTTTTTTTTTTTTTTTTTTTTTTTTTTTTTTTT.................................TTTTTTTTTT............................................TTTTTTTTTTTTTTT@TTTTTTTTTTTTTTTTT............................TTTTTTTTTTT
@@@@@@@@@@@@@@@TTTT@@@@@@@@@@@@@@@@@@@@@@@@@@@@@@@@@@@@TTTTTTTTTTTTTTTTTTTTTTTTTTTTTTTTTTTTTTTTTTTT.............................TTTTTTTTTTTTT...........................................TTTTTTTTTTTTTTT@TTTTTTTTTTTTTTTTT............................TTTTTTTTTTT
@@@@@@@@@@@@TTTTTTT@@@@@@@@@@@@@@@@@@@@@@@@@@@@@@@@@@TTTTTTTTTTTTTTTTTTTTTTTTTTTTTTTTTTTTTTTTTTTTTTTTT.........................TTTTTTTTTTTTTTT..TTTT....................................TTTTTTTTTTTTTTT@TTTTTTTTTTTTTTTTT............................TTTTTTTTTTT
@@@@@@@@@@@TTTTTTTTTT@TTT@@@@@@@@@@@@@@@@@@@@@@@@@@TTTTTTTTTTTTTTTTTTTTTTTTTTTTTTTTTTTTTTTTTTTTTTTTTTTTTTTT...................TTTTTTTTTTTTTTTTTTTTTT....................................TTTTTTTTTTTTTTT@TTTTTTTTTTTTTTTTT............................TTTTTTTTTTT
@@@@@@@@@@@TTTTTTTTTTTTTTTTTTTTTT@@@@@@@@@@@@@@@@TTTTTTTTTTTTTTTTTTTTTTTTTTTTTTTTTTTTTTTTTTTTTTTTTTTTTTTTTTTTTT...............TTTTTTTTTTTTTTTTTTTTTTT...................................TTTTTTTTTTTTTTT@TTTTTTTTTTTTTTTT.............................TTTTTTTTTTT
@@@@@@@@@@@TTTTTTTTTTTTTTTTTTTTTTT@@@@@@@@@@@@@TTTTTTTTTTTTTTTTTTTTTTTTTTTTTTTTTTTTTTTTTTTTTTTTTTTTTTTTTTTTTTTTTTT.............TTTTTTTTTTTTTTTTTTTTTTT..................................TTTTTTTTTTTTTTT@TTTTTTTTTTTTT................................TTTTTTTTTTT
@@@@@@@@@@@TTTTTTTTTTTTTTTTTTTTTTTTTTT@@@@@@@TTTTTTTTTTTTTTTTTTTTTTTTTTTTTTTTTTTTTTTTTTTTTTTTTTTTTTTTTTTTTTTTTT@@TTT............TTTTTTTTTTTTTTTTTTTTTTT.................................TTTTTTTTTTTTTTT@TTTTTTTTTTTTT................................TTTTTTTTTTT
@@@@@@@@@@TTTTTTTTTTTTTTTTTTTTTTTTTTTTTTTTTTTTTTTTTTTTTTTTTTTTTTTTTTTTTTTTTTTTTTTTTTTTTTTTTTTTTTTTTTTTTTTTTTTTT@@@@T......T.....TTTTTTTTTTTTTTTTTTTTTTTT................................TTTTTTTTTTTTTTT@TTTTTTTTTTTTT..............................TTTTTT@@@@TTT
@@@@@@@@@@TTTTTTTTTTTTTTTTTTTTTTTTTTTTTTTTTTTTTTTTTTTTTTTTTTTTTTTTTTTTTTTTTTTTTTTTTTTTTTTTTTTTTTTTTTTTTTTTTTTTT@@@@T....TTTTTTTTTTTTTTTTTTTTTTTTTTTTTTTTTT..............................TTTTTTTTTTTTTTT@TTTTTTTTTTTTT.........T....................TTTTTTTTTTTTT
@@@@@@@@@@TTTTTTTTTTTTTTTTTTTTTTTTTTTTTTTTTTTTTTTTTTTTTTTTTTTTTTTTTTTTTTTTTTTTTTTTTTTTTTTTTTTTTTTTTTTTTTTTTTTTT@@@@T..TTTTTTTTTT@@TTTTTTTTTTTTTTTTTTTTTT@TT.............................TTTTTTTTTTTTTTT@TTTTTTTTTTTTT.........TT...................TTTTTTTTTTTTT
@@@@@@@@@TTTTTTTTTTTTTTTTTTTTTTTTTTTTTTTTTTTTTTTTTTTTTTTTTTTTTTTTTTTTTTTTTTTTTTTTTTTTTTTTTTTTTTTTTTTTTTTTTTTTTT@@@@TTTTTTTTTTTTT@@@TTTTTTTTTTTTTTTTTTTTT@@T.............................TTTTTTTTTTTTTTT@TTTTTTTTTTTTT.........TT....................TTTTTTTTTTTT
@@@@@@@@@TTTTTTTTTTTTTTTTTTTTTTTTTTTTTTTTTTTTTTTTTTTTTTTTTTTTTTTTTTTTTTTTTTTTTTTTTTTTTTTTTTTTTTTTTTTTTTTTTTTTTT@@@TTTTTTTTTTTTTT@@@TTTTTTTTTTTTTTTTTTTTT@@TT............................TTTTTTTTTTTTTTT@TTTTTTTTTTTTT.........TTT...................TTTTTTTTTTTT
@@@@@@@@@TTTTTTTTTTTTTTTTTTTTTTTTTTTTTTTTTTTTTTTTTTTTTTTTTTTTTTTTTTTTTTTTTTTTTTTTTTTTTTTTTTTTTTTTTTTTTTTTTTTTT@@@TTTTTTTTTTTTTTTTTTTTTTTTTTTTTTTTTTTTTTTT@@T............................TTTTTTTTTTTTTTT@TTTTTTTTTTTTT.........TTT.....................TTTTTTTTTT
@@@@@@@@TTTTTTTTTTTTTTTTTTTTTTTTTTTTTTTTTTTTTTTTTTTTTTTTTTTTTTTTTTTTTTTTTTTTTTTTTTTTTTTTTTTTTTTTTTTTTTTTTTTTTT@@TTTTTTTTTTTTTTTTTTTTTTTTTTTTTTTTTTTTTTTTT@@T..............................TTTTTTTTTTTTT@TTTTTTTTTTTTT.........TTT.................TT...T.....TTT
@@@@@@@@TTTTTTTTTTTTTTTTTTTTTTTTTTTTTTTTTTTTTTTTTTTTTTT@@@TTTTTTTTTTTTTTTTT@TTTTTTTTTTTTTTTTTTTTTTTTTTTTTTTTTT@TTTTTTTTTTTTTTTTTTTTTTTTTTTTTTTTTTTTTTTTTTT@T..............................TTTTTTTTTTTTT@TTTTTTTTTTTTT.........TT..................TT.TTT.....TTT
@@@@@@@@TTTTTTTTTTTTTTTTTTTTTTTTTTTTTTTTTTTTTTTTTTTTT@@@@@@TTTTTTTTTTTTTTT@TTTTTTTTTTTTTTTTTTTTTTTTTTTTTTTTTTTTTTTTTTTTTTTTTTTTTTTTTTTTTTTTTTTTTTTTTTTTTTT@TT.............................TTTTTTTTTTTTTTTTTTTTTTTTTTT.............................TT.TTT.....TTT
@@@@@@@TTTTTTTTTTTTTTTTTTTTTTTTTTTTTTTTTTTTTTTTTTTTT@@@@@TTTTTTTTTTTTTTTTT@TTTTTTTTTTTTTTTTTTTTTTTTTTTTTTTTTTTTTTTTTTTTTTTTTTTTTTTTTTTTTTTTTTTTTTTTTTTTTTTT@T.............................TTTTTTTTTTTTTTTTTTTTTTTTTTT...............................TTTTT....TTT
@@@@@@TTTTTTTTTTTTTTTTTTTTTTTTTTTTTTTTTTTTTTTTTTTTTT@@@TTTTTTTTTTTTTTTTTT@@TTTTTTTTTTTTTTTTTTTTTTTTTTTTTTTTTTTTTTTTTTTTTTTTTTTTTTTTTTTTTTTTTTTTTTTTTTTTTTTT@T.................T.............TTTTTTTTTTTTTTTTTTTTTTTTT...............................TTT......TTT
@@@@@TTTTTTTTTTTTTTTTTTTTTTTTTTTTTTTTTTTTTTTTTTTTTTTTTTTTTTTTTTTTTTTTTTT@@@TTTTTTTTTTTTTTTTTTTTTTTTTTTTTTTTTTTTTTTTTTTTTTTTTTTTTTTTTTTTTTTTTTTTTTTTTTTTTTTTTTT................T.............TTTTTTTTTTTTTTTTTTTTTTTTT........................................TTT
@@@@@TTTTTTTTTTTTTTTTTTTTTTTTTTTTTTTTTTTTTTTTTTTTT..TTTTTTTTTTTTTTTTTTTTTTTTTTTTTTTTTTTTTTTTTTTTTTTTTTTTTTTTTTTTTTTTTTTTTTTTTTTTTTTTTTTTTTTTTTTTTTTTTTTTTTTT@T..............................TTTTTTTTTTTTTTTTTTTTTTTTT............................TTT.........TTT
@@@@TTTTTTTTTTTTTTTTTTTTTTTTTTTTTTTTTTTTTTTTTTTTT.....TTTTT...TTTTTTTTTTTTTTTTTTTTTTTTTTTTTTTTTTTTTTTTTTTTTTTTTTTTTTTTTTTTTTTTTTTTTTTTTTTTTTTTTTTTTTTTTTTTTTTT..............................TTTTTTTTTTTTTTTTTTTTTTTTT.....TTTTTTTTTTTTTTTTTTTTTTTTTTTTT......TTT
@@@@TTTTTTTTTTTTTTTTTTTTTTTTTTTTTTTTTTTTTTTTTT.................TTTTTT@TTTTTTTTTTTTTTTTTTTTTTTTTTTTTTTTTTTTTTTTTTTTTTTTTTTTTTTTTTTTTTTTTTTTTTTTTTTTTTTTTTTTTTTTT.............................TTTTTTTTTTTTTTTTTTTTTTTTT.....TTTTTTTTTTTTTTTTTTTTTTTTTTTTT......TTT
@@@TTTTTTTTTTTTTTTTTTTTTTTTTTTTTTTTTTTTTT......................TTTTTTTTTTTTT.......TTTTTTTTTTTTTTTTTTTTTTTTTTTTTTTTTTTTTTTTTTTTTTTTTTTTTTTTTTTTTTTTTTTTTTTTTTTT.............................TTTTTTTTTTTTTTTTTTTTTTTTT.....TTTTTTTTTTTTTTTTTTTTTTTTTTTTT......TTT
@@TTTTTTTTTTTTTTTTTTTTTTTTTTTTTTTTTTTTTTT.......................TTTTT..................TTTTTTTTTTTTTTTTTTTTTTTTTTTTTTTTTTTTTTTTTTTTTTTTTTTTTTTTTTTTTTTTTTTTTTTT.............................TTTTTTTTTTTTTTTTTTTTTTTTT.....TTTTTTTTTTTTTTTTTTTTTTTTTTTTT......TTT
@TTTTTT..TTTTTTTTTTTTTTTTTTTTTTTTTTTTTTT....................................................TTTTTTTTTTTTTTTTTTTTTTTTTTTTTTTTTTTTTTTTTTTTTTTTTTTTTTTTTTTTTTTT@TT...........................T.TTTTTTTTTTTTTTTTTTTTTTTTT.....TTTTTTTTTTTTTTTTTTTTTTTTTTTTT......TTT
TTTTTT...........TTTTTTTTTTTTTTTTTTTTTTT........................................................TTTTTTTTTTTTTTTTTTTTTTTTTTTTTTTTTTTTTTTTTTTTTTTTTTTTTTTTTT@TTT............................TTTTTTTTTTTTTTTTTTTTTTTTTTT.....TTTTTTTTTTTTTTTTTTTTTTTTTTTTT......TTT
TTTTTTT............TTTTTTTTTTTTTTTTTTTTTT.........................................................TTTTTTTTTTTTTTTTTTTTTTTTTTTTTTTTTTTTTTTTTTTTTTTTTTTTT@TTTT...............................TTTTTTTTTTTTTTTTTTTTTTTTTT..TT.TTTTTTTTTTTTTTTTTTTTTTTTTTTTT......TTT
TTTTTTTT...........TTTTTTTTTTTTTTTTTTTTTT..........................................................TTTTTTTTTTTTTTTTTTTTTTTTTTTTTTTTTTTTTTTTTTTTTTTTTTTTTT..................................TTTTTTTTTTTTTTTTTTTTTTTTTTTTTT.TTTTTTTTTTTTT@@@TTTTTTTTTTTTT......TTT
TTTTTTTT..........TTTTTTTTTTTT.....TTTTT.............................................................TTTTTTTTTTTTTTTTTTTTTTTTTTTTTTTTTTTTTTTTTTTTTTTTT..........................................TTT@@@@@@@@@@@@@@TTTTTTTTTTTTTTTTTTTTTT@@@TTTTTTTTTTTTT......TTT
TTTTTTTT...........TTTTTTTTTT.............................................................................TTTTTTTTTTTTTTTTTTTTTTTTTTTTTTTTTTTTTTTT.............................................TTTT@TTTTTT@@@@@@@TTTTTTTTTTTTTTTTTTTTTT@@@TTTTTTTTTTTTT......TTT
TTTTTTT................TTTTTT.............................................................................TTTTTTTTTTTTTTTTTTTTTTTTTTTTTTTTTTTTTTTT.............................................T@T@@TTTTTTTTTT@@@TTTTTTTTTTTTTTTTTTTTTT@@@TTTTTTTTTTTTT......TTT
TTTTTTT....................TT.............................................................................T@TTTTTTTTTTTTTTTTTTTTTTTTTTTTTTTTTTTTTT............................................TTTT@TTTTTTTTTTTTT@TTTTTTT@@TTTTTTTTTTTTT@@@TTTTTTTTTTTTTT.....TTT
TTTTTTT...................................................................................................T@TTTTTTTTTTTTTTTTTTTTTTTTTTTTTTTTTTTTTT............................................TTTTTTTTTTTTTTTTTT@TTTTTTTTTTTTTTTTTTTTTT@@@TTTTTTTTTTTTTTT....TTT
TTTTTTT...................................................................................................T@@TTTTTTTTTTT@TTTTTTTTTTTTTTTTTTTTTTTTTT..........................................TTTTTTTTTTTTTTTTTTT@@TT@@@@TTTTTTTTTTTTT@@@@TTTTTTTTTTTTTTTTTT.....
TTTTTTT..TTTT.............................................................................................T@@TTTTTTTTT@@@@TTTTTTTTTTTTTTTTTTTTTTTTT..........................................TTTT@@@@TTTTTTTTTTT@@@@@@@@TTTTTTTTTTTTT@@@TTTTTTTTTTTTTTTTTTTT....
TTTTTT..TTTTTT............................................................................................TTTTTTTTTTT@@@@@TTTTTTTTTT..TTTTTTTTTTTTT.........................................TTTT@@@@@TTTTTTTTTTT@@@@@@@@TTTTTTTTTTTTT@@TTTTTTTTTTTTTTTTTTTTTT...
TTTTTTTTTTTTTT.............................................................................................TTTTTTTTTTTTTTTTT@@TTT.....TTTT..................................................TTTT@TTT@TTTTTTTTTTT@@@@@@@@TTTTTTTTTTTTTTTTTTTTTTTTTTTTTTTTTTTTTT..
TTTTTTTTTTTTT..............................................................................................TTTTTTTTTTTTTTTTT@@@T............................................................TTTTTTTTTTTTTTTTTTT@@@@@@@@@TTTTTTTTTTTTTTTTTTTTTTTTTTTTTTTTTTTTTT..
TTTTTTTTTTTTT...............................................................................................TTTTTTTTTTTT...TT@@T............................................................T.T.TTTTTTTTTTTTTTT@@@@@TTTTTTTTTTTTTTTTTTTTTTTTTTTTTTTTTTTTTTTTTTTT
TTTTTTTTTTTT.................................................................................................TTTTTTTTT......TTTT.................................................................TTTTTTTTTTTTTTTTTTTTTTTTTTTTTTTTTTTTTTTTTTTTTTTTTTTTTTTTTTTTTTT
TTTTTTTTTTTT..................................................................................................TTTTTT...............................................................................TTTTTTTTTTTTTTTTTTT@@TTTTTTTTTTTTTTTTTTTTTTTTTTTTTTTTTTTTTTTT
TTTTTTTTTTTT........................................................................................................................................................................................TTTTTTTTTTT@@@@@@@@@TTTTTTTTTTTTTTTTTTTTTTTTTTTTTTTTTTTTTTTT
TTTTTTTTTTT..........................................................................................................................................................................................TTTTTTT@@@@@@@@@@@@TTTTTTTTTTTTTTTTTTTTTTTTTTTTTTTTTTTTTTTT
TTTTTTTT...............................................................................................................................................................................................TTTTT@@@@@@@@@@@@TTTTTTTTTTTTTTTTTTTTTTTTTTTTTTTTTTTTTTTT
TTTTTT..................................................................................................................................................................................................TTT@@@@@@@@@@@@@TTTTTTTTTTTTTTTTTTTTTTTTTTTTTTTTTTTTTTTT
TTTTTTT...................................................................................................................................................................................................T@@@@@TTTTTTTTTTTTTTTTTTTTTTTTTTTTTTTTTTTTTTTTTTTTTTTT
TTTTTTT................................................................................................................................................................................................TT.TT@@TTTTTTTTTTTTTTTTTTTTTTTTTTTTTTTTTTTTTTTTTTTTTTTTTT
TTTTTTT................................................................................................................................................................................................TTTTT@TTTTTTTTTTTTTTTTTTTTTTTTTTTTTTTTTTTTTTTTT@@@@@@TTTT
TTTTTTT.................................................................................................................................................................................................TTT@TTTTTTTTTTTTTTTTTTTTTTTTTTTTTTTTTTTTTTTTT@@@@@TTTTTT
TTTTTTT..................................................................................................................................................................................................TTTTTTTTTTTTTTTTTTTTTTTTTTTTTTTTTTTTTTTTTTTTTTTTTTTTTTT
TTTTTTT..................................................................................................................................................................................................TTTTTTTTTTTTTTTTTTTTTTTTTTTTTTTTTTTTTTTTTTTTTTTTTTTTTTT
TTTTTTT....................................................................................................................................................................................................TTTTTTTTTTTTTTTTTTTTTTTTTTTTTTTTTTTTTTTTTTTTTTTTTTTTT
@@TTTTTT..................................................................................................................................................................................................TTTTTTTTTTTTTTTTTTTTTTTTTTTTTTTTTTTTTTTTTTTTTTTTTTTTTT
@@TTTT@TT.................................................................................................................................................................................................TTTTTTTTTTTTTTTTTTTTTTTTTTTTTTTTTTTTTTTTTTTTTTTTTTTTTT
@@TTTT@@TT................................................................................................................................................................................................TTTTTTTTTTTTTTTTTTTTTTTTTTTTTTTTTTTTTT@@@@@@@@@@@@@TT@
@@TTTT@@@T...............................................................................................................................................................................................TTTTTTTTTTTTTTTTTTTTTTTTTTTTTTTTTTTTTT@@@@@@@@@@@@@@@@@
@@TTTT@@@T...............................................................................................................................................................................................TTTTTTTTTTTTTTTTTTTTTTTTTTTTTTTTTTTTTT@@@@@@@@@@@@@@@@@
@@TTTT@@@T................................................................................................................................................................................................TTTTTTTTTTTTTTTTTTTTTTTTTTTTTTTTTTTTTTT@@@@@@@@@@@@@@@
@@TTTT@@@T...........................................................................................................TT............TT......................TT.............................................TTTTTTTTTTTTTTTTTTTTTTTTTTTTTTTTTTTTTTTT@@@@@@@@@@@@@@
TTTTTTT@TT..........................................................................................................TTT............TT......................TT..............................................TTTTTTTTTTTTTTTTTTTTTTTTTTTTTTTTTTTTTTTT@@@@@@@@@@@@@
TTTTTTTTT............................................................................................................TT.....................................................................................TTTTTTTTTTTTTTTT......TTTTTTTTTTTTTTTTTT@@@@@@@@@@@@
TTTTTTT......................................................................................................................................................................................................TTTTTTTTTTTTTTT.......TTTTTTTTTTTTTTTTTT@@@@@@@@@@@
TTTTTTT.................................................TT...........................................T........................................................................................................TTTTTTTTTTTTT.........TTTTTTTTTTTTTTTTTTT@@@@@@@@@
TTTTTTT.................................................TTTT........................................TTT.T......................................................................................................TTTTTTTTTT............TTTTTTTTTTTTTTTTTTT@@@@@@@@
TTTTTTT..................................................TT........................................TTTTTT.TTTTTTTTTTTTTTTTTTTTTTTTT...............................................................................TTTT................TTTTTTTTTTTTTTTTTTT@@@@@@@
TTTTTTT..................................................TT.......................................TTTTTTTTTTTTTTTTTTTTTTTTTTTTTTTTTT...................................................................................................TTTTTTTTTTTTTTTTTTT@@@@@@
TTTTTTTT.................................................TT.......................................TTTTTTTTTTTTTTTTTTTTTTTTTTTTTTTTTTT........................TTT.......................................................................TTTTTTTTTTTTTTTTTTTT@@@@@
TTTTTTTTTT.................................TTTTT...................................................TTTTTTTTTTTTTTTTTTTTTTTTTTTTTTTTTTT.........TTTT..........TTTTT............................T.........................................TTTTTTTTTTTTTTTTTTTT@@@@
TTTTTTTTTT.................................TTTTTT...................................................TTTTTTTTTTTTTTTTTTTTTTTTTTTTTTTTTTT.....TTTTTTT.........TTTTTTT................TT........TTT.......................................TTTTTTTTTTTTTTTTTTTTTTT@@
TTTTTTTTTT.................................TTTTTTTT..................................................TTTTTTTTTTTTTTTTTTTTTTTTTTTTTTTTTTTTTTTTTTTTTT........TTTTTTTTT...............TTTT...TTTTTTTT.....................................TT.TTTTTTTTTTTTTTTTTTTTT@
TTTTTTTTT...................................TTTTTTT.................................................TTTTTTTTTTTTTTTTTTTTTTTTTTTTTTTTTTTTTTTTTTTTTTT.......TTTTTTTTTTT...............TT@TTTTTTTTTTTT.........................................TTTTTTTTTTTTTTTTTTTT
TTTTTTTTT.................................TTTTTTTTT.TT....TTTTT.....................................TTTTTTTTTTTTTTTTTTTTTTTTTTTTTTTTTTTTTTTTTTTTTTTT.....TTTTTTTTTTTTT...............TTTTTTTTTTTTTTT.........................................TTTTTTTTTTTTTTTTTTT
TTTTTTTT.............TTTTTT.............TTTTTTTTTTTTTTT.TTT@@@TT....................................TTTTTTTTTTTTTTTTTTTTTTTTTTTTTTTTTTTTTTTTTTTTTTTT.....TTTTTTTTTTTTTTT.............TTTTTTTTTTTTTTTT.........................................TTTTTTTTTTTTTTTTTT
TTTTTTTT.............TTTTTT...........TTTTTTTTTTTTTTTTTTT@@@@@@T....................................TTTTTTTTTTTTTTTTTTTTTTTTTTTTTTTTTTTTTTTTTTTTTTTT....TTTTTTTTTTTTTTTTTTTTT.......TTTTTTTTTTTTTTTTTT.........................................TTTTTTTTTTTTTTTTT
TTTTTTTT.............TTTTTT...........TTTTTTTTTTTTTTTTTT@@@@@@@TT...................................TTTTTTTTTTTTTTTTTTTTTTTTTTTTTTTTTTTTTTTTTTTTTTTTT..TTTTTTTTTTTTTTTTTTTTTTT......TTTTTTTTTTTTTTTTTT.......................................TTTTTTTTTTTTTTTTTTT
TTTTTTT............TTTTTTTTTT........TTTTTTTTTTTTTTTTTTT@@@@@@@@T...................................TTTTTTTTTTTTTTTTTTTTTTTTTTTTTTTTTTTTTTTTTTTTTTTTT.TTTTTTTTTTTTTTTTTTTTTTTTTT...TTTTTTTTTTTTTTTTTTT.......................................TTT...TTTTTTTTTTTTT
TTTTTTT............TTTTTTTTTTT.......TTTTTTTTTTTTTTTTTTTTTTTTTTTTTT.................................TTTTTTTTTTTTTTTTTTTTTTTTTTTTTTTTTTTTTTTTTTTTTTTTTTTTTTTTTTTTTTTTTTTTTTTTTTTTTTTTTTTTTTTTTTTTTTTTTTT.............................................TTTTTTTTTTTT
TTTTTTT............TTTTTTTTTTT.....TTTTTTTTTTTTTTTTTTTTTTTTTTTTTTTT.................................TTTTTTTTTTTTT@@@@@@@@@@@@@@@@@@@@@TTTTTTTTTTTTT@@TTTTTTTTTTTTTTTTTTTTTTTTT@@TTTTTTTTTTTTTTTTTTTTTTT..............................................TTTTTTTTTTT
TTTTTTT............TTTTTTTTTTT...TTTTTTTTTTTTTTTTTTTTTTTTTTTTTTTTTT.................................TTTTTTTTTTTTT@@@@@@@@@@@@@@@@@@@@@TTTTTTTTTTTTT@TTTTTTTTTTTTTTTTTTTTTTTTTTTTT@TTTTTTTTTTTTTTTTTTTTT...............................................TTTTTTTTTT
TTTTTTT............TTTTTTTTTTTTTTTTTTTTTTTTTTTTTTTTTTTTTTTTTTTTTTTT.................................TTTTTTTTTTTTT@@@@@@@@@@@@@@@@@@@@@TTTTTTTTTTTTTTTTTTTTTTTTTTTTTTTTTTTTTTTTTTT@@TTTTTTTTTTTTTTTTTTTT................................................TTTTTTTTT
TTTTTTT............TTTTTTTTTTTTTTTTTTTTTTTTTTTTTTTTTTTTTTTTTTTTTTTT.................................TTTTTTTTTTTTT@@@@@@@@@@@@@@@@@@@@@TTTTTTTTTTTTTTTTTTTTTTTTTTTTTTTTTTTTTTTTTTTT@TTTTTTTTTTTTTTTTTTTT..................................................TTTTTTT
TTTTTTT............TTTTTTTTTTTTTTTTTTTTTTTTTTTTTTTTTTTTTTTTTTTTTTTT.................................TTTTTTTTTTTTT@@@@@@@@@@@@@@@@@@@@@TTTTTTTTTTTTTTTTTTTTTTTTTTTTTTTTTTTTTTTTTTTT@TTTTTTTTTTTTTTTTTTTT...................................................TTTTTT
@@TTTTT............TTTTTTTTTTTTTTTTTTTTTTTTTTTTTTTTTTTTTTTTTTTTTTTT.................................TTTTTTTTTTTTT@@@@@@@@@@@@@@@@@@@@@TTTTTTTTTTTTTTTTTTTTTTTTTTTTTTTTTTTTTTTTTTT@@TTTTTTTTTTTTTTTTTTT.....................................................TTTTT
@@TTTTT............TTTTTTTTTTTTTTTTTTTTTTTTTTTTTTTTTTTTTTTTTTTTTTTT.................................TTTTTTTTTTTTT@@@@@@@@@@@@@@@@@@@@@TTTTTTTTTTTTTTTTTTTTTTTTTTTTTTTTTTTTTTTTTT@@@@TTTTTTTTTTTTTTTTTT.........................T............................TTTT
@@TTTTT............TTTTTTTTTTTTTTTTTTTTTTTTTTTTTTTTTTTTTTTTTTTTTTTT.................................TTTTTTTTTTTTT@@@@@@@@@@@@@@@@@@@@@TTTTTTTTTTTTTTTTTTTTTTTTTTTTTTTTTTTTTTTTTT@@@@TTTTTTTTTTTTTTTTTT........................TTT...........................TTTT
@@TTTTT............TTTTTTTTTTTTTTTTTTTTTTTTTTTTTTTTTTTTTTTTTTTTTTTT.................................TTTTTTTTTTTTT@@@@@@@@@@@@@@@@@@@@@TTTTTTTTTTTTTTTTTTTTTTTTTTTTTTTTTTTTTTTTT@@@@@@TTTTTTTTTTTTTTTT........................TTTTTT........................TTTTT
@@TTTTT............TTTTTTTTTTTTTTTTTTTTTTTTTTTTTTTTTTTTTTTTTTTTTTTT...............................TTTTTTTTTTTTTTT@@@@@@@@@@@@@@@@@@@@@TTTTTTTTTTTTTTTTTTTTTTTTTTTTTTTTTTTTTTTT@@@@@@@@TTTTTTTTTTTTTT.........................TTTTTT.......................TTTTTT
@@TTTTT............TTTTTTTTTTTTTTTTTTTTTTTTTTTTTTTTTTTTTTTTTTTTTTTT................................TTTTTTTTTTTTTT@@@@@@@@@@@@@@@@@@@@@TTTTTTTTTTTTTTTTTTTTTTTTTTTTTTTTTTTTTTT@@@@@@@@@@TTTTTTTTTTTT.........................TTTTTT.......................TTTTTTT
@@TTTT...............TTTTTTTTTTTTTTTTTTTTTTTTTTTTTTTTTTTTTTTTTTTTTTTT...............................TTTTTTTTTTTTTTTTTTTTTTTTTTTTTTTTTTTTTTTTTTTTTTTTTTTTTTTTTTTTTTTTTTTTTTTT@@@@@@@@@@@TTTTTTTTTTT...........................TTTTT......................TTTTTTT@
@@TTTT...............TTTTTTTTTTTTTTTTTTTTTTTTTTTTTTTTTTTTTTTTTTTTTTTT...............................TTTTTTTTTTTTTTTTTTTTTTTTTTTTTTTTTTTTTTT.........TTTTTTTTTTTTTTTTTTTTTTTT@@@@@@@@@@@TTTTTTTTTTT............................TTT......................TTTTTTT@@
@@TTTT...............TTTTTTTTTTTTTTTTTTTTTTTTTTTTTTTTTTTTTTTTTTTTTTTT...............................TTTTTTTTTTTTTTTTTTTTTTTTTTTTTTTTTTTTTTT...........TTTTTTTTTTTTTTTTTTTTT@@@@@@@@@@@@TTTTTTTTTTT..................................................T.TTTTTTT@@@
@TTTTTTT...........TTTTTTTTTTTTTTTTTTTTTTTTTTTTTTTTTTTTTTTTTTTTTTTTTT...............................TTTTTTTTTTTTTTTTTTTTTTTTTTTTTTTTTTTTTTT............TTTTTTTTTTTTTTTTTTT@@@@@@@@@@@@@TTTTTTTTTTTT................................................TTTTTTTTTT@@@
@TTTTTTT...........TTTTTTTTTTTTTTTTTTTTTTTTTTTTTTTTTTTTTTTTTTTTTTTT.................................TTTTTTTTTTTTTTTTTTTTTTTTTTTTTTTTTTTTTT..............TTTTTTTTTTTTTTTTT@@@@@@@@@@@@@@TTTTTTTTTTTTT..............................................TTTTTTTTTT@@@@
@TTTTTTT...........TTTTTTTTTTTTTTTTTTTTT@@TTTTTTTTTTTTTTTTTTTTTTTTT.................................TTTTTTTTTTTTTTTTTTTTTTTTTTTTTTTTTTTTT...............TTTTTTTTTTTTTTTT@@@@TTTTTTTTTTTTTTTTTTTTTTTTT............................................TTTTTTTTTT@@@@@
@TTTTTTT...........TTTTTTTTTTTTTTTTTTT@@@@TTTTTTTTTTTTTTTTTTTTTTTTT.................................TTTTTTTTTTTTTTTTTTTTTTTTTTTTTTTTTTTTT..................TTTTTTTTTTTT@@@@TTTTTTTTTTTTTTTTTTTTTTTTTTT...........................................TTTTTTTTT@@@@@@
TTTTTTTT...........TTTTTTTTTTTTTTTTT@@@@@@TTTTTTTTTTTTTTTTTTTTTTTTT.................................TTTTTTTTTTTTTTTTTTTTTTTTTTTTTTTTTTTTT...................TTTTTTTTTTT@@@TTTTTTTTTTTTTTTTTTTTTTTTTTTTT.........................................TTTTTTTTTT@@@@@@
TTTTTTTT...........TTTTTTTTTTTTTT@@@@@@@@@TTTTTTTTTTTTTTTTTTTTTTTTT..................................TTTTTTTTTTTTTTTTTTTTTTTTTTTTTTTTTTTT....................TTTTTTTTT@@@TTTTTTTTTTTTTTTTTTTTTTTTTTTTTTTT........................................TTTTTTTT@@@@@@@
TTTTTTTT...........TTTTTTTTTTTT@@@@@@@@@@@TTTTTTTTTTTTTTTTTTTTTTTTT...................................TTTTTTTTTTTTTTTTTTTTTTTTTTTTTTTT.TTT....................TTTTTTT@@@TTTTTTTTTTTTTTTTTTTTTTTTTTTTTTTTTT.......................................TTTTTTTT@@@@@@@
TTTTTT...............TTTTTTT@@@@@@@@@@@@@@TTTTTTTTTTTTTTTTTTTTTTTTT....................................TTTTTTTTTTTTTTTTTTTTTTTTTTTTTTT..TTT....................TTTTTTT@TTTTTTTTTTTTTTTTTTTTTTTTTTTTTTTTTTTT..TT.....................................TTTTT@@@@@@@
TTTTTT...............TTTTTTT@@@@@@@@@@@@@@TTTTTTTTTTTTTTTTTTTTTTTTT.....................................TTTTTTTTTTTTTTTTTTTTTTTTTTTTTT..TTT.....................TTTTTTTTTTTTTTTTTTTTTTTTTTTTTTTTTTTTTTTTTTTTTTT.....................................TTTT@@@@@@@@
TTTTTT...............TTTTTTT@@@@@@@@@@@@@@TTTTTTTTTTTTTTTTTTTTTTTTTT.....................................TTTTTTTTTTTTTTTTTTTTTTTTTTTTT.........................TTTTTTTTTTTTTTTTTTTTTTTTTTTTTTTTTTTTTTTTTTTTTTTT....................................TTTT@@@@@@@@@
TTTTTT...............TTTTTTT@@@@@@@@@@@@@@TTTTTTTTTTTTTTTTTTTTTTTTTT................................................................TT.........................TTTTTTTTTTTTTTTTTTTTTTTTTTTTTTTTTTTTTTTTTTTTTTTTT..................................TTTT@@@@@@@@@@
TTTTTT...............TTTTTTT@@@@@@@@@@@@@@TTTTTTTTTTTTTTTTTTTTTTTTT...........................................................................................TTTTTTT@TTTTTTTTTTTTTTTTTTTTTTTTTTTTTTTTTTTTTTTTTT.................................TTTT@@@@@@@@@@@
TTTTTTTTTTTTTTTTTTTTTTTTTTTT@@@@@@@@@@@@@@TTTTTTTTTTTTTTTTTTTTTTTTT..........................................................................................TTTTTTTT@TTTTTTTTTTTTTTTTTTTTTTTTTTTTTTTTTTTTTTTTTTT........................TTT.....TTT@@@@@@@@@@@@
TTTTTT@@@@@@@@@@@@@@@TTTTTTT@@@@@@@@@@@@@@TTTTTTTTTTTTTTTTTTTTTTTTT...........................................................................................TTTTTT@@TTTTTTTTTTTTTTTTTTTTTTTTTTTTTTTTTTTTTTTTTTTTT.TTT.................TTTTT...TTTT@@@@@@@@@@@@
TTTTTT@@@@@@@@@@@@@@@TTTTTTT@@@@@@@@@@@@@@TTTTTTTTTTTTTTTTTTTTTTTTT...........................................................................................TTTTTTTTTTTTTTTTTTTTTTTTTTTTTTTTTTTTTTTTTTTTTTTTTTTTTTTTT................TTTTTTT.TTTT@@@@@@@@@@@@@
TTTTTT@@@@@@@@@@@@@@@TTTTTTT@@@@@@@@@@@@@@TTTTTTTTTTTTTTTTTTTTTTTTT...........................................................................................TTTTTTTTTTTTTTTTTTTTTTTTTTTTTTTTTTTTTTTTTTTTTTTTTTTTTTTT................TTTTTTTTTTTT@@@@@@@@@@@@@@
TTTTTT@@@@@@@@@@@@@@@TTTTTTT@@@@@@@@@@@@@@TTTTTTTTTTTTTTTTTTTTTTTTT...........................................................................................TTTTTTTTTTTTTTTTTTTTTTTTTTTTTTTTTTTTTTTTTTTTTTTTTTTTTTTT................TTTTTTTTTTT@@@@@@@@@@@@@@@
TTTTTTT@@@@@@@@@@@@TTTTTTTTTTT@@@@@@@@@@@@TTTTTTTTTTTTTTTTTTTTTTTTT...........................................................................................TTTTTTTTTTTTTTTTTTTTTTTTTTTTTTTTTTTTT@TTTTTTTTTTTTTTTTTTT................TTTTTTTTT@@@@@@@@@@@@@@@@
TTTTTTT@@@@@@@@@@@@TTTTTTTTTTT@@@@@@@@@@@@TTTTTTTTTTTTTTTTTTTTTTTTT...........................................................................................TTTTTTTTTTTTTTTTTTTTTTTTTTTTTTTTTTTT@@@TTTTTTTTTTTTTTTTTTTT.............TTTTTTTTT@@@@@@@@@@@@@@@@@
TTTTTTT@@@@@@@@@@@@TTTTTTTTTTT@@@@@@@@@@@@TTTTTTTTTTTTTTTTTTTTTTTTT...........................................................................................TTTTTTTTTTTTTTTTTTTTTTTTTTTTTTTTTTT@@@@@TTTTTTTTTTTTTTTTTTTT............TTTTTTT@T@@@@@@@@@@@@@@@@@
TTTTTTT@@@@@@@@@@@@TTTTTTTTTTT@@@@@@@@@@@@TTTTTTTTTTTTTTTTTTTTTTTTT...........................................................................................TTTTTTTTTTTTTTTTTTTTTTTTTTTTTTTTTT@@@@@@@@TTTTTTTTTTTTTTTTTTT....TTT...TTTTTTT@@@@@@@@@@@@@@@@@@@@
TTTTTTT@@@@@@@@@@@@TTTTTTTTTTT@@@@@@@@@@@@TTTTTTTTTTTTTTTTTTTTTTTTT...........................................................................................TTTTTTTTTTTTTTTTTTTTTTTTTTTTTTTTT@@@@@@@@@@TTTTTTTTTTTTTTTTTTT..TTTT..TTTTTTT@@@@@@@@@@@@@@@@@@@@@
TTTTTTT@@@@@@@@@@@@TTTTTTTTTTT@@@@@@@@@@@@@@@@@@@@@@@T........................................................................................................TTTTTTTTTTTTTTTTTTTTTTTTTTTTTTTTT@@@@@@@@@@@TTTTTTTTTTTTTTTTTTT.TTTT.TTTTTTT@@@@@@@@@@@@@@@@@@@@@@
TTTTTTT@@@@@@@@@@@@TTTTTTTTTTT@@@@@@@@@@@@@@@@@@@@@@@TTTT.....................................................................................................TTTTTTTTTTTTTTTTTTTTTTTTTTTTTTTT@@@@@@@@@@@@@TTTTTTTTTTTTTTTTTTTTTTTTTTTTTT@@@@@@@@@@@@@@@@@@@@@@@
TTTTTT@@@@@@@@@@@@@@TTTTTTTTT@@@@@@@@@@@@@@@@@@@@@@@TTTTTTTTTTT...............................................................................................TTTTTTTTTTTTTTTTTTTTTTTTTTTTTTT@@@@@@@@@@@@@@@TTTTTTTTTTTTTTTTTTTTTTTTTTTT@@@@@@@@@@@@@@@@@@@@@@@@
TTTTTT@@@@@@@@@@@@@@TTTTTTTTTT@@@@@@@@@@@@@@@@@@@@TTTTTTTTTTTTT...............................................................................................TTTTTTTTTTTTTTTTTTTTTTTTTTTTTT@@@@@@@@@@@@@@@@@@TTTTTTTTTTTTTTTTTTTTTTTTTT@@@@@@@@@@@@@@@@@@@@@@@@
TTTTTT@@@@@@@@@@@@@@TTTTTTTTTT@@@@@@@@@@@@@@@@@@TTTTTTTTTTTTTTT.....................................................TTTTTTT...................TTTTTTT.........TTTTTTTTTTTTTTTTTTTTTTTTTTTTTT@@@@@@@@@@@@@@@@@@@TTTTTTTTTTTTTTTTTTTTTTTT@@@@@@TTTTTTTTT@@@@@@@@@@
TTTTTT@@@@@@@@@@@@@@TTTTTTTTTT@@@@@@@@@@@@@@@@@TTTTTTTTTTTTTTTT......................TT............................TTTTTTTTT.TTT..............TTTTTTTT........TTTTTTTTTTTTTTTTTTTTTTTTTTTTTTT@@@@@@@@@@@@@@@@@@@TTTTTTTTTTTTTTTTTTTTTT@@@@@TTTTTTTTTTTT@@@@@@@@@
TTTTTT@@@@@@@@@@@@@@TTTTTTTTTT@@@@@@@@@@@@@@@TTTTTTTTTTTTTTTTTT.................TTT.TTTTT.........................TTTTTTTTT...TTT...........T.TTTTTTTTT.......TTTTTTTTTTTTTTTTTTTTTTTTTTTTTTTT@@@@@@@@@@@@@@@@@@@TTTTTTTTTTTTTTTTTTTT@@@@@TTTTTTTTTTTTTT@@@@@@@@
TTTTTT@@@@@@@@@@@@@@TTTTTTTTTT@@@@@@@@@@@@@TTTTTTTTTTTTTTTTTTTTT...............TTTTTTTTTTTTT.....................TTTTTTTTTT....TT.......TT....TTTTTTTTTT......TTTTTTTTTTTTTTTTTTTTTTTTTTTTTTTTT@@@@@@@@@@@@@@@@@@@TTTTTTTTTTTTTTTTTT@@@@@@TTTTTTTTTTTTTTT@@@@@@@
@@TTTT@@@@@@@@@@@@@@TTTTTTTTTT@@@@@@@@@@@@TTTTTTTTTTTTTTTTTTTTTT......TTTTTTTTTTTTTTTTTTTTTTTT..........TTTTTTTTTTTTTTTTTTTTTTTTTTTTTTTTTTTTTTTTTTTTTTTTT.....TTTTTTTTTTTTTTTTTTTTTTTTTTTTTTTTTTT@@@@@@@@@@@@@@@@@@TTTTTTTTTTTTTTTT@@@@@@TTTTTTTTTTTTTTTTT@@@@@@
@@TTTT@@@@@@@@@@@@@@TTTTTTTTT@@@@@@@@@@@TTTTTTTTTTTTTTTTTTTTTTTT......TTTTTTTTTTTTTTTTTTTTTTTTTTTT...TTTTTTTTTTTTTTTTTTTTTTTTTTTTTTTTTTTTTTTTTTTTTTTTTTTTT....TTTTTTTTTTTTTTTTTTTTTTTTTTTTTTTTTTTT@@@@@@@@@@@@@@@@@@@TTTTTTTTTTTTT@@@@@@@TTTTTTTTTTTTTTTTT@@@@@@
TTTTTTT@@@@@@@@@@@@TTTTTTTTTTT@@@@@@@@TTTTTTTTTTTTTTTTTTTTTTTTTT...TT.TTTTTTTTTTTTTTTTTTTTTTTTTTTTTTTTTTTTTTTTTTTTTTTTTTTTTTTTTTTTTTTTTTTTTTTTTTTTTTTTTTTTTTTTTTTTTTTTTTTTTTTTTTTTTTTTTTTTTTTTTTTTT@@@@@@@@@@@@@@@@@@@TTTTTTTTTTTT@@@@@@TTTTTTTTTTTTTTTTTT@@@@@@
TTTTTTT@@@@@@@@@@@@TTTTTTTTTTT@@@@@@@TTTTTTTTTTTTTTTTTTTTTTTTTTT..TTTTTTTTTTTTTTTTTTTTTTTTTTTTTTTTTTTTTTT@@@@@TTTTTTTTTTTTTTTTTTTTTTTTTTTTTTTTTTTTTTTTTTTTTTTTTTTTTTTTTTTTTTTTTTTTTTTTTTTTTTTTTTTTTT@@@@@@@@@@@@@@@@@@@TTTTTTTTTT@@@@@@@TTTTTTTTTTTTTTTTTT@@@@@@
TTTTTTTTTTTTTTTTTTTTTTTTTTTTTT@@@@@@@TTTTTTTTTTTTTTTTTTTTTTTTTTT..TTTTTTTTTTTTTTTTTTTTTTTTTTTTTTTTTTTTTT@@@@@@TTTTTTTTTTTTTTTTTTTTTTTTTTTTTTTTTTTTTTTTTTTTTTTTTTTTTTTTTTTTTTTTTTTTTTTTTTTTTTTTTTTTTTT@@@@@@@@@@@@@@@@@@@TTTTTTTT@@@@@@@@TTTTTTTTTTTTTTTTTT@@@@@@
TTTTTTT@@@@@@@@@@@TTTTTTTTTTTT@@@@@@@@TTTTTTTTTTTTTTTTTTTTTTTTTTT.TTTTTTTTTTTTTTTTTTTTTTTTTTTTTTTTTTTTTT@@@@@@TTTTTTTTTTTTTTTTTTTTTTTTTTTTTTTTTTTTTTTTTTTTT@@@@@TTTTTTTTTTTTTTTTTTTTTTTTTTTTTTTTTTTTTT@@@@@@@@@@@@@@@@@@TTTTTTT@@@@@@@@@TTTTTTTTTTTTTTTTTT@@@@@@
TTTTTTT@@@@@@@@@@@TTTTTTTTTTTT@@@@@@@@TTTTTTTTTTTTTTTTTTTTTTTTTTT.TTTTTTTTTTTTTTTTTTTTTTTTTTTTTTTTTTTTTT@@@@@@TTTTTTTTTTTTTTTTTTTTTTTTTTTTTTTTTTTTTTTTTTTTT@@@@@@TTTTTTTTTTTTTTTTTTTTTTTTTTTTTTTTTTTTTTT@@@@@@@@@@@@@@@TTTTTTT@@@@@@@@@@TTTTTTTTTTTTTTTTTT@@@@@@
TTTTTTT@@@@@@@@@@@TTTTTTTTTTTT@@@@@@@@@TTTTTTTTTTTTTTTTTTTTTTTTTTTTTTTTTTTTTTTTTTTTTTTTTTTTTTTTTTTTTTTT@@@@@@@TTTTTTTTTTTTTTTTTTTTTTTTTTTTTTTTTTTTTTTTTTTTT@@@@@@@TTTTTTTTTTTTTTTTTTTTTTTTTTTTTTTTTTTTTTT@@@@@@@@@@@@@TTTTTTT@@@@@@@@@@@@TTTTTTTTTTTTTTTTT@@@@@@
TTTTTTT@@@@@@@@@@@TTTTTTTTTTTT@@@@@@@@@@TTTTTTTTTTTTTTTTTTTTTTTTTTTTTTTTTTTTTTTTTTTTTTTTTTTTTTTTTTTTTTT@@@@@@@TTTTTTTTTTTTTTTTTTTTTTTTTTTTTTTTTTTTTTTTTTTTT@@@@@@@@TTTTTTTTTTTTTTTTTTTTTTTTTTTTTTTTTTTTTTT@@@@@@@@@@@@TTTTTTT@@@@@@@@@@@@TTTTTTTTTTTTTTTTT@@@@@@
@@TTTT@@@@@@@@@@@@T@@TTTTTTT@@@@@@@@@@@@TTTTTTTTTTTTTTTTTTTTTTTTTTTTTTTTTTTTTTTTTTTTTTTTTTTTTTTTTTTTTT@@@@@@@@TTTTTTTTTTTTTTTTTTTTTTTTTTTTTTTTTTTTTTTTTTTTT@@@@@@@@@@@@@@@@@@@@@@@@@@@@TTTTTTTTTTTTTTTTTTTT@@@@@@@@@@TTTTTTT@@@@@@@@@@@@@TTTTTTTTTTTTTTTT@@@@@@@
@@TTTT@@@@@@@@@@@@T@@TTTTTTT@@@@@@@@@@@@@TTTTTTTTTTTTTTTTTTTTTTTTTTTTTTTTTTTTTTTTTTTTTTTTTTTTTTTTTTTTT@@@@@@@@TTTTTTTTTTTTTTTTTTTTTTTTTTTTTTTTTTTTTTTTTTTTT@@@@@@@@@@@@@@@@@@@@@@@@TTTTTTTTTTTTTTTTTTTTTTTTT@@@@@@@@TTTTTTT@@@@@@@@@@@@@@@TTTTTTTTTTTTTT@@@@@@@@
@@TTTT@@@@@@@@@@@@T@@TTTTTTT@@@@@@@@@@@@@TTTTTTTTTTTTTTTTTTTTTTTTTTTTTTTTTTTTTTTTTTTTTTTTTTTTTTTTTTTTT@@@@@@@@TTTTTTTTTTTTTTTTTTTTTTTTTTTTTTTTTTTTTTTTTTTTT@@@@@@@@@@@@@@@@@@@@@@@@TTTTTTTTTTTTTTTTTTTTTTTTTTT@@@@@TTTTTTT@@@@@@@@@@@@@@@@@TTTTTTTTTTTT@@@@@@@@@
@@TTTT@@@@@@@@@@@@T@@TTTTTTT@@@@@@@@@@@@@@TTTTTTTTTTTTTTTTTTTTTTTTTTTTTTTTTTTTTTTTTTTTTTTTTTTTTTTTTTT@@@@@@@@@TTTTTTTTTTTTTTTTTTTTTTTTTTTTTTTTTTTTTTTTTTTTT@@@@@@@@@@@@@@@@@@@@@@@@TTTTTTTTTTTTTTTTTTTTTTTTTTTT@@@TTTTTTT@@@@@@@@@@@@@@@@@@@@TTTTTTTTT@@@@@@@@@@
@@TTTT@@@@@@@@@@@@T@@TTTTTTT@@@@@@@@@@@@@@TTTTTTTTTTTTTTTTTTTTTTTTTTTTTTTTTTTTTTTTTTTTTTTTTTTTTTTTTTT@@@@@@@@@TTTTTTTTTTTTT@@@@@@@@@@@@@@@@@@@TTTTTTTTTTTTT@@@@@@@@@@@@@@@@@@@@@@@@TTTTTTTTT@TTTTTTTTTTTTTTTTTTT@TTTTTTT@@@@@@@@@@@@@@@@@@@@@@@TTTT@@@@@@@@@@@@@
@@TTTT@@@@@@@@@@@@T@@TTTTTTT@@@@@@@@@@@@@@@TTTTTTTTTTTTTTTTTTTTTTTTTTTTTTTTTTTTTTTTTTTTTTTTTTTTTTTTT@@@@@@@@@@TTTTTTTTTTTTT@@@@@@@@@@@@@@@@@@@TTTTTTTTTTTTT@@@@@@@@@@@@@@@@@@@@@@@@TTTTTTTTT@@TTTTTTTTTTTTTTTTTTTTTTTTT@@@@@@@@@@@@@@@@@@@@@@@@@@@@@@@@@@@@@@@@@
@@TTTT@@@@@@@@@@@@T@@TTTTTTT@@@@@@@@@@@@@@@TTTTTTTTTTTTTTTTTTTTTTTTTTTTTTTTTTTTTTTTTTTTTTTTTTTTTTTTT@@@@@@@@@@TTTTTTTTTTTTT@@@@@@@@@@@@@@@@@@@TTTTTTTTTTTTT@@@@@@@@@@@@@@@@@@@@@@@@TTTTTTTTT@@@TTTTTTTTTTTTTTTTTTTTTTTT@@@@@@@@@@@@@@@@@@@@@@@@@@@@@@@@@@@@@@@@@
@@TTTT@@@@@@@@@@@@T@@TTTTTTTT@@@@@@@@@@@@@@TTTTTTTTTTTTTTTTTTTTTTTTTTTTTTTTTTTTTTTTTTTTTTTTTTTTTTTTT@@@@@@@@@@TTTTTTTTTTTTT@@@@@@@@@@@@@@@@@@@TTTTTTTTTTTTT@@@@@@@@@@@@@@@@@@@@@@@@@@@@TTTTT@@@@TTTTTTTTTTTTTTTTTTTTTT@@@@@@@@@@@@@@@@@@@@@@@@@@@@@@@@@@@@@@@@@@
@@TTTT@@@@@@@@@@@@TTTTTTTTTTTTTTTTTTTTTTTTTTTTTTTTTTTTTTTTTTTTTTTTTTTTT@@@@@@@@@@@@@@@@@TTTTTTTTTTT@@@@@@TTTTTTTTTTTTTTTTTTTTTTT@@@@@@@@@@@@@@TTTTTTTTTTTTTTTTTT@@@@@@@@@TTTTTTT@@@@@@@TTTTT@@@@@TTTTTTTTTTTTTTTTTTTT@@@@@@@@@@@@@@@@@@@@@@@@@@@@@@@@@@@@@@@@@@@
TTTTTTT@@@@@@@@@@@TTTTTTTTTTTTTTTTTTTTTTTTTTTTTTTTTTTTTTTTTTTTTTTTTTTTTT@@@@@@@@@@@@@@@@TTTTTTTTTTT@@@@@@TTTTTTTTTTTTTTTTTTTTTTT@@@@@@@@@@@@@@TTTTTTTTTTTTTTTTTT@@@@@@@@@TTTTTTT@@@@@@@TTTTT@@@@@@@TTTTTTTTTTTTTTTTT@@@@@@@@@@@@@@@@@@@@@@@@@@@@@@@@@@@@@@@@@@@@
TTTTTTT@@@@@@@@@@@TTTTTTTTTTTTTTTTTTTTTTTTTTTTTTTTTTTTTTTTTTTTTTTTTTTTTT@@@@@@@@@@@@@@@@TTTTTTT@@T@@@@@@@TTTTTTTTTTTTTTTTTTTTTTT@@@@@@@@@@@@@@TTTTTTTTTTTTTTTTTT@@@@@@@@@TTTTTTT@@@@@@@TTTTT@@@@@@@@TTTTTTTTTTTTTTT@@@@@@@@@@@@@@@@@@@@@@@@@@@@@@@@@@@@@@@@@@@@@
TTTTTTT@@@@@@@@@@@TTTTTTTTTTTTTTTTTTTTTTTTTTTTTTTTTTTTTTTTTTTTTTTTTTTTT@@@@@@@@@@@@@@@@@TTTTTTT@@@@@@@@@@TTTTTTTTTTTTTTTTTTTTTTT@@@@@@@@@@@@TTTTTTTTTTTTTTTTTTTTTTTTTTTTTTTTTTTTTTTTTTTTTTTTT@@@@@@@@TTTTTTTTTTTTT@@@@@@@@@@@@@@@@@@@@@@@@@@@@@@@@@@@@@@@@@@@@@@
TTTTTTT@@@@@@@@@@@TTTTTTTTTTTTTTTTTTTTTTTTTTTTTTTTTTTTTTTTTTTTTTTTTTTTTTTTTTTTTTTTTTTTTTTTTTTTTTTTTTTTTTTTTTTTTTTTTTTTTTTTTTTTTTTTTTTTTTTTTTTTTTTTTTTTTTTTTTTTTTTTTTTTTTTTTTTTTTTTTTTTTTTTTTT@@@@@@@@@TTTTTTTTTTTT@@@@@@@@@@@@@@@@@@@@@@@@@@@@@@@@@@@@@@@@@@@@@@
TTTTTTT@@@@@@@@@@@TTTTTTTTTT@@@@@@@@@@@@@@@@@@@@TTTTTTTTTTTTTTTTTTTTTTTTTTTTTTTTTTTTTTTTTTTTTTTTTTTTTTTTTTTTTTTTTTTTTTTTTTTTTTTTTTTTTTTTTTTTTTTTTTTTTTTTTTTTTTTTTTTTTTTTTTTTTTTTTTTTTTTTTTTTT@@@@@@@@@@TTTTTTTTTT@@@@@@@@@@@@@@@@@@@@@@@@@@@@@@@@@@@@@@@@@@@@@@@
TTTTTTT@@@@@@@@@@@TTTTTTTTTT@@@@@@@@@@@@@@@@@@@@TTTTTTTTTTTTTTTTTTTTTTTTTTTTTTTTTTTTTTTTTTTTTTTTTTTTTTTTTTTTTTTTTTTTTTTTTTTTTTTTTTTTTTTTTTTTTTTTTTTTTTTTTTTTTTTTTTTTTTTTTTTTTTTTTTTTTTTTTTTTT@@@@@@@@@@T@TTTTTTT@@@@@@@@@@@@@@@@@@@@@@@@@@@@@@@@@@@@@@@@@@@@@@@@
