height 194
width 194
map
@@@@@@@@@@@@@@@@@@@@@@@@@@@@@@@@@@@@@@@@@@@@@@@@@@@@@@@@@@@@@@@@@@@@@@@TTTTTTTTTTTTTTTTTTTTTTTTTTTTTTTTTTTTTTTTTTTTTTTTTTTT@@@@@@@@@@@@@@@@@@@@@@@@@@@@@@@@@@@@@@@@@@@@@@@@@@@@@@@@@@@@@@@@@@@@@@@
@@@@@@@@@@@@@@@@@@@@@@@@@@@@@@@@@@@@@@@@@@@@@@@@@@@@@@@@@@@@@@@@@@@@@TTTTTTT..........TTTTTTTTTTTTTT.TTTTTTT.........TTTTTTTT@@@@@@@@@@@@@@@@@@@@@@@@@@@@@@@@@@@@@@@@@@@@@@@@@@@@@@@@@@@@@@@@@@@@@
@@@@@@@@@@@@@@@@@@@@@@@@@@@@@@@@@@@@@@@@@@@@@@@@@@@@@@@@@@@@@@@@@@@TTT...TT...........TTTTTTTTTTTTTT.TTTTTTT..........TTT..TTTT@@@@@@@@@@@@@@@@@@@@@@@@@@@@@@@@@@@@@@@@@@@@@@@@@@@@@@@@@@@@@@@@@@@
@@@@@@@@@@@@@@@@@@@@@@@@@@@@@@@@@@@@@@@@@@@@@@@@@@@@@@@@@@@@@@@@@@TTTTT...............TTTTTTTTTTTTTT.TTTTTTT...............TTTTT@@@@@@@@@@@@@@@@@@@@@@@@@@@@@@@@@@@@@@@@@@@@@@@@@@@@@@@@@@@@@@@@@@
@@@@@@@@@@@@@@@@@@@@@@@@@@@@@@@@@@@@@@@@@@@@@@@@@@@@@@@@@@@@@@@@T...TT................TTTTTTT........TTTTTTT...............TT...TT@@@@@@@@@@@@@@@@@@@@@@@@@@@@@@@@@@@@@@@@@@@@@@@@@@@@@@@@@@@@@@@@
@@@@@@@@@@@@@@@@@@@@@@@@@@@@@@@@@@@@@@@@@@@@@@@@@@@@@@@@@@@@@@T.......................TTTTTTT........TTTTTTT......................TT@@@@@@@@@@@@@@@@@@@@@@@@@@@@@@@@@@@@@@@@@@@@@@@@@@@@@@@@@@@@@@
@@@@@@@@@@@@@@@@@@@@@@@@@@@@@@@@@@@@@@@@@@@@@@@@@@@@@@@@@@@@TT.......................TTTTTTTT........TTTTTTTT.......................TT@@@@@@@@@@@@@@@@@@@@@@@@@@@@@@@@@@@@@@@@@@@@@@@@@@@@@@@@@@@@
@@@@@@@@@@@@@@@@@@@@@@@@@@@@@@@@@@@@@@@@@@@@@@@@@@@@@@@@@@@T.........................TTTTTTTT........TTTTTTTT........................TT@@@@@@@@@@@@@@@@@@@@@@@@@@@@@@@@@@@@@@@@@@@@@@@@@@@@@@@@@@@
@@@@@@@@@@@@@@@@@@@@@@@@@@@@@@@@@@@@@@@@@@@@@@@@@@@@@@@@@T...........................TTT..................TTT..........................TT@@@@@@@@@@@@@@@@@@@@@@@@@@@@@@@@@@@@@@@@@@@@@@@@@@@@@@@@@
@@@@@@@@@@@@@@@@@@@@@@@@@@@@@@@@@@@@@@@@@@@@@@@@@@@@@@@T.................................................................................TT@@@@@@@@@@@@@@@@@@@@@@@@@@@@@@@@@@@@@@@@@@@@@@@@@@@@@@@
@@@@@@@@@@@@@@@@@@@@@@@@@@@@@@@@@@@@@@@@@@@@@@@@@@@@@@T....................................................................................T@@@@@@@@@@@@@@@@@@@@@@@@@@@@@@@@@@@@@@@@@@@@@@@@@@@@@@
@@@@@@@@@@@@@@@@@@@@@@@@@@@@@@@@@@@@@@@@@@@@@@@@@@@@T.......................................................................................TT@@@@@@@@@@@@@@@@@@@@@@@@@@@@@@@@@@@@@@@@@@@@@@@@@@@@
@@@@@@@@@@@@@@@@@@@@@@@@@@@@@@@@@@@@@@@@@@@@@@@@@@TT.....................................T...........TT......................................TTT@@@@@@@@@@@@@@@@@@@@@@@@@@@@@@@@@@@@@@@@@@@@@@@@@@
@@@@@@@@@@@@@@@@@@@@@@@@@@@@@@@@@@@@@@@@@@@@@@@@TTTTT................................TTT..................TTT................................TTTTT@@@@@@@@@@@@@@@@@@@@@@@@@@@@@@@@@@@@@@@@@@@@@@@@
@@@@@@@@@@@@@@@@@@@@@@@@@@@@@@@@@@@@@@@@@@@@@@@TTTTTT................................TTT..................TTT...............................TTTTTTT@@@@@@@@@@@@@@@@@@@@@@@@@@@@@@@@@@@@@@@@@@@@@@@
@@@@@@@@@@@@@@@@@@@@@@@@@@@@@@@@@@@@@@@@@@@@@TTTTTTTT........................................................................................TTTTTTTT@@@@@@@@@@@@@@@@@@@@@@@@@@@@@@@@@@@@@@@@@@@@@
@@@@@@@@@@@@@@@@@@@@@@@@@@@@@@@@@@@@@@@@@@@T@@TTTTTTT........................................................................................TTTTTTTTTT@@@@@@@@@@@@@@@@@@@@@@@@@@@@@@@@@@@@@@@@@@@
@@@@@@@@@@@@@@@@@@@@@@@@@@@@@@@@@@@@@@@@@TT@@@TTTT@TTT......................................................................................TT@TTTTTTTTTT@@@@@@@@@@@@@@@@@@@@@@@@@@@@@@@@@@@@@@@@@
@@@@@@@@@@@@@@@@@@@@@@@@@@@@@@@@@@@@@@@@TTT@@@@@@TT@TT.....................................................................................TTT@TT..TTTTTTT@@@@@@@@@@@@@@@@@@@@@@@@@@@@@@@@@@@@@@@@
@@@@@@@@@@@@@@@@@@@@@@@@@@@@@@@@@@@@@@T..TTT@@@@@TTT@TT..............................TTT.................TTTT..............................TT@TTT...TTTTT.TT@@@@@@@@@@@@@@@@@@@@@@@@@@@@@@@@@@@@@@
@@@@@@@@@@@@@@@@@@@@@@@@@@@@@@@@@@@@T....TTTT@@TTTTT@TTT.............................TTTT................TTTT.............................TTT@TTT......TT.TTTT@@@@@@@@@@@@@@@@@@@@@@@@@@@@@@@@@@@@
@@@@@@@@@@@@@@@@@@@@@@@@@@@@@@@@@@TT......TTTTTTTTTTT@TT.............................TTTT................TTTT.............................TT@TTTTTT.......TTTTT@@@@@@@@@@@@@@@@@@@@@@@@@@@@@@@@@@@
@@@@@@@@@@@@@@@@@@@@@@@@@@@@@@@@@T..........TTTT.TTTT@TTT...........................TTTTT................TTTT............................TT@TTTTTTTT.......TTT.TT@@@@@@@@@@@@@@@@@@@@@@@@@@@@@@@@@
@@@@@@@@@@@@@@@@@@@@@@@@@@@@@@@T..................TTTT@TT...........................TTTTT................TTTT............................TT@TTTTTTTTT...........TTT@@@@@@@@@@@@@@@@@@@@@@@@@@@@@@@
@@@@@@@@@@@@@@@@@@@@@@@@@@@@@TTT..................TTTT@TTT.................................................TT...........................TT@TTTT@TTTTT..........TTTTTT@@@@@@@@@@@@@@@@@@@@@@@@@@@@@
@@@@@@@@@@@@@@@@@@@@@@@@@@@TTTT....................TTTT@TT.............................................................................TTT@TTTTTTTTTT.........TTTTTTTT@@@@@@@@@@@@@@@@@@@@@@@@@@@@
@@@@@@@@@@@@@@@@@@@@@@@@@@TTTTT.....................TTTT@TT............................................................................TT@TTTTTTTT...........TTTTTTTTTTT@@@@@@@@@@@@@@@@@@@@@@@@@@
@@@@@@@@@@@@@@@@@@@@@@@@@TTTTT......................TTTT@TTT......................TT..................................................TTT@TTTTTTTT.......TTT..TTTTTTT@TTT@@@@@@@@@@@@@@@@@@@@@@@@@
@@@@@@@@@@@@@@@@@@@@@@@@@TTTTT.......................TTTT@TT......................TTT.......................TT........................TT@TTTTTTT........TTTTT.TTTTTTTT@TT@@@@@@@@@@@@@@@@@@@@@@@@@
@@@@@@@@@@@@@@@@@@@@@@@@TTTTT........................TTTT@TTT.....................TT........................TTT......................TT@TTTTTTT.........TTTTTT@T.TTTTTTTTT@@@@@@@@@@@@@@@@@@@@@@@@
@@@@@@@@@@@@@@@@@@@@@@@@TTTT..........................TTTT@TT..................................TTTTT........TTT......................TT@TTTTTTT.......TTTTTTTTT...TTTTTTTT@@@@@@@@@@@@@@@@@@@@@@@@
@@@@@@@@@@@@@@@@@@@@@@@T..............................TTTTTTTT...............................TTTTTTTTT..............................TT@TTTTTTTTT......TTT@TTTTT....TTTTTTTT@@@@@@@@@@@@@@@@@@@@@@@
@@@@@@@@@@@@@@@@@@@@@@@................................TTTT@TT...............................TTTTTTTTT.............................TTT@TTTTTTTTT......TTTTTTTTT.....TTTTTTT@@@@@@@@@@@@@@@@@@@@@@@
@@@@@@@@@@@@@@@@@@@@@@T.TT..............................TTTT@TT................TT............TTTTTTTT..............................TT@TTTT@TTTTTT...TT@TTTTTTT.......TTTTT.T@@@@@@@@@@@@@@@@@@@@@@
@@@@@@@@@@@@@@@@@@@@@TTTTTT..........................TTTTTTT@TTT..............TTTT...........TTTTTTT..............................TTTTTTTTTTTTTTT..TTTTTTTTT...........TT..T@@@@@@@@@@@@@@@@@@@@@@
@@@@@@@@@@@@@@@@@@@@@TTTTTTT.......................TTTTT@TTTT@TT.............TTTTT...........TTTTTTT........TTTT..................TT@TTTTTTTTTTTT..TTTTTTTTT.....TTTT.......T@@@@@@@@@@@@@@@@@@@@@
@@@@@@@@@@@@@@@@@@@@TTTTTTTTT......................TTTTT@TTTT@TTT.............TTTT...........TTTTTTT........TTTTT................TT@TTTTTTTTT......TTTTTTT.......TTTT........T@@@@@@@@@@@@@@@@@@@@
@@@@@@@@@@@@@@@@@@@@TTTTTTTTTT.....................TTTTTT@TTTT@TT........TT...TTTT............TTTTT.........TTTTT................TT@TTT@TTTT.......TTTTTTTT..TTTTTTTT.......TT@@@@@@@@@@@@@@@@@@@@
@@@@@@@@@@@@@@@@@@@TTT..TTTTTTT....................TTTTTTT.TTTTTTT......TTT....................TTTT.........TTTT....TTT.........TT@TTTTTTT.........TTTTTTTT..TTTTTTTT.......TTT@@@@@@@@@@@@@@@@@@@
@@@@@@@@@@@@@@@@@@@TT....TTTTTTT....................TTTTTT.TTTT@TTT.....TTT....................TTTT.................TTT........TTT@TTTTTTT..........TTTTTT@TTTTTTTTTT.......TTT@@@@@@@@@@@@@@@@@@@
@@@@@@@@@@@@@@@@@@TTT.....TTTTTTTT..........................TTTTTTTTT...........................TT...................TT...TTTTTTTTTTTTTTTTT..........TTT..TTTTTTTTTTTTT........T@@@@@@@@@@@@@@@@@@
@@@@@@@@@@@@@@@@@TTT.......TTTTTTTT.........................TTTTTTTTT.....................................................TTTTTTTTTTTTTTTTT...............TTTTTTTT.TTTT........T@@@@@@@@@@@@@@@@@@
@@@@@@@@@@@@@@@@@TTT........TTTTTTT.........................TTTTTTTTT........TT............................................TTTTTTTTTTTTTTTT...............TTTTTTTT.TTTT.........T@@@@@@@@@@@@@@@@@
@@@@@@@@@@@@@@@@TTTT........TTTTTTT.........................TTTTTTTTT.......T...............................................TTTTTTTTTTTT.T................TTTTTTTT...............T@@@@@@@@@@@@@@@@
@@@@@@@@@@@@@@@@@TTT........TTTTTTT.........................TTTTTTTTT.TTT..T...T............................................TTTTTTTTTTTT.................TTTTTTT.............TTT.T@@@@@@@@@@@@@@@@
@@@@@@@@@@@@@@@T@@TT...........TTT.........................TTTTTTTTTTTTTTTT....T............................................TTTTTTTTTTTT.................TTTTTTT............TTTT..T@@@@@@@@@@@@@@@
@@@@@@@@@@@@@@@TTTTT........................................TTTTTTTTTTTTTT....T............................................TTTTTTTTTTTTT.................TTT.TTT.............TTTTTT@@@@@@@@@@@@@@@
@@@@@@@@@@@@@@TTTTTTT..........................................TTTTT@TTTT....T.............................................TTTTT..TTTTTTT....................TT.........TT...TTTTTTT@@@@@@@@@@@@@@
@@@@@@@@@@@@@TTTTTTTT..........................................TTTTTTTTTT...T...............................................TTTT...TTTTTTT............................TTTT...TTTTTTT@@@@@@@@@@@@@@
@@@@@@@@@@@@@TTTT@@TTT..........................................TTTTT@TTT..TT................................................TT.....TTTTTTT..........................TTTTTTT..TTTTTTT@@@@@@@@@@@@@
@@@@@@@@@@@@TTTTT@@@TTT...........................................TTTT@TTTTTTT.....TTTT...................TT.........................TTTTTT.........................TTTTTTTTTTTTTTTTTT@@@@@@@@@@@@
@@@@@@@@@@@@TTTT@@@@TTTT...........................................TTT@TTTTTTT.....TTTT........TTTT......TTTTTTT......................TTTTT.........................TTTTTTTTTT.TTTTTTT@@@@@@@@@@@@
@@@@@@@@@@@T@TTT@@@@@@TTTTT..........................................TT@TTTTTT....TTTTTTT.....TTTTTT.....TTTTTTT.......................TTT.....................TT.TTTTTTTTTTTT.TTTTTTTT@@@@@@@@@@@
@@@@@@@@@@@@@@TTTTTT@@@TTTTT.........................................TT@TTTTTT....TTTTTTT...TTTTTTTTTT...TTTTTT@T.......................T.....................TTTTTTTTTTTT@TT...TTTTT.T@@@@@@@@@@@
@@@@@@@@@@TTTTTTTTTTTT@@@TTTTT......................................TTTT@TTTTT....TTTTTTTTTTTTTTTTTTTTTTTTTTTTTTT......TTT...................TTT..............TTTTTTTTTTTTTTTT...TTTT..T@@@@@@@@@@
@@@@@@@@@TTTTTTT...TTTTT@@@TTTTT...................................TTTTTTTTTTTT.....TTTTTTTTTTTTTTTTTTTTTTTTTTT.......TTTTT.................TTTTT............TTT.TTTT@TTTTTTTTT..TTTTT..T@@@@@@@@@
@@@@@@@@@TTTT.......TTTTTT@@TTTTT.................................TTT@@TT@TTTTT.TTTTTTTTTTTTTTTTTTTTTTTTTTTTTTTTT....TTTTTT................TTTTTTT..T........TTT.TTTT@@TTTTTTTT...TTT..TT@@@@@@@@@
@@@@@@@@TTT...........TTTTT@@@TTTT................................TT@@@@TTTTTTTTTTTTTTTTTTT@@@TTTTT@@@@TTTTTTTTTTTTTTTTTTTT.................TTTTTTTTTT.......TTT.TTTTTTTTTTTTTT.........TT@@@@@@@@
@@@@@@@@TT@TTT..........TTTTT@@@TTTTTT............................TT@@@@TTTTTTTTTTTTTTT@@@@@@@@@@@@@@@@@@@@TTTTTTTTTTTTTTT...................TTTTTTTTT.......TTT.....TTTTTTTTT..........TT@@@@@@@@
@@@@@@@TTT@TTTT...........TTTTT@@TTTTTT...........................TT@@@@TTTTTTTTTTTT@@@@@@@@@@@@@@@@@@@@@@@@@@TTTTTTTTTTTT....................TTTTTTTTTT.............TTTTTTTTTT..........TT@@@@@@@
@@@@@@TTT@TTTTT.............TTTTT@@@TTTTTTTTT.....................TTT@@@TTTTTTTT@@@@@@@@@@@@@@@@@@@@@@@@@@@@@@@@@@TTTTTTTT.....................TTTTTTTTTT............TTTTTTTTTT..........TT@@@@@@@
@@@@@@TT@TTTTTT...............TTTT@@@TTTTTTTTTT....................TTT@TTTTTTTT@@@@@@@@@@@@@@@@@@@@@@@@@@@@@@@@@@@TTTTTTTT......................TTTTTTTTT............TTTT.TTTTT...........TT@@@@@@
@@@@@TTTTTTTTTTT...............TTTTT@@@@TTTTTTTT....................TTTTTTTTTTT@@@@@@@@@@@@@@@@@@@@@@@@@@@@@@@@@@@@TTTTTTTT......................TTTTTTTT...........TTTTT....TT...........TTT@@@@@
@@@@@TTTTTTTTTTTT...............TTTTTT@@TTTTTTTTT....................TTTTTTTTT@@@@@@@@@@@@@@@@@@@@@@@@@@@@@@@@@@@@@@TTTTTTTT......................TTTTTTTT..........TTTT...................TT@@@@@
@@@@TTTTTTTTTTTT...................TTTT@TTTTTT@TT...................TTTTTTT.TTT@@@@@@@@@@@@@@@@@@@@@@@@@@@@@@@@@@@@@@@@@TTTTT......................TTTTTTT..........TTT....................TTT@@@@
@@@@TTTTTTTTTT...................TTTTTTTTTTTTTTTT...................TTTTTT...TT@@@@@@@@@@@@@@@@@@@@@@@@@@@@@@@@@@@@@@@@@@TTTTT.....................TTTTTTT.................................TTT@@@@
@@@TTT.TTTTTT....................TTT.TTTTTTTTTTTT....................TTTT....TTT@@@@@@@@@@@@@@@@@@@@@@@@@@@@@@@@@@@@@@@@@@TTTTT....................TTTTTTT.TT..............................TTTT@@@
@@TTT.....TT.......................T..TTTTTTTTTTT.............................TTT@@@@@@@@@@@@@@@@@@@@@@@@@@@@@@@@@@@@@@@@@@TTTTT...................TTTTTTTTTT.........TT.....................TTT@@
@@TTT.....TT..........................TTTTTTTTTTT...............TT.............TT@@@@@@@@@@@@@@@@@@@@@@@@@@@@@@@@@@@@@@@@@@@TTTTT...................TTTTTTTTT.........TTT.....................TT@@
@TTTT..................................TTTTTTTTT...............TTTT............TTT@@@@@@@@@@@@@@@@@@@@@@@@@@@@@@@@@@@@@@@@@@@TTTTT....................TTTTTTT..........TTT...................TTTT@
@TTTT..................................TTTTTTTTT...........TTTTTTTT.............TTT@@@@@@@@@@@@@@@@@@@@@@@@@@@@@@@@@@@@@@@@@@@TTTTT...................TTTTTT............TT...................TTTT@
TTTT.....................................TTTTT..........TTTTTTTTTTT.............TTT@@@@@@@@@@@@@@@@@@@@@@@@@@@@@@@@@@@@@@@@@@@@TTTTT.....T............TTTTTTTT..................................TT
TTTTTT..................................................TTTTTTTTTTT..............TTT@@@@@@@@@@@@@@@@@@@@@@@@@@@@@@@@@@@@@@@@@@@@TTTTTTTTTTT............TTTTTTTT.................................TT
TTTTT....TT............................................TTTTTTTTTTT................TTT@@@@@@@@@@TTT@@@@@@@@@@@@@@@@@@@@@@@@@@@@@@@TTTTTTTTTT............TTTTTTTT................................TTT
TTT@@TT.TTTT...........................................TTTTTTTTTT..................TT@@@@@@@@@@TTTT@@@@@@@@@@@@@@@@@@@@@@@@@@@@@@@TTTTTTTTTT...........TTTTTTT.................................TTT
TT@@TTTTTTTTT..........................................TTTTTTTTT...................TTT@@@@@@@@@TTTT@@@@@@@@@@@@@@@@@@@@@@@@@@@@@@@TTTTTTTTT............TTTTT....................................TT
TTTTTTTTTTTTT..........................................TTTTTTTTTT...................TTTT@@TTTTTTTTTTTTT@@@TTTT@@@@@@@@@@@@@@@@@@@@TTTTTTT..............TTTTTT.............................TT...TTT
TTTTTTTTTTTTT..........................................TTTTTTTTTTT..................TTTTTTTTTTTTTTTTTTTTTTTTTT@@@@@@@@@@@@@@@@@@@@TTTTTTT...............TTTTT............................TTTT.TTTT
TTT@TTTTTTT............................................TTTTTTTTTTTTT................TTTTTTTTT.........TTTTTTTT@@@@@@@@@@@@@@@@@@@@@TTTTTT...............TTTT..............T..............TTT..TTTT
TTTTTTTTTT.............................................TTTTTT....TTTTT..............TTTT.................TTTTT@@@@@@@@@@@@@@@@@@@@@@@TTTT...............T................TTT.............TTTT.TTTT
TTTTTTTTT.............................................TTTTTT.......TTTTT..............TT....................TTT@@@@@@@@@@@@@@@@@@@@@@@TTT............................TTTTTTTTTTT......TTTTTTT....T
TTTTTTTT..............................................TTTTTT.........TTTTT...................................TTT@@@@@@@@@@@@@@@@@@@@@@TTTT.........................TTTTTTTTTTTTT......TTTTTTTTTTTT
TTTTTTT..............................................TTTTTTT..........TTTTTT.................................TTTT@@@@@@@@@@@@@@@@@@@@@TTTT.......................TTTTTTTTTTTTTTT......TTTTTTTTTTTT
TTTTT................................................TTTTTTT............TTTTT.................................TTT@@@@@@@@@@@@@@@@@@@@@TTTT................TTTTT.TTTTTTTTTTTTTTTT......TTTTT@TTT@@T
TTTT................................................TTTTTTT...............TTTTTTT...........................TT.TTTTTTT@@@@@@TTTT@@@@@@@TTTT...............TTTTT.TTTTTTTTTTT.TT..........TTTTTTT@@T
TTT.................................................TTTTTTT.................TTTTT...............................TTTTTT@@@TTTTTTT@@@@@@@TTTT...............TTTTTTTTTTTTT..................TTTTTT@@T
TT..................................................TTTTTTT.................TTTTT................................TTTTTTTTTTTTTTTT@@@@@@TTTT...............TTTTTTTTT...........................T@@T
TT..................................................TTTTTT..................TTTT................................TTTTTTTTTTTTTTTTT@@@@@@TTTT...............TTTTTT...............................TTT
TTT.................................................TTTTTT.....................T...............................TTT@TTTTTTTTTTTT@@@@@@@@@TTTT...............TTTTT....T..........................TTT
TTTT.................................................TTTTT....................................................TTTTTTTTTTTTTT@@@@@@@@@@@@TTTT...............TTTTTTT.TTT.........................TTT
TTTT.................................................TTTTT....................................................TTTTTTTTTTT@@@@@@@@@@@@@@@TTTT................TTTT@T.TTT................TT.......TTT
T@TTT........................T......................TTTTT................................TTTTT.................TTTTTTTTTTTTTTTTTTT@@@@@@@TTT................TTTTTT............TTTTT.TTTT.....TT@@T
T@TTTT.....................TTTT.TTTTTT.............TTTTTT................................TTTTTTT...............TTTTTTTTTTTTTTTTTTT@@@@@@@TTTT...............TTTTTTT...........TTTTTTTTTTTTTTTTT@@T
TTTTTTT....................TTTTTTTTTTTT...........TTTTTTT.................................TTTTTTTT..............TTT.TTTTTTTTTTTTTT@@@@@@@TTTT...............TTTTT.............TTTTTTTTTTTTTTTTTTTT
TTTTTTTT....................T@TTTTTTTTTT..........TTTTTTT.................T..............TTTTTTTTT..................TTTTTTTTTTTTTT@@@@@@TTTTTTT.............TTTTTT............TTTTTTTTTTTTTTTTTTTT
TTTT@TTTTTTTTTTTTTTTTTTTTTTTTTTTTTTTTTTT.........TTTTTTTTT...............TTTTT...........TTTTTTTT...................TTTTTTTTTTTTTT@@@@@@TTTTTTTT............TTTTTTTTTTTTTTTTTTTTTTTTTTTTTTTTTTTTTT
TTTT@@@TTTTTTTTTTTTTTTTTTTTTTTTTTTTTTTTTT........TTTTTTTTT...............TTTTT............TTTTTTTT.................TTTTT@@@@@@@@@@@@@@@@TTTTTTTTT...........TTTTTTT@@@@@@@@@@@@@@@@@@@@@@@@@@@TTTT
TTTT@@@@@@@@@@@@@@@@@@@@@@@@@@@TTTTTTT@TT........TTTTTTTTT...............TTTT...............TTTTTT.................TTTTT@@@@@@@@@@@@@@@@TTTTTTTTT...........TTTTTTTTTTTTTTTTTTTTTTTTTTTTTTTTTTTTTT
TTTT@@@@@@@@@@@@@@@@@@@@@@@@@@@TTTTTTT@TT........TTTTTTTTT.......TTTTTTTTTTTT.................TT....................TTTT@@@@@@@@@@@@@@@@TTTTTTTTT...........TTTTTTTTTTTTTTTTTTTTTTTTTTTTTTTTTTTTTT
TTTT@@TTTTTTTTTTTTTTTTTTTTTTTTTTTTTTTTTTT.........TTTTTTTT.....TTTTTTTTTTTTTTT......................................TTT@@@@@@@@@@@@@@@@@@TTTTTT.............TTTTTT..TTT...TTTTTTTTTTTTT@TTT.TTTTTT
TTTTTTTTTTTTTTTTTTTTTTTTTTTTTTTTTTTT@TTT..........TTTTTTT......TTTTTTTTTTTTTTTT.....................................TTT@@@@@@@@@@@@@@@@@@TTTT...............TTTTT...TTT...TTTTTTTT.TTTTTTTT.TTTTTT
T@@TTTTT......................TTT@@@TTTT...........TTTTTT......TTTTTTTTTTTTTTTTT............................TTT.....TT@@@@@@@@@@@@@@@@@@@TTTT...............TTTTT...TTT...TTTTTTTT..TTTTTTT.TTTTTT
T@TTTT.........................TTTTTTTT.............TTTTT......TTTTTTTTTTTTTTTTTT..........................TTTTT...TTT@@@@@@@@@@@@@@@@@@@TTT................TTTTT...TTT.TTTTTTTTT...TTTTTTT..TTTTT
TTTTT............................TTTT...............TTTTTT.........TTTTTTTTTTTTTT...........................TTTTT..TTT@@@@@@@@@@@@@@@@@@TTTT...............TTTTT....TTT.TTTTTTTTT....TTTTTT...TTTT
TTTT................................................TTTTTT......TTTTTTTTTTTTTTTT.............................TTTTT.TT@@@@@@@@@@@@@@@@@@@TTTT...............TTTTT....TTT.TTT..TTTT...TTTTTTT...TTTT
TTT..................................................TTTTT......TTTTTTTTTTTTTTTT..............................TTTTTTT@@@@@@@@@@@@@@@@@@@TTTT...............TTTTT....TTT.TTT..TTTT...TTT.TTT...TTTT
TTT...................................................TTTT......TTTTTTTTTTTTTTTTT..............................TTTTT@@@@@@@@@@@@@@@@@@@TTTT................TTTTT...............T.................T
TT....................................................TTTTT.....TTTTTTTT....TTTTT.....................T.........TTTTT@@@@@@@@@@@@@@@@@@TTTT...............TTTTT..................................T
TT....................................................TTTTT......TT.........TTTTT....................TTT.........TTTTT@@@@@@@@@@@@@@@@@TTTT...............TTTTT..................................T
TT....................................................TTTTT..................TTTTT...................TTTT.........TTTTT@@@@@@@@@@@@@@@@TTT................TTTTT................................TTT
TT....................................................TTTTTT....................TTT..................TTTTT.........TTTTT@@@@@@@@@@@@@@TTTT.................TTT.................................TTT
TT...................TT................................TTTTT.....................TTT..................TTTTT.........TTTTT@@@@@@@@@@@@@TTTT...........................................TT........TTT
TT.................TTTT......TTTTT...................TTTTTTT......................TTT..................TTTTT.........TTTTT@@@@TT@@@@@@TTTT..................................TTTTTT.TTTTTTT.......T
TT................TTTTT..TTTTTTTTT..................TTTT@TTT.......................TTTTT................TTTTT.........TTTTT@@T@@T@@@@@TTT..................................TTTTTTTTTTTTTTT......TT
TT................TTTTTTTTTTTTTTTT.................TTT@@@TTTT.......................TTTTT...............TTTTTT.........TTTTTT@@@@T@@TTTTT...............TTT.................TTTTTTTTTTTTTTT...TT@T
TT................TTTTTTTTTTTTTTTT.................TT@@@@TTTTTT.....................TTTTTTTT....TT...TTTTTTTTTT.........TTTTT@@@@@TTTTTTTTTT............TTTT................TTTTTTT@TTTTTT...TTTTT
TT............TTTTTTTTTTTTTTTTTTTT................TTT@@@@TTTTTTT....................TTTTTTTTTTTTTTTTTTTTTT.TTTTT.........TTTTT@@@@TTTTTTTTTT............TTTTT..............T@TTTTT@TTTTTTT..TTTTTT
TT..........TTTTTTTTTTTTTTTTTTTT..................TT@@@@@TTTTTTT.....................TTT...TTTTTTTTTTT......TTTTT.......TTTTTTT@@@TTTTTTTTTT............TTTTTT..........TTTTTTTTTTTTTTTTT..TTTTTTT
TT..........TTTTTTTTTTTTTTTTT.....................TTT@@TTTTTTTTT..............................TTTTT..........TTTTT.......TTTTTTT@@TTTTTTTTTT...........TTTTTTT..........TTTTT@TT@TTTTTTT...TT@TTTT
TTTTTT......TTTTTTTTTTTT.TTTT...................TTTTTTTTTTTTTTTT...............................TTTT...........TTTTT.......TTTTTT@@TTTTTTTTT............TTTTTTT...........TTTT@TTTTTT@@TT..TTT@TTTT
TTTTTTT......TTTTTTT.....TT.....................TTTTTTT@@TTTTTTTT................................T.............TTTTT.T.....TTTTT@@@TTTTTTTT............TTTTTTT...........TTTT@TTT@TTTTT...TTTTTTTT
TTTTTTT......TTTT..........................TT...TTTTTT@TTTTTTTTTTT..............................................TTTTTTT.....TTTTT@@TTTTTTT.............TTTTTTT...........TTTT@TTT@TTTTTT...TTTT@TT
TTTTTTT....................................TT...TTTT@@TTT.....TTTTT..............................................TTTTTTT.....TTTT@TT..................TTTTTTTTT...........TTTTTTT@TTTTTT...TTTT@TT
@TTTTTT...............................TTTTTTT..TTT@@TTTT.......TTTTT..............................................TTTTTTT.....TTTTT...................TTTTTTTTT...........TT.TTTTTTTTTTTT.TTTTTTT@
@TTTTT................................TTTTTT@TTTT@TTTT..........TTTTT.............................................TTTTTTTT......TT...................TTTTTTTTTT..............TTTTTTT@TTTT.TTTTTTT@
@@TTT................................TTTTTTTTTT@TTTT.............TTTTT...........................................T@@TTTTTTT....TT...................TTTTTT....................T..TTTTTTT..TTTTTT@@
@@TTT................................TTTTTTTTTTTTT................TTTTT.........................................T@@@@TTTTTTT..TT...................TTTTTTT.........................TTTT...TTTTTT@@
@@@TTT.............................TTTTTTTTTTTTTT..................TTTTT........................................T@@@@@T@TTTT.TT....................TTTTTTT..........................T.....TTT@T@@@
@@@@TTT...........................TTTTTTTTTTTTT.....................TTTTT........................................T@@@@@@@TTTTT.....................TTTTTTT................................TTTT@@@@
@@@@TTT...........................TTTTTTTTTTTTT......................TTTTT........................................T@@@@@@@@TT.....................TTTTTTTT................................TTTT@@@@
@@@@@TT.......................TTTTTTTTTTTTTTTT........................TTTTTTTT.....................................TTTTTT@TT.....................TTTTTTTTT.............TTTT...............TTT@@@@@
@@@@@TTT......................TTTTTTTTTTTTTTT..........................TTTTTTTT....................................TTTTTTTT.....................TTTTTTTT...............TTTT.................T@@@@@
@@@@@@TTT......................TTTTTTTTTT...............................TTTTTTT....................................TTTTTTT.....................TTTTTTTTT................TTTTT...........TTTT@@@@@@
@@@@@@@TT....................TTTTTTTTTT.................................TTTTTTTT..................................TTTTTTTT....................TTTTTTTTTTTTT.............TTTTTT..........TTT@@@@@@@
@@@@@@@TTT.TTTT.............TTTTTTTTT.................TT................TTTTTTTTTTTT..........................TTTTTTTTTTTT...................TTTTTTTTTTTTTT............TTTTTT...........TTT@@@@@@@
@@@@@@@@TTTTTTTTTT...........TTTTTT...................TTTT..............TTTTTTTTTTTTTTTT..................TTTTTTTTTTTTTTTT..................TTTTTTTTT..T...............TTTTTTTT.........TT@@@@@@@@
@@@@@@@@TTTT@TTTTT...TT.T....TTTTT....................TTTT.............TTTTTTTTTTTTTTTTTTTT...TTTTTT...TTTTTTTTTTTTTTTTTTTT.................TTTTTTTTTT...............TTTTTTTTTT..........T@@@@@@@@
@@@@@@@@@TT@@@@@TTTTTTTTTT............................TTTTT...........TTTTTT.....TTTTTTTTTTTTTTTTTTTTTTTTTTTTTTTT.....TTTTT..................TTTT.TTTT..............TTTTT@@TTTT.........T@@@@@@@@@
@@@@@@@@@TT@@@@@@TTTTTTTTT...........................TTTTTT...........TTTTTT........TTTTTTTTTTTTTTTTTTTTTTTTT.........TTTTTT..................TT..TT...............TTTTTT@TTTT..........T@@@@@@@@@
@@@@@@@@@@T@@@@@@TTTTTTTTT..........................TT@@@@TT...........TTTT.............TTTTTTTTTTTTTTTTTT.............TTTTT.......................................TTTTTTTTTTT.........T@@@@@@@@@@
@@@@@@@@@@@T@@@@@TTTTTTTTT........................TTT@@@@@@TT...........TTT.................TTTTTTTTTT..................TT.............TTT..........................TTTTTTTTTT.........@@@@@@@@@@@
@@@@@@@@@@@T@TTTTTTTTTTTT........................TTT@@@@@@@@TTT...............................TTTTTT..................................TTTTT........................TTTTTTTTTT.....TTT.T@@@@@@@@@@@
@@@@@@@@@@@@TTTTTTTTTTTTTT.......................TTT@@@@@@@@TTT................................TTTT..................................TTTTTT.........................TTTTTTTTTT.TTTTTTT@@@@@@@@@@@@
@@@@@@@@@@@@TTTTTTTTTT@TTT......................TTT@@@@@@@@@@TTT....TT......................................................TT......TTTTTTT.........................TTTTTTTTTTTTTTTTTT@@@@@@@@@@@@
@@@@@@@@@@@@@TTTTTTT@@@@TT...................T.TT@@@@@@@@@@@@@@TT.TTTTT....................................................TTTT....TTTTTTTT..........................TTTTTTTTTTTTTTTT@@@@@@@@@@@@@
@@@@@@@@@@@@@@TTTT@@@@@@@TT................TTTTT@@@@@@@@@@@@@@@@TTTTTTTT...................................................TTTTT..TTTTTTTTTTTT.........................TTTTTTTTTTTTT@@@@@@@@@@@@@@
@@@@@@@@@@@@@@TTTTT@@@@@@@TT..............TTTTTT@@@@@@@@@@@@@@@@@TTTTTT....................................................TTTTT.TTTTTTT.TTTTTT........................TTTTT@TTTTTTT@@@@@@@@@@@@@@
@@@@@@@@@@@@@@@TTT@@@@@@@@TTT..............TTTTT@@@@@@@@@@@@@@@@TTTTTTT....................................................TTTTTTTTTTTT...TTTTTTTTT.....................TT..TTTTTTT@@@@@@@@@@@@@@@
@@@@@@@@@@@@@@@T@@@@@@@@@@TTT.............TTTTT@@@@@@@@@@@@@@@@TTTTTTT......................................................TTTTTTTTTT.....TTTTTTTT.........................TTTT..T@@@@@@@@@@@@@@@
@@@@@@@@@@@@@@@@T@@@@@@@@@@TT..........TTTT@T@@@@@@@@@@@@@@@@@TTTTTTT.......................................................TTTTTTTTT.......TTTTTTTT..........................TT.T@@@@@@@@@@@@@@@@
@@@@@@@@@@@@@@@@TT@@@@@@@@@@TT.......TTTT@@@@@@@@@@@@@@@@@@@@@TTTTTTTT.......................................................TTTTTTT.........TTTTTTTT...............TTT..........T@@@@@@@@@@@@@@@@
@@@@@@@@@@@@@@@@@T@@@@@@@@@@@T.......TTT@@@@@@@@@@@@@@@@@@@@@@TTTTTTTT.......................................................TTTTTTT..........TTTTTT................TTT........TT@@@@@@@@@@@@@@@@@
@@@@@@@@@@@@@@@@@TT@@@@@@@@@@TTTTT.TTTT@@@@@@@@@@@@@@@@@@@@@@@TTTTTTT........................................................TTTTTTT...........TTTTTTT...........TT.TTT........T@@@@@@@@@@@@@@@@@@
@@@@@@@@@@@@@@@@@@T@@@@@@@@@@TTTTTTT@@@@@@@@@@@@@@@@@@@@@@@@@TTTTTTTT............................TT...........................TTTTTTT...........TTTTTT..........TTTTTTT.......TT@@@@@@@@@@@@@@@@@@
@@@@@@@@@@@@@@@@@@@T@@@@@@@@@TTTTTT@@@@@@@@@@@@@@@@@@@@@@@@@@TT@TT............................TTTTTT...........................TTT@TT............TTTTT..........TTT@TTT......TT@@@@@@@@@@@@@@@@@@@
@@@@@@@@@@@@@@@@@@@T@@@@@@@@@TTTTT@@@@@@@@@@@@@@@@@@@@@@@@@@TTT@TT..........................TTTTTTTTTT..........................TT@TTT............TTTTT..........TTTTTT......TT@@@@@@@@@@@@@@@@@@@
@@@@@@@@@@@@@@@@@@@@T@@@@@@@@@@TT@@@@@@@@@@@@@@@@@@@@@@@@@@@TT@TT...........................TTTTTTTTTTT........................TTTT@TT............TTTTT..........TTTTT......TT@@@@@@@@@@@@@@@@@@@@
@@@@@@@@@@@@@@@@@@@@TT@@@@@@@@@@@@@@@@@@@@@@@@@@@@@@@@@@@@@TTTTTT...........................TTTTTTTTTT...................TTTTTTTTTTT@TT...........TTTT............TT........TT@@@@@@@@@@@@@@@@@@@@
@@@@@@@@@@@@@@@@@@@@@T@@@@@@@@@@@@@@@@@@@@@@@@@@@@@@@@@@@@@TT@TT.............................TTTTTTTTT...........TT.....TTTTT@@@@@TT@TT............TT......................TT@@@@@@@@@@@@@@@@@@@@@
@@@@@@@@@@@@@@@@@@@@@TT@@@@@@@@@@@@@@@@@@@@@@@@@@@@@@@@@@@TT@TTT.............................TTTTTTTT............TTTTTTTTTTT@@@TT@TTT@TT..................................TT@@@@@@@@@@@@@@@@@@@@@@
@@@@@@@@@@@@@@@@@@@@@@T@@@@@@@@@@@@@@@@@@@@@@@@@@@@@@@@@@TTT@TT...............................TTTTTTT...........TTTTTT@@@@@@@@@TT@@TT@TTT.................................TT@@@@@@@@@@@@@@@@@@@@@@
@@@@@@@@@@@@@@@@@@@@@@@T@@@@@@@@@@@@@@@@@@@@@@@@@@@@@@@@@TT@TT................................TTTTTT............TTTTT@@@@@@@@@@TT@@TTT@TT...TT...........................TT@@@@@@@@@@@@@@@@@@@@@@@
@@@@@@@@@@@@@@@@@@@@@@@TT@@@@@@@@@@@@@@@@@@@@@@@@@@@@@@@TTT@TT.................................TTTT..............TTT@@@@@@@@@@@@@@@@TTTTTT.TTT...........TT..............TT@@@@@@@@@@@@@@@@@@@@@@@
@@@@@@@@@@@@@@@@@@@@@@@@TTTT@@@@@@@@@@@@@@@@@@@@@@@@@@@@TT@TT....................................................TTT@@@@@@@@@@@@@@@@@TT@TTTTTTT.........TTTT........TTTTTT@@@@@@@@@@@@@@@@@@@@@@@@
@@@@@@@@@@@@@@@@@@@@@@@@TTTT@@@@@@@@@@@@@@@@@@@@@@@@@@@TTTTTT.....................................................T@@@@@@@@@@@@@@@@@@TTT@TTTTTTT.......TTTTT.T......TTTTTT@@@@@@@@@@@@@@@@@@@@@@@@
@@@@@@@@@@@@@@@@@@@@@@@@@TT@@@@@@@@@@@@@@@@@@@@@@@@@@@TTT@TT......................................................T@@@@@@@@@@@@@@@@@@@TT@TTTTTTT.....T.TTTTTTTTTT..TTTTTT@@@@@@@@@@@@@@@@@@@@@@@@@
@@@@@@@@@@@@@@@@@@@@@@@@@TTT@TT@@@@@@@@@@@@@@@@@@@@@@@TT@TTT......................................................T@@@@@@@@@@@@@@@@@@@TTT@TTTTTTTT..TT..TTTTTTTTT..TTTTT@@@@@@@@@@@@@@@@@@@@@@@@@@
@@@@@@@@@@@@@@@@@@@@@@@@@@TTTTT@@@@@@@@@@@@@@@@@@@@@@TTT@TT......................................................TT@@@@@@@@@@@@@@@@@@@@TT@TTTTTTTTT......TTTTTT....TTTTT@@@@@@@@@@@@@@@@@@@@@@@@@@
@@@@@@@@@@@@@@@@@@@@@@@@@@@@TTT@@@@@@@@@@@@@@@@@@@@@@TT@TT......................................................TTT@@@@@@@@@@@@@@@@@@@@@TT@TTTTTTT.....TTTTTTTT....TTT@@@@@@@@@@@@@@@@@@@@@@@@@@@@
@@@@@@@@@@@@@@@@@@@@@@@@@@@@@TTT@@@@@@@@@@@@@@@@@@@@TTT@TT......................................................TT@@@@@@@@@@@@@@@@@@@@@@TTTTTTTTTT....TTTT@TTTTTT.TTT@@@@@@@@@@@@@@@@@@@@@@@@@@@@@
@@@@@@@@@@@@@@@@@@@@@@@@@@@@@@@TT@@@@@@@@@@@@@@@@@@@TT@TT........................................................T@@@@@@@@@@@@@@@@@@@@@@@TT@TT@TTTTTTTTTTT@TTTTTT.T@@@@@@@@@@@@@@@@@@@@@@@@@@@@@@@
@@@@@@@@@@@@@@@@@@@@@@@@@@@@@@@@@TT@@@@@@@@@@@@@@@@TT@TTT........................................................T@@@@@@@@@@@@@@@@@@@@@@@TTT@TTTTTTTTTTTT@@@TTTTT@@@@@@@@@@@@@@@@@@@@@@@@@@@@@@@@@
@@@@@@@@@@@@@@@@@@@@@@@@@@@@@@@@@@@T@@@@@@@@@@@@@@TTT@TT........................................................TT@@@@@@@@@@@@@@@@@@@@@@@@TT@TTTTTTTTTT@@@@@TTT@@@@@@@@@@@@@@@@@@@@@@@@@@@@@@@@@@@
@@@@@@@@@@@@@@@@@@@@@@@@@@@@@@@@@@@@TT@@@@@@@@@@@@TT@TTT........................................................T@@@@@@@@@@@@@@@@@@@@@@@@@TTT@TTTT@@TT@@@@@@TT@@@@@@@@@@@@@@@@@@@@@@@@@@@@@@@@@@@@
@@@@@@@@@@@@@@@@@@@@@@@@@@@@@@@@@@@@@@TT@@@@@@@@@TTT@TT........................................................TT@@@@@@@@@@@@@@@@@@@@@@@@@@TT@TTT@@@@@@@T@@T@@@@@@@@@@@@@@@@@@@@@@@@@@@@@@@@@@@@@@
@@@@@@@@@@@@@@@@@@@@@@@@@@@@@@@@@@@@@@@@TT@@@@@@@TT@TT.......................................................TTTT@@@@@@@@@@@@@@@@@@@@@@@@@@@TT@TT@@@@@TTTT@@@@@@@@@@@@@@@@@@@@@@@@@@@@@@@@@@@@@@@@
@@@@@@@@@@@@@@@@@@@@@@@@@@@@@@@@@@@@@@@@@@T@@@@TTTT@TT................TTT....................................TTTT@@@@@@@@@@@@@@@@@@@@@@@@@@@TTT@TTTT@@TT@@@@@@@@@@@@@@@@@@@@@@@@@@@@@@@@@@@@@@@@@@
@@@@@@@@@@@@@@@@@@@@@@@@@@@@@@@@@@@@@@@@@@@TT@TTTTTTT.................TTT....................................TTTT@@@@@@@@@@@@@@@@@@@@@@@@@@@@TTTTTTT@TT@@@@@@@@@@@@@@@@@@@@@@@@@@@@@@@@@@@@@@@@@@@
@@@@@@@@@@@@@@@@@@@@@@@@@@@@@@@@@@@@@@@@@@@@@TTTTTTTT.................TT.......TT............................TTTT@@@@@@@@@@@@@@@@@@@@@@@@@@@@TTTTTTTT@@@@@@@@@@@@@@@@@@@@@@@@@@@@@@@@@@@@@@@@@@@@@
@@@@@@@@@@@@@@@@@@@@@@@@@@@@@@@@@@@@@@@@@@@@@@@TTTTTTT...............TTT......TTT.............................TTT@@@@@@@@@@@@@@@@@@@@@@@@@@@@TTTTTT@@@@@@@@@@@@@@@@@@@@@@@@@@@@@@@@@@@@@@@@@@@@@@@
@@@@@@@@@@@@@@@@@@@@@@@@@@@@@@@@@@@@@@@@@@@@@@@@@TTTT................TTT......TTT..............................T@@@@@@@@@@@@@@@@@@@@@@@@@@@@@TTTT@@@@@@@@@@@@@@@@@@@@@@@@@@@@@@@@@@@@@@@@@@@@@@@@@
@@@@@@@@@@@@@@@@@@@@@@@@@@@@@@@@@@@@@@@@@@@@@@@@@@TTT................TTT......TT...............................T@@@@@@@@@@@@@@@@@@@@@@@@@@@@@@TT@@@@@@@@@@@@@@@@@@@@@@@@@@@@@@@@@@@@@@@@@@@@@@@@@@
@@@@@@@@@@@@@@@@@@@@@@@@@@@@@@@@@@@@@@@@@@@@@@@@@@@@TT...............TT.......TT...............................T@@@@@@@@@@@@@@@@@@@@@@@@@@@@@T@@@@@@@@@@@@@@@@@@@@@@@@@@@@@@@@@@@@@@@@@@@@@@@@@@@@
@@@@@@@@@@@@@@@@@@@@@@@@@@@@@@@@@@@@@@@@@@@@@@@@@@@@@@T.............TTT......TTT...............................T@@@@@@@@@@@@@@@@@@@@@@@@@@@T@@@@@@@@@@@@@@@@@@@@@@@@@@@@@@@@@@@@@@@@@@@@@@@@@@@@@@
@@@@@@@@@@@@@@@@@@@@@@@@@@@@@@@@@@@@@@@@@@@@@@@@@@@@@@@@T...........TTT......TTT...............................T@@@@@@@@@@@@@@@@@@@@@@@@@TT@@@@@@@@@@@@@@@@@@@@@@@@@@@@@@@@@@@@@@@@@@@@@@@@@@@@@@@
@@@@@@@@@@@@@@@@@@@@@@@@@@@@@@@@@@@@@@@@@@@@@@@@@@@@@@@@@TT.........TT.......TT...............................TTT@@@@@@@@@@@@@@@@@@@@@@@T@@@@@@@@@@@@@@@@@@@@@@@@@@@@@@@@@@@@@@@@@@@@@@@@@@@@@@@@@
@@@@@@@@@@@@@@@@@@@@@@@@@@@@@@@@@@@@@@@@@@@@@@@@@@@@@@@@@@@TT......TTT......TTT...............................TTT@@@@@@@@@@@@@@@@@@@@@T@@@@@@@@@@@@@@@@@@@@@@@@@@@@@@@@@@@@@@@@@@@@@@@@@@@@@@@@@@@
@@@@@@@@@@@@@@@@@@@@@@@@@@@@@@@@@@@@@@@@@@@@@@@@@@@@@@@@@@@@@T.....TTT......TTT................................T@@@@@@@@@@@@@@@@@@@@T@@@@@@@@@@@@@@@@@@@@@@@@@@@@@@@@@@@@@@@@@@@@@@@@@@@@@@@@@@@@@
@@@@@@@@@@@@@@@@@@@@@@@@@@@@@@@@@@@@@@@@@@@@@@@@@@@@@@@@@@@@@@TT...TTT......TTT................................T@@@@@@@@@@@@@@@@@@TT@@@@@@@@@@@@@@@@@@@@@@@@@@@@@@@@@@@@@@@@@@@@@@@@@@@@@@@@@@@@@@
@@@@@@@@@@@@@@@@@@@@@@@@@@@@@@@@@@@@@@@@@@@@@@@@@@@@@@@@@@@@@@@@TT.TT.......TT.................................T@@@@@@@@@@@@TT@@@T@@@@@@@@@@@@@@@@@@@@@@@@@@@@@@@@@@@@@@@@@@@@@@@@@@@@@@@@@@@@@@@@
@@@@@@@@@@@@@@@@@@@@@@@@@@@@@@@@@@@@@@@@@@@@@@@@@@@@@@@@@@@@@@@@@@TT@......TTT...............TTTTTTTT..........T@@@@@@@@@@@TTTTT@@@@@@@@@@@@@@@@@@@@@@@@@@@@@@@@@@@@@@@@@@@@@@@@@@@@@@@@@@@@@@@@@@
@@@@@@@@@@@@@@@@@@@@@@@@@@@@@@@@@@@@@@@@@@@@@@@@@@@@@@@@@@@@@@@@@@@@@@@@@..TTT...............TTTTTTTT.........TTT@@@@@@TT@@TTT@@@@@@@@@@@@@@@@@@@@@@@@@@@@@@@@@@@@@@@@@@@@@@@@@@@@@@@@@@@@@@@@@@@@
@@@@@@@@@@@@@@@@@@@@@@@@@@@@@@@@@@@@@@@@@@@@@@@@@@@@@@@@@@@@@@@@@@@@@@@@@@@TTT...............TTTTTTTT.........TTT@@@@TTTTTTTT@@@@@@@@@@@@@@@@@@@@@@@@@@@@@@@@@@@@@@@@@@@@@@@@@@@@@@@@@@@@@@@@@@@@@
@@@@@@@@@@@@@@@@@@@@@@@@@@@@@@@@@@@@@@@@@@@@@@@@@@@@@@@@@@@@@@@@@@@@@@@@@@@TTTTTTTTTTTTTTTTTTTTTTTTTTTTTTTTTTTTTTTTTTTTTTTT@@@@@@@@@@@@@@@@@@@@@@@@@@@@@@@@@@@@@@@@@@@@@@@@@@@@@@@@@@@@@@@@@@@@@@@
